Archive member included to satisfy reference by file (symbol)

C:/MaximSDK/Libraries/PeriphDrivers/bin/MAX78000/spi-v1_softfp/libPeriphDriver_spi-v1_softfp.a(mxc_delay.o)
                              c:/Users/thady/OneDrive/Desktop/4th_Year_1st_Sem/187.1/Led_Sequence/GPIO/build/main.o (MXC_Delay)
C:/MaximSDK/Libraries/PeriphDrivers/bin/MAX78000/spi-v1_softfp/libPeriphDriver_spi-v1_softfp.a(nvic_table.o)
                              c:/Users/thady/OneDrive/Desktop/4th_Year_1st_Sem/187.1/Led_Sequence/GPIO/build/camera.o (MXC_NVIC_SetVector)
C:/MaximSDK/Libraries/PeriphDrivers/bin/MAX78000/spi-v1_softfp/libPeriphDriver_spi-v1_softfp.a(pins_ai85.o)
                              c:/Users/thady/OneDrive/Desktop/4th_Year_1st_Sem/187.1/Led_Sequence/GPIO/build/camera.o (gpio_cfg_pcif_xclk)
C:/MaximSDK/Libraries/PeriphDrivers/bin/MAX78000/spi-v1_softfp/libPeriphDriver_spi-v1_softfp.a(sys_ai85.o)
                              c:/Users/thady/OneDrive/Desktop/4th_Year_1st_Sem/187.1/Led_Sequence/GPIO/build/board.o (MXC_SYS_ClockEnable)
C:/MaximSDK/Libraries/PeriphDrivers/bin/MAX78000/spi-v1_softfp/libPeriphDriver_spi-v1_softfp.a(aes_me17.o)
                              C:/MaximSDK/Libraries/PeriphDrivers/bin/MAX78000/spi-v1_softfp/libPeriphDriver_spi-v1_softfp.a(sys_ai85.o) (MXC_AES_Init)
C:/MaximSDK/Libraries/PeriphDrivers/bin/MAX78000/spi-v1_softfp/libPeriphDriver_spi-v1_softfp.a(aes_revb.o)
                              C:/MaximSDK/Libraries/PeriphDrivers/bin/MAX78000/spi-v1_softfp/libPeriphDriver_spi-v1_softfp.a(aes_me17.o) (MXC_AES_RevB_Init)
C:/MaximSDK/Libraries/PeriphDrivers/bin/MAX78000/spi-v1_softfp/libPeriphDriver_spi-v1_softfp.a(cameraif_ai85.o)
                              c:/Users/thady/OneDrive/Desktop/4th_Year_1st_Sem/187.1/Led_Sequence/GPIO/build/camera.o (MXC_PCIF_Init)
C:/MaximSDK/Libraries/PeriphDrivers/bin/MAX78000/spi-v1_softfp/libPeriphDriver_spi-v1_softfp.a(cameraif_reva.o)
                              C:/MaximSDK/Libraries/PeriphDrivers/bin/MAX78000/spi-v1_softfp/libPeriphDriver_spi-v1_softfp.a(cameraif_ai85.o) (MXC_PCIF_RevA_SetDatawidth)
C:/MaximSDK/Libraries/PeriphDrivers/bin/MAX78000/spi-v1_softfp/libPeriphDriver_spi-v1_softfp.a(dma_me17.o)
                              C:/MaximSDK/Libraries/PeriphDrivers/bin/MAX78000/spi-v1_softfp/libPeriphDriver_spi-v1_softfp.a(aes_revb.o) (MXC_DMA_Init)
C:/MaximSDK/Libraries/PeriphDrivers/bin/MAX78000/spi-v1_softfp/libPeriphDriver_spi-v1_softfp.a(dma_reva.o)
                              C:/MaximSDK/Libraries/PeriphDrivers/bin/MAX78000/spi-v1_softfp/libPeriphDriver_spi-v1_softfp.a(dma_me17.o) (MXC_DMA_RevA_Init)
C:/MaximSDK/Libraries/PeriphDrivers/bin/MAX78000/spi-v1_softfp/libPeriphDriver_spi-v1_softfp.a(flc_me17.o)
                              C:/MaximSDK/Libraries/PeriphDrivers/bin/MAX78000/spi-v1_softfp/libPeriphDriver_spi-v1_softfp.a(sys_ai85.o) (MXC_FLC_UnlockInfoBlock)
C:/MaximSDK/Libraries/PeriphDrivers/bin/MAX78000/spi-v1_softfp/libPeriphDriver_spi-v1_softfp.a(flc_reva.o)
                              C:/MaximSDK/Libraries/PeriphDrivers/bin/MAX78000/spi-v1_softfp/libPeriphDriver_spi-v1_softfp.a(flc_me17.o) (MXC_FLC_RevA_Busy)
C:/MaximSDK/Libraries/PeriphDrivers/bin/MAX78000/spi-v1_softfp/libPeriphDriver_spi-v1_softfp.a(gpio_ai85.o)
                              c:/Users/thady/OneDrive/Desktop/4th_Year_1st_Sem/187.1/Led_Sequence/GPIO/build/main.o (MXC_GPIO_Config)
C:/MaximSDK/Libraries/PeriphDrivers/bin/MAX78000/spi-v1_softfp/libPeriphDriver_spi-v1_softfp.a(gpio_reva.o)
                              C:/MaximSDK/Libraries/PeriphDrivers/bin/MAX78000/spi-v1_softfp/libPeriphDriver_spi-v1_softfp.a(gpio_ai85.o) (MXC_GPIO_RevA_InGet)
C:/MaximSDK/Libraries/PeriphDrivers/bin/MAX78000/spi-v1_softfp/libPeriphDriver_spi-v1_softfp.a(icc_me17.o)
                              c:/Users/thady/OneDrive/Desktop/4th_Year_1st_Sem/187.1/Led_Sequence/GPIO/build/system_max78000.o (MXC_ICC_Enable)
C:/MaximSDK/Libraries/PeriphDrivers/bin/MAX78000/spi-v1_softfp/libPeriphDriver_spi-v1_softfp.a(icc_reva.o)
                              C:/MaximSDK/Libraries/PeriphDrivers/bin/MAX78000/spi-v1_softfp/libPeriphDriver_spi-v1_softfp.a(icc_me17.o) (MXC_ICC_RevA_ID)
C:/MaximSDK/Libraries/PeriphDrivers/bin/MAX78000/spi-v1_softfp/libPeriphDriver_spi-v1_softfp.a(pt_ai85.o)
                              c:/Users/thady/OneDrive/Desktop/4th_Year_1st_Sem/187.1/Led_Sequence/GPIO/build/camera.o (MXC_PT_Init)
C:/MaximSDK/Libraries/PeriphDrivers/bin/MAX78000/spi-v1_softfp/libPeriphDriver_spi-v1_softfp.a(pt_reva.o)
                              C:/MaximSDK/Libraries/PeriphDrivers/bin/MAX78000/spi-v1_softfp/libPeriphDriver_spi-v1_softfp.a(pt_ai85.o) (MXC_PT_RevA_Init)
C:/MaximSDK/Libraries/PeriphDrivers/bin/MAX78000/spi-v1_softfp/libPeriphDriver_spi-v1_softfp.a(spi_me17.o)
                              c:/Users/thady/OneDrive/Desktop/4th_Year_1st_Sem/187.1/Led_Sequence/GPIO/build/board.o (MXC_SPI_Init)
[...]
Memory Configuration

Name             Origin             Length             Attributes
ROM              0x00000000         0x00010000         xr
FLASH            0x10000000         0x00080000         xr
SRAM             0x20000000         0x00020000         xrw
*default*        0x00000000         0xffffffff

Linker script and memory map

LOAD c:/maximsdk/tools/gnutools/10.3/bin/../lib/gcc/arm-none-eabi/10.3.1/thumb/v7e-m+fp/softfp/crti.o
LOAD c:/maximsdk/tools/gnutools/10.3/bin/../lib/gcc/arm-none-eabi/10.3.1/thumb/v7e-m+fp/softfp/crtbegin.o
LOAD c:/maximsdk/tools/gnutools/10.3/bin/../lib/gcc/arm-none-eabi/10.3.1/../../../../arm-none-eabi/lib/thumb/v7e-m+fp/softfp/crt0.o
LOAD c:/Users/thady/OneDrive/Desktop/4th_Year_1st_Sem/187.1/Led_Sequence/GPIO/build/main.o
LOAD c:/Users/thady/OneDrive/Desktop/4th_Year_1st_Sem/187.1/Led_Sequence/GPIO/build/board.o
LOAD c:/Users/thady/OneDrive/Desktop/4th_Year_1st_Sem/187.1/Led_Sequence/GPIO/build/stdio.o
LOAD c:/Users/thady/OneDrive/Desktop/4th_Year_1st_Sem/187.1/Led_Sequence/GPIO/build/led.o
LOAD c:/Users/thady/OneDrive/Desktop/4th_Year_1st_Sem/187.1/Led_Sequence/GPIO/build/pb.o
LOAD c:/Users/thady/OneDrive/Desktop/4th_Year_1st_Sem/187.1/Led_Sequence/GPIO/build/tft_ssd2119.o
LOAD c:/Users/thady/OneDrive/Desktop/4th_Year_1st_Sem/187.1/Led_Sequence/GPIO/build/tsc2046.o
LOAD c:/Users/thady/OneDrive/Desktop/4th_Year_1st_Sem/187.1/Led_Sequence/GPIO/build/camera.o
LOAD c:/Users/thady/OneDrive/Desktop/4th_Year_1st_Sem/187.1/Led_Sequence/GPIO/build/ov7692.o
LOAD c:/Users/thady/OneDrive/Desktop/4th_Year_1st_Sem/187.1/Led_Sequence/GPIO/build/sccb.o
LOAD c:/Users/thady/OneDrive/Desktop/4th_Year_1st_Sem/187.1/Led_Sequence/GPIO/build/startup_max78000.o
LOAD c:/Users/thady/OneDrive/Desktop/4th_Year_1st_Sem/187.1/Led_Sequence/GPIO/build/heap.o
LOAD c:/Users/thady/OneDrive/Desktop/4th_Year_1st_Sem/187.1/Led_Sequence/GPIO/build/system_max78000.o
START GROUP
LOAD C:/MaximSDK/Libraries/PeriphDrivers/bin/MAX78000/spi-v1_softfp/libPeriphDriver_spi-v1_softfp.a
LOAD c:/maximsdk/tools/gnutools/10.3/bin/../lib/gcc/arm-none-eabi/10.3.1/../../../../arm-none-eabi/lib/thumb/v7e-m+fp/softfp\libc.a
LOAD c:/maximsdk/tools/gnutools/10.3/bin/../lib/gcc/arm-none-eabi/10.3.1/../../../../arm-none-eabi/lib/thumb/v7e-m+fp/softfp\libm.a
LOAD c:/maximsdk/tools/gnutools/10.3/bin/../lib/gcc/arm-none-eabi/10.3.1/../../../../arm-none-eabi/lib/thumb/v7e-m+fp/softfp\libnosys.a
END GROUP
START GROUP
LOAD c:/maximsdk/tools/gnutools/10.3/bin/../lib/gcc/arm-none-eabi/10.3.1/thumb/v7e-m+fp/softfp\libgcc.a
LOAD c:/maximsdk/tools/gnutools/10.3/bin/../lib/gcc/arm-none-eabi/10.3.1/../../../../arm-none-eabi/lib/thumb/v7e-m+fp/softfp\libc.a
END GROUP
LOAD c:/maximsdk/tools/gnutools/10.3/bin/../lib/gcc/arm-none-eabi/10.3.1/thumb/v7e-m+fp/softfp/crtend.o
LOAD c:/maximsdk/tools/gnutools/10.3/bin/../lib/gcc/arm-none-eabi/10.3.1/thumb/v7e-m+fp/softfp/crtn.o

.rom
 *(.rom_vector)
 *(.rom_handlers*)

.text           0x10000000     0x8d3c
                0x10000000                _text = .
 *(.isr_vector)
 .isr_vector    0x10000000      0x1e0 c:/Users/thady/OneDrive/Desktop/4th_Year_1st_Sem/187.1/Led_Sequence/GPIO/build/startup_max78000.o
                0x10000000                __isr_vector
 EXCLUDE_FILE(*riscv.o) *(.text*)
 .text          0x100001e0       0x40 c:/maximsdk/tools/gnutools/10.3/bin/../lib/gcc/arm-none-eabi/10.3.1/thumb/v7e-m+fp/softfp/crtbegin.o
 .text.startup.main
                0x10000220       0xac c:/Users/thady/OneDrive/Desktop/4th_Year_1st_Sem/187.1/Led_Sequence/GPIO/build/main.o
                0x10000220                main
 .text.mxc_assert
                0x100002cc       0x10 c:/Users/thady/OneDrive/Desktop/4th_Year_1st_Sem/187.1/Led_Sequence/GPIO/build/board.o
                0x100002cc                mxc_assert
 .text.GPIO2_IRQHandler
                0x100002dc        0x8 c:/Users/thady/OneDrive/Desktop/4th_Year_1st_Sem/187.1/Led_Sequence/GPIO/build/board.o
                0x100002dc                GPIO2_IRQHandler
 .text.GPIO0_IRQHandler
                0x100002e4        0x8 c:/Users/thady/OneDrive/Desktop/4th_Year_1st_Sem/187.1/Led_Sequence/GPIO/build/board.o
                0x100002e4                GPIO0_IRQHandler
 .text.Board_Init
                0x100002ec       0xec c:/Users/thady/OneDrive/Desktop/4th_Year_1st_Sem/187.1/Led_Sequence/GPIO/build/board.o
                0x100002ec                Board_Init
 .text.NMI_Handler
                0x100003d8        0x4 c:/Users/thady/OneDrive/Desktop/4th_Year_1st_Sem/187.1/Led_Sequence/GPIO/build/board.o
                0x100003d8                NMI_Handler
 .text._close   0x100003dc        0x8 c:/Users/thady/OneDrive/Desktop/4th_Year_1st_Sem/187.1/Led_Sequence/GPIO/build/stdio.o
                0x100003dc                _close
 .text._isatty  0x100003e4        0x8 c:/Users/thady/OneDrive/Desktop/4th_Year_1st_Sem/187.1/Led_Sequence/GPIO/build/stdio.o
                0x100003e4                _isatty
 .text._lseek   0x100003ec        0x8 c:/Users/thady/OneDrive/Desktop/4th_Year_1st_Sem/187.1/Led_Sequence/GPIO/build/stdio.o
                0x100003ec                _lseek
 .text._fstat   0x100003f4        0x8 c:/Users/thady/OneDrive/Desktop/4th_Year_1st_Sem/187.1/Led_Sequence/GPIO/build/stdio.o
                0x100003f4                _fstat
 .text._read    0x100003fc       0x50 c:/Users/thady/OneDrive/Desktop/4th_Year_1st_Sem/187.1/Led_Sequence/GPIO/build/stdio.o
                0x100003fc                _read
 .text._write   0x1000044c       0x54 c:/Users/thady/OneDrive/Desktop/4th_Year_1st_Sem/187.1/Led_Sequence/GPIO/build/stdio.o
                0x1000044c                _write
 .text.LED_Init
                0x100004a0       0x40 c:/Users/thady/OneDrive/Desktop/4th_Year_1st_Sem/187.1/Led_Sequence/GPIO/build/led.o
                0x100004a0                LED_Init
 .text.PB_Init  0x100004e0       0x68 c:/Users/thady/OneDrive/Desktop/4th_Year_1st_Sem/187.1/Led_Sequence/GPIO/build/pb.o
                0x100004e0                PB_Init
 .text.MXC_TFT_PreInit
                0x10000548       0x78 c:/Users/thady/OneDrive/Desktop/4th_Year_1st_Sem/187.1/Led_Sequence/GPIO/build/tft_ssd2119.o
                0x10000548                MXC_TFT_PreInit
 .text.MXC_TS_PreInit
                0x100005c0       0x44 c:/Users/thady/OneDrive/Desktop/4th_Year_1st_Sem/187.1/Led_Sequence/GPIO/build/tsc2046.o
                0x100005c0                MXC_TS_PreInit
 .text          0x10000604      0x148 c:/Users/thady/OneDrive/Desktop/4th_Year_1st_Sem/187.1/Led_Sequence/GPIO/build/startup_max78000.o
                0x10000604                Reset_Handler
                0x10000642                HardFault_Handler
                0x10000644                MemManage_Handler
                0x10000646                BusFault_Handler
                0x10000648                UsageFault_Handler
                0x1000064a                SVC_Handler
                0x1000064c                DebugMon_Handler
                0x1000064e                PendSV_Handler
                0x10000650                SysTick_Handler
                0x10000652                Default_Handler
                0x10000654                PF_IRQHandler
                0x10000656                WDT0_IRQHandler
                0x10000658                RSV02_IRQHandler
                0x1000065a                RTC_IRQHandler
                0x1000065c                TRNG_IRQHandler
                0x1000065e                TMR0_IRQHandler
                0x10000660                TMR1_IRQHandler
                0x10000662                TMR2_IRQHandler
                0x10000664                TMR3_IRQHandler
                0x10000666                TMR4_IRQHandler
                0x10000668                TMR5_IRQHandler
                0x1000066a                RSV11_IRQHandler
                0x1000066c                RSV12_IRQHandler
                0x1000066e                I2C0_IRQHandler
                0x10000670                UART0_IRQHandler
                0x10000672                UART1_IRQHandler
                0x10000674                SPI1_IRQHandler
                0x10000676                RSV17_IRQHandler
                0x10000678                RSV18_IRQHandler
                0x1000067a                RSV19_IRQHandler
                0x1000067c                ADC_IRQHandler
                0x1000067e                RSV21_IRQHandler
                0x10000680                RSV22_IRQHandler
                0x10000682                FLC0_IRQHandler
                0x10000686                GPIO1_IRQHandler
                0x1000068a                RSV27_IRQHandler
                0x1000068c                DMA0_IRQHandler
                0x1000068e                DMA1_IRQHandler
                0x10000690                DMA2_IRQHandler
                0x10000692                DMA3_IRQHandler
                0x10000694                RSV32_IRQHandler
                0x10000696                RSV33_IRQHandler
                0x10000698                UART2_IRQHandler
                0x1000069a                RSV35_IRQHandler
                0x1000069c                I2C1_IRQHandler
                0x1000069e                RSV37_IRQHandler
                0x100006a0                RSV38_IRQHandler
                0x100006a2                RSV39_IRQHandler
                0x100006a4                RSV40_IRQHandler
                0x100006a6                RSV41_IRQHandler
                0x100006a8                RSV42_IRQHandler
                0x100006aa                RSV43_IRQHandler
                0x100006ac                RSV44_IRQHandler
                0x100006ae                RSV45_IRQHandler
                0x100006b0                RSV46_IRQHandler
                0x100006b2                RSV47_IRQHandler
                0x100006b4                RSV48_IRQHandler
                0x100006b6                RSV49_IRQHandler
                0x100006b8                RSV50_IRQHandler
                0x100006ba                RSV51_IRQHandler
                0x100006bc                RSV52_IRQHandler
                0x100006be                WUT_IRQHandler
                0x100006c0                GPIOWAKE_IRQHandler
                0x100006c2                RSV55_IRQHandler
                0x100006c4                SPI0_IRQHandler
                0x100006c6                WDT1_IRQHandler
                0x100006c8                RSV58_IRQHandler
                0x100006ca                PT_IRQHandler
                0x100006cc                RSV60_IRQHandler
                0x100006ce                RSV61_IRQHandler
                0x100006d0                I2C2_IRQHandler
                0x100006d2                RISCV_IRQHandler
                0x100006d4                RSV64_IRQHandler
                0x100006d6                RSV65_IRQHandler
                0x100006d8                RSV66_IRQHandler
                0x100006da                OWM_IRQHandler
                0x100006dc                RSV68_IRQHandler
                0x100006de                RSV69_IRQHandler
                0x100006e0                RSV70_IRQHandler
                0x100006e2                RSV71_IRQHandler
                0x100006e4                RSV72_IRQHandler
                0x100006e6                RSV73_IRQHandler
                0x100006e8                RSV74_IRQHandler
                0x100006ea                RSV75_IRQHandler
                0x100006ec                RSV76_IRQHandler
                0x100006ee                RSV77_IRQHandler
                0x100006f0                RSV78_IRQHandler
                0x100006f2                RSV79_IRQHandler
                0x100006f4                RSV80_IRQHandler
                0x100006f6                RSV81_IRQHandler
                0x100006f8                ECC_IRQHandler
                0x100006fa                DVS_IRQHandler
                0x100006fc                SIMO_IRQHandler
                0x100006fe                RSV85_IRQHandler
                0x10000700                RSV86_IRQHandler
                0x10000702                RSV87_IRQHandler
                0x10000704                UART3_IRQHandler
                0x10000706                RSV89_IRQHandler
                0x10000708                RSV90_IRQHandler
                0x1000070a                PCIF_IRQHandler
                0x1000070c                RSV92_IRQHandler
                0x1000070e                RSV93_IRQHandler
                0x10000710                RSV94_IRQHandler
                0x10000712                RSV95_IRQHandler
                0x10000714                RSV96_IRQHandler
                0x10000716                AES_IRQHandler
                0x10000718                RSV98_IRQHandler
                0x1000071a                I2S_IRQHandler
                0x1000071c                CNN_FIFO_IRQHandler
                0x1000071e                CNN_IRQHandler
                0x10000720                RSV102_IRQHandler
                0x10000722                LPCMP_IRQHandler
 .text._sbrk    0x1000074c       0x3c c:/Users/thady/OneDrive/Desktop/4th_Year_1st_Sem/187.1/Led_Sequence/GPIO/build/heap.o
                0x1000074c                _sbrk
 .text._getpid  0x10000788        0x8 c:/Users/thady/OneDrive/Desktop/4th_Year_1st_Sem/187.1/Led_Sequence/GPIO/build/system_max78000.o
                0x10000788                _getpid
 .text._kill    0x10000790        0x8 c:/Users/thady/OneDrive/Desktop/4th_Year_1st_Sem/187.1/Led_Sequence/GPIO/build/system_max78000.o
                0x10000790                _kill
 .text.SystemCoreClockUpdate
                0x10000798       0x68 c:/Users/thady/OneDrive/Desktop/4th_Year_1st_Sem/187.1/Led_Sequence/GPIO/build/system_max78000.o
                0x10000798                SystemCoreClockUpdate
 .text.PreInit  0x10000800        0x4 c:/Users/thady/OneDrive/Desktop/4th_Year_1st_Sem/187.1/Led_Sequence/GPIO/build/system_max78000.o
                0x10000800                PreInit
 .text.PinInit  0x10000804        0x4 c:/Users/thady/OneDrive/Desktop/4th_Year_1st_Sem/187.1/Led_Sequence/GPIO/build/system_max78000.o
                0x10000804                PinInit
 .text.SystemInit
                0x10000808       0x3c c:/Users/thady/OneDrive/Desktop/4th_Year_1st_Sem/187.1/Led_Sequence/GPIO/build/system_max78000.o
                0x10000808                SystemInit
 .text.MXC_DelayInit
                0x10000844       0x7c C:/MaximSDK/Libraries/PeriphDrivers/bin/MAX78000/spi-v1_softfp/libPeriphDriver_spi-v1_softfp.a(mxc_delay.o)
 .text.MXC_DelayAsync
                0x100008c0       0x3c C:/MaximSDK/Libraries/PeriphDrivers/bin/MAX78000/spi-v1_softfp/libPeriphDriver_spi-v1_softfp.a(mxc_delay.o)
                0x100008c0                MXC_DelayAsync
 .text.MXC_DelayCheck
                0x100008fc       0x70 C:/MaximSDK/Libraries/PeriphDrivers/bin/MAX78000/spi-v1_softfp/libPeriphDriver_spi-v1_softfp.a(mxc_delay.o)
                0x100008fc                MXC_DelayCheck
 .text.MXC_DelayAbort
                0x1000096c       0x34 C:/MaximSDK/Libraries/PeriphDrivers/bin/MAX78000/spi-v1_softfp/libPeriphDriver_spi-v1_softfp.a(mxc_delay.o)
                0x1000096c                MXC_DelayAbort
 .text.MXC_Delay
                0x100009a0       0x74 C:/MaximSDK/Libraries/PeriphDrivers/bin/MAX78000/spi-v1_softfp/libPeriphDriver_spi-v1_softfp.a(mxc_delay.o)
                0x100009a0                MXC_Delay
 .text.MXC_SYS_ClockDisable
                0x10000a14       0x44 C:/MaximSDK/Libraries/PeriphDrivers/bin/MAX78000/spi-v1_softfp/libPeriphDriver_spi-v1_softfp.a(sys_ai85.o)
                0x10000a14                MXC_SYS_ClockDisable
 .text.MXC_SYS_ClockEnable
                0x10000a58       0x4c C:/MaximSDK/Libraries/PeriphDrivers/bin/MAX78000/spi-v1_softfp/libPeriphDriver_spi-v1_softfp.a(sys_ai85.o)
                0x10000a58                MXC_SYS_ClockEnable
 .text.MXC_SYS_ClockSourceEnable
                0x10000aa4       0xf4 C:/MaximSDK/Libraries/PeriphDrivers/bin/MAX78000/spi-v1_softfp/libPeriphDriver_spi-v1_softfp.a(sys_ai85.o)
                0x10000aa4                MXC_SYS_ClockSourceEnable
 .text.MXC_SYS_Reset_Periph
                0x10000b98       0x50 C:/MaximSDK/Libraries/PeriphDrivers/bin/MAX78000/spi-v1_softfp/libPeriphDriver_spi-v1_softfp.a(sys_ai85.o)
                0x10000b98                MXC_SYS_Reset_Periph
 .text.MXC_GPIO_Init
                0x10000be8       0x40 C:/MaximSDK/Libraries/PeriphDrivers/bin/MAX78000/spi-v1_softfp/libPeriphDriver_spi-v1_softfp.a(gpio_ai85.o)
                0x10000be8                MXC_GPIO_Init
 .text.MXC_GPIO_Config
                0x10000c28      0x234 C:/MaximSDK/Libraries/PeriphDrivers/bin/MAX78000/spi-v1_softfp/libPeriphDriver_spi-v1_softfp.a(gpio_ai85.o)
                0x10000c28                MXC_GPIO_Config
 .text.MXC_GPIO_OutSet
                0x10000e5c       0x30 C:/MaximSDK/Libraries/PeriphDrivers/bin/MAX78000/spi-v1_softfp/libPeriphDriver_spi-v1_softfp.a(gpio_ai85.o)
                0x10000e5c                MXC_GPIO_OutSet
 .text.MXC_GPIO_OutClr
                0x10000e8c       0x34 C:/MaximSDK/Libraries/PeriphDrivers/bin/MAX78000/spi-v1_softfp/libPeriphDriver_spi-v1_softfp.a(gpio_ai85.o)
                0x10000e8c                MXC_GPIO_OutClr
 .text.MXC_GPIO_Handler
                0x10000ec0        0x4 C:/MaximSDK/Libraries/PeriphDrivers/bin/MAX78000/spi-v1_softfp/libPeriphDriver_spi-v1_softfp.a(gpio_ai85.o)
                0x10000ec0                MXC_GPIO_Handler
 .text.MXC_GPIO_ClearFlags
                0x10000ec4       0x18 C:/MaximSDK/Libraries/PeriphDrivers/bin/MAX78000/spi-v1_softfp/libPeriphDriver_spi-v1_softfp.a(gpio_ai85.o)
                0x10000ec4                MXC_GPIO_ClearFlags
 .text.MXC_GPIO_GetFlags
                0x10000edc       0x18 C:/MaximSDK/Libraries/PeriphDrivers/bin/MAX78000/spi-v1_softfp/libPeriphDriver_spi-v1_softfp.a(gpio_ai85.o)
                0x10000edc                MXC_GPIO_GetFlags
 .text.MXC_GPIO_GetConfigLock
                0x10000ef4        0x4 C:/MaximSDK/Libraries/PeriphDrivers/bin/MAX78000/spi-v1_softfp/libPeriphDriver_spi-v1_softfp.a(gpio_ai85.o)
                0x10000ef4                MXC_GPIO_GetConfigLock
 .text.MXC_GPIO_RevA_OutSet
                0x10000ef8        0x4 C:/MaximSDK/Libraries/PeriphDrivers/bin/MAX78000/spi-v1_softfp/libPeriphDriver_spi-v1_softfp.a(gpio_reva.o)
                0x10000ef8                MXC_GPIO_RevA_OutSet
 .text.MXC_GPIO_RevA_OutClr
                0x10000efc        0x4 C:/MaximSDK/Libraries/PeriphDrivers/bin/MAX78000/spi-v1_softfp/libPeriphDriver_spi-v1_softfp.a(gpio_reva.o)
                0x10000efc                MXC_GPIO_RevA_OutClr
 .text.MXC_GPIO_RevA_ClearFlags
                0x10000f00        0x4 C:/MaximSDK/Libraries/PeriphDrivers/bin/MAX78000/spi-v1_softfp/libPeriphDriver_spi-v1_softfp.a(gpio_reva.o)
                0x10000f00                MXC_GPIO_RevA_ClearFlags
 .text.MXC_GPIO_RevA_GetFlags
                0x10000f04        0x4 C:/MaximSDK/Libraries/PeriphDrivers/bin/MAX78000/spi-v1_softfp/libPeriphDriver_spi-v1_softfp.a(gpio_reva.o)
                0x10000f04                MXC_GPIO_RevA_GetFlags
 .text.MXC_GPIO_RevA_SetVSSEL
                0x10000f08       0x40 C:/MaximSDK/Libraries/PeriphDrivers/bin/MAX78000/spi-v1_softfp/libPeriphDriver_spi-v1_softfp.a(gpio_reva.o)
                0x10000f08                MXC_GPIO_RevA_SetVSSEL
 .text.MXC_GPIO_RevA_SetAF
                0x10000f48       0x7c C:/MaximSDK/Libraries/PeriphDrivers/bin/MAX78000/spi-v1_softfp/libPeriphDriver_spi-v1_softfp.a(gpio_reva.o)
                0x10000f48                MXC_GPIO_RevA_SetAF
 .text.MXC_GPIO_RevA_SetDriveStrength
                0x10000fc4       0xa0 C:/MaximSDK/Libraries/PeriphDrivers/bin/MAX78000/spi-v1_softfp/libPeriphDriver_spi-v1_softfp.a(gpio_reva.o)
                0x10000fc4                MXC_GPIO_RevA_SetDriveStrength
 .text.MXC_ICC_Enable
                0x10001064        0x4 C:/MaximSDK/Libraries/PeriphDrivers/bin/MAX78000/spi-v1_softfp/libPeriphDriver_spi-v1_softfp.a(icc_me17.o)
                0x10001064                MXC_ICC_Enable
 .text.MXC_ICC_RevA_Enable
                0x10001068       0x30 C:/MaximSDK/Libraries/PeriphDrivers/bin/MAX78000/spi-v1_softfp/libPeriphDriver_spi-v1_softfp.a(icc_reva.o)
                0x10001068                MXC_ICC_RevA_Enable
 .text.MXC_UART_Shutdown
                0x10001098       0x70 C:/MaximSDK/Libraries/PeriphDrivers/bin/MAX78000/spi-v1_softfp/libPeriphDriver_spi-v1_softfp.a(uart_ai85.o)
                0x10001098                MXC_UART_Shutdown
 .text.MXC_UART_SetFrequency
                0x10001108       0x90 C:/MaximSDK/Libraries/PeriphDrivers/bin/MAX78000/spi-v1_softfp/libPeriphDriver_spi-v1_softfp.a(uart_ai85.o)
                0x10001108                MXC_UART_SetFrequency
 .text.MXC_UART_SetDataSize
                0x10001198        0x4 C:/MaximSDK/Libraries/PeriphDrivers/bin/MAX78000/spi-v1_softfp/libPeriphDriver_spi-v1_softfp.a(uart_ai85.o)
                0x10001198                MXC_UART_SetDataSize
 .text.MXC_UART_SetStopBits
                0x1000119c        0x4 C:/MaximSDK/Libraries/PeriphDrivers/bin/MAX78000/spi-v1_softfp/libPeriphDriver_spi-v1_softfp.a(uart_ai85.o)
                0x1000119c                MXC_UART_SetStopBits
 .text.MXC_UART_SetParity
                0x100011a0        0x4 C:/MaximSDK/Libraries/PeriphDrivers/bin/MAX78000/spi-v1_softfp/libPeriphDriver_spi-v1_softfp.a(uart_ai85.o)
                0x100011a0                MXC_UART_SetParity
 .text.MXC_UART_SetClockSource
                0x100011a4       0x60 C:/MaximSDK/Libraries/PeriphDrivers/bin/MAX78000/spi-v1_softfp/libPeriphDriver_spi-v1_softfp.a(uart_ai85.o)
                0x100011a4                MXC_UART_SetClockSource
 .text.MXC_UART_GetClockSource
                0x10001204       0x4c C:/MaximSDK/Libraries/PeriphDrivers/bin/MAX78000/spi-v1_softfp/libPeriphDriver_spi-v1_softfp.a(uart_ai85.o)
                0x10001204                MXC_UART_GetClockSource
 .text.MXC_UART_Init
                0x10001250       0xa0 C:/MaximSDK/Libraries/PeriphDrivers/bin/MAX78000/spi-v1_softfp/libPeriphDriver_spi-v1_softfp.a(uart_ai85.o)
                0x10001250                MXC_UART_Init
 .text.MXC_UART_ReadCharacterRaw
                0x100012f0        0x4 C:/MaximSDK/Libraries/PeriphDrivers/bin/MAX78000/spi-v1_softfp/libPeriphDriver_spi-v1_softfp.a(uart_ai85.o)
                0x100012f0                MXC_UART_ReadCharacterRaw
 .text.MXC_UART_WriteCharacterRaw
                0x100012f4        0x4 C:/MaximSDK/Libraries/PeriphDrivers/bin/MAX78000/spi-v1_softfp/libPeriphDriver_spi-v1_softfp.a(uart_ai85.o)
                0x100012f4                MXC_UART_WriteCharacterRaw
 .text.MXC_UART_ReadCharacter
                0x100012f8        0x4 C:/MaximSDK/Libraries/PeriphDrivers/bin/MAX78000/spi-v1_softfp/libPeriphDriver_spi-v1_softfp.a(uart_ai85.o)
                0x100012f8                MXC_UART_ReadCharacter
 .text.MXC_UART_WriteCharacter
                0x100012fc        0x4 C:/MaximSDK/Libraries/PeriphDrivers/bin/MAX78000/spi-v1_softfp/libPeriphDriver_spi-v1_softfp.a(uart_ai85.o)
                0x100012fc                MXC_UART_WriteCharacter
 .text.MXC_UART_GetRXFIFOAvailable
                0x10001300        0x4 C:/MaximSDK/Libraries/PeriphDrivers/bin/MAX78000/spi-v1_softfp/libPeriphDriver_spi-v1_softfp.a(uart_ai85.o)
                0x10001300                MXC_UART_GetRXFIFOAvailable
 .text.MXC_UART_GetTXFIFOAvailable
                0x10001304        0x4 C:/MaximSDK/Libraries/PeriphDrivers/bin/MAX78000/spi-v1_softfp/libPeriphDriver_spi-v1_softfp.a(uart_ai85.o)
                0x10001304                MXC_UART_GetTXFIFOAvailable
 .text.MXC_UART_SetRXThreshold
                0x10001308        0x4 C:/MaximSDK/Libraries/PeriphDrivers/bin/MAX78000/spi-v1_softfp/libPeriphDriver_spi-v1_softfp.a(uart_ai85.o)
                0x10001308                MXC_UART_SetRXThreshold
 .text.MXC_UART_Common_ReadCharacter
                0x1000130c       0x18 C:/MaximSDK/Libraries/PeriphDrivers/bin/MAX78000/spi-v1_softfp/libPeriphDriver_spi-v1_softfp.a(uart_common.o)
                0x1000130c                MXC_UART_Common_ReadCharacter
 .text.MXC_UART_Common_WriteCharacter
                0x10001324       0x1c C:/MaximSDK/Libraries/PeriphDrivers/bin/MAX78000/spi-v1_softfp/libPeriphDriver_spi-v1_softfp.a(uart_common.o)
                0x10001324                MXC_UART_Common_WriteCharacter
 .text.MXC_UART_RevB_Init
                0x10001340       0xe0 C:/MaximSDK/Libraries/PeriphDrivers/bin/MAX78000/spi-v1_softfp/libPeriphDriver_spi-v1_softfp.a(uart_revb.o)
                0x10001340                MXC_UART_RevB_Init
 .text.MXC_UART_RevB_SetFrequency
                0x10001420       0x1c C:/MaximSDK/Libraries/PeriphDrivers/bin/MAX78000/spi-v1_softfp/libPeriphDriver_spi-v1_softfp.a(uart_revb.o)
                0x10001420                MXC_UART_RevB_SetFrequency
 .text.MXC_UART_RevB_SetDataSize
                0x1000143c       0x20 C:/MaximSDK/Libraries/PeriphDrivers/bin/MAX78000/spi-v1_softfp/libPeriphDriver_spi-v1_softfp.a(uart_revb.o)
                0x1000143c                MXC_UART_RevB_SetDataSize
 .text.MXC_UART_RevB_SetStopBits
                0x1000145c       0x28 C:/MaximSDK/Libraries/PeriphDrivers/bin/MAX78000/spi-v1_softfp/libPeriphDriver_spi-v1_softfp.a(uart_revb.o)
                0x1000145c                MXC_UART_RevB_SetStopBits
 .text.MXC_UART_RevB_SetParity
                0x10001484       0x94 C:/MaximSDK/Libraries/PeriphDrivers/bin/MAX78000/spi-v1_softfp/libPeriphDriver_spi-v1_softfp.a(uart_revb.o)
                0x10001484                MXC_UART_RevB_SetParity
 .text.MXC_UART_RevB_SetClockSource
                0x10001518       0xa8 C:/MaximSDK/Libraries/PeriphDrivers/bin/MAX78000/spi-v1_softfp/libPeriphDriver_spi-v1_softfp.a(uart_revb.o)
                0x10001518                MXC_UART_RevB_SetClockSource
 .text.MXC_UART_RevB_GetClockSource
                0x100015c0        0x8 C:/MaximSDK/Libraries/PeriphDrivers/bin/MAX78000/spi-v1_softfp/libPeriphDriver_spi-v1_softfp.a(uart_revb.o)
                0x100015c0                MXC_UART_RevB_GetClockSource
 .text.MXC_UART_RevB_ReadCharacterRaw
                0x100015c8       0x10 C:/MaximSDK/Libraries/PeriphDrivers/bin/MAX78000/spi-v1_softfp/libPeriphDriver_spi-v1_softfp.a(uart_revb.o)
                0x100015c8                MXC_UART_RevB_ReadCharacterRaw
 .text.MXC_UART_RevB_WriteCharacterRaw
                0x100015d8       0x14 C:/MaximSDK/Libraries/PeriphDrivers/bin/MAX78000/spi-v1_softfp/libPeriphDriver_spi-v1_softfp.a(uart_revb.o)
                0x100015d8                MXC_UART_RevB_WriteCharacterRaw
 .text.MXC_UART_RevB_GetRXFIFOAvailable
                0x100015ec        0x8 C:/MaximSDK/Libraries/PeriphDrivers/bin/MAX78000/spi-v1_softfp/libPeriphDriver_spi-v1_softfp.a(uart_revb.o)
                0x100015ec                MXC_UART_RevB_GetRXFIFOAvailable
 .text.MXC_UART_RevB_GetTXFIFOAvailable
                0x100015f4        0xc C:/MaximSDK/Libraries/PeriphDrivers/bin/MAX78000/spi-v1_softfp/libPeriphDriver_spi-v1_softfp.a(uart_revb.o)
                0x100015f4                MXC_UART_RevB_GetTXFIFOAvailable
 .text.MXC_UART_RevB_SetRXThreshold
                0x10001600       0x1c C:/MaximSDK/Libraries/PeriphDrivers/bin/MAX78000/spi-v1_softfp/libPeriphDriver_spi-v1_softfp.a(uart_revb.o)
                0x10001600                MXC_UART_RevB_SetRXThreshold
 .text.MXC_GPIO_Common_Init
                0x1000161c       0x24 C:/MaximSDK/Libraries/PeriphDrivers/bin/MAX78000/spi-v1_softfp/libPeriphDriver_spi-v1_softfp.a(gpio_common.o)
                0x1000161c                MXC_GPIO_Common_Init
 .text.MXC_GPIO_Common_Handler
                0x10001640       0x88 C:/MaximSDK/Libraries/PeriphDrivers/bin/MAX78000/spi-v1_softfp/libPeriphDriver_spi-v1_softfp.a(gpio_common.o)
                0x10001640                MXC_GPIO_Common_Handler
 .text.MXC_GPIO_Common_GetConfigLock
                0x100016c8        0xc C:/MaximSDK/Libraries/PeriphDrivers/bin/MAX78000/spi-v1_softfp/libPeriphDriver_spi-v1_softfp.a(gpio_common.o)
                0x100016c8                MXC_GPIO_Common_GetConfigLock
 .text.__errno  0x100016d4        0xc c:/maximsdk/tools/gnutools/10.3/bin/../lib/gcc/arm-none-eabi/10.3.1/../../../../arm-none-eabi/lib/thumb/v7e-m+fp/softfp\libc.a(lib_a-errno.o)
                0x100016d4                __errno
 .text.__libc_init_array
                0x100016e0       0x48 c:/maximsdk/tools/gnutools/10.3/bin/../lib/gcc/arm-none-eabi/10.3.1/../../../../arm-none-eabi/lib/thumb/v7e-m+fp/softfp\libc.a(lib_a-init.o)
                0x100016e0                __libc_init_array
 .text.malloc   0x10001728       0x10 c:/maximsdk/tools/gnutools/10.3/bin/../lib/gcc/arm-none-eabi/10.3.1/../../../../arm-none-eabi/lib/thumb/v7e-m+fp/softfp\libc.a(lib_a-malloc.o)
                0x10001728                malloc
 .text._malloc_r
                0x10001738      0x560 c:/maximsdk/tools/gnutools/10.3/bin/../lib/gcc/arm-none-eabi/10.3.1/../../../../arm-none-eabi/lib/thumb/v7e-m+fp/softfp\libc.a(lib_a-mallocr.o)
                0x10001738                _malloc_r
 .text          0x10001c98      0x134 c:/maximsdk/tools/gnutools/10.3/bin/../lib/gcc/arm-none-eabi/10.3.1/../../../../arm-none-eabi/lib/thumb/v7e-m+fp/softfp\libc.a(lib_a-memcpy.o)
                0x10001c98                memcpy
 .text.memset   0x10001dcc       0xa4 c:/maximsdk/tools/gnutools/10.3/bin/../lib/gcc/arm-none-eabi/10.3.1/../../../../arm-none-eabi/lib/thumb/v7e-m+fp/softfp\libc.a(lib_a-memset.o)
                0x10001dcc                memset
 .text.__malloc_lock
                0x10001e70        0xc c:/maximsdk/tools/gnutools/10.3/bin/../lib/gcc/arm-none-eabi/10.3.1/../../../../arm-none-eabi/lib/thumb/v7e-m+fp/softfp\libc.a(lib_a-mlock.o)
                0x10001e70                __malloc_lock
 .text.__malloc_unlock
                0x10001e7c        0xc c:/maximsdk/tools/gnutools/10.3/bin/../lib/gcc/arm-none-eabi/10.3.1/../../../../arm-none-eabi/lib/thumb/v7e-m+fp/softfp\libc.a(lib_a-mlock.o)
                0x10001e7c                __malloc_unlock
 .text.printf   0x10001e88       0x28 c:/maximsdk/tools/gnutools/10.3/bin/../lib/gcc/arm-none-eabi/10.3.1/../../../../arm-none-eabi/lib/thumb/v7e-m+fp/softfp\libc.a(lib_a-printf.o)
                0x10001e88                printf
 .text.srand    0x10001eb0       0x10 c:/maximsdk/tools/gnutools/10.3/bin/../lib/gcc/arm-none-eabi/10.3.1/../../../../arm-none-eabi/lib/thumb/v7e-m+fp/softfp\libc.a(lib_a-rand.o)
                0x10001eb0                srand
 .text.rand     0x10001ec0       0x3c c:/maximsdk/tools/gnutools/10.3/bin/../lib/gcc/arm-none-eabi/10.3.1/../../../../arm-none-eabi/lib/thumb/v7e-m+fp/softfp\libc.a(lib_a-rand.o)
                0x10001ec0                rand
 .text._sbrk_r  0x10001efc       0x24 c:/maximsdk/tools/gnutools/10.3/bin/../lib/gcc/arm-none-eabi/10.3.1/../../../../arm-none-eabi/lib/thumb/v7e-m+fp/softfp\libc.a(lib_a-sbrkr.o)
                0x10001efc                _sbrk_r
 *fill*         0x10001f20       0x20 
 .text          0x10001f40       0xdc c:/maximsdk/tools/gnutools/10.3/bin/../lib/gcc/arm-none-eabi/10.3.1/../../../../arm-none-eabi/lib/thumb/v7e-m+fp/softfp\libc.a(lib_a-strlen.o)
                0x10001f40                strlen
 *fill*         0x1000201c        0x4 
 .text._vfprintf_r
                0x10002020     0x1b8c c:/maximsdk/tools/gnutools/10.3/bin/../lib/gcc/arm-none-eabi/10.3.1/../../../../arm-none-eabi/lib/thumb/v7e-m+fp/softfp\libc.a(lib_a-vfprintf.o)
                0x10002020                _vfprintf_r
 .text.__sbprintf
                0x10003bac       0x80 c:/maximsdk/tools/gnutools/10.3/bin/../lib/gcc/arm-none-eabi/10.3.1/../../../../arm-none-eabi/lib/thumb/v7e-m+fp/softfp\libc.a(lib_a-vfprintf.o)
 .text.__swsetup_r
                0x10003c2c       0xd4 c:/maximsdk/tools/gnutools/10.3/bin/../lib/gcc/arm-none-eabi/10.3.1/../../../../arm-none-eabi/lib/thumb/v7e-m+fp/softfp\libc.a(lib_a-wsetup.o)
                0x10003c2c                __swsetup_r
 .text.startup.register_fini
                0x10003d00       0x14 c:/maximsdk/tools/gnutools/10.3/bin/../lib/gcc/arm-none-eabi/10.3.1/../../../../arm-none-eabi/lib/thumb/v7e-m+fp/softfp\libc.a(lib_a-__call_atexit.o)
 .text.atexit   0x10003d14        0xc c:/maximsdk/tools/gnutools/10.3/bin/../lib/gcc/arm-none-eabi/10.3.1/../../../../arm-none-eabi/lib/thumb/v7e-m+fp/softfp\libc.a(lib_a-atexit.o)
                0x10003d14                atexit
 .text.quorem   0x10003d20      0x128 c:/maximsdk/tools/gnutools/10.3/bin/../lib/gcc/arm-none-eabi/10.3.1/../../../../arm-none-eabi/lib/thumb/v7e-m+fp/softfp\libc.a(lib_a-dtoa.o)
 .text._dtoa_r  0x10003e48      0xf34 c:/maximsdk/tools/gnutools/10.3/bin/../lib/gcc/arm-none-eabi/10.3.1/../../../../arm-none-eabi/lib/thumb/v7e-m+fp/softfp\libc.a(lib_a-dtoa.o)
                0x10003e48                _dtoa_r
 .text.__sflush_r
                0x10004d7c      0x130 c:/maximsdk/tools/gnutools/10.3/bin/../lib/gcc/arm-none-eabi/10.3.1/../../../../arm-none-eabi/lib/thumb/v7e-m+fp/softfp\libc.a(lib_a-fflush.o)
                0x10004d7c                __sflush_r
 .text._fflush_r
                0x10004eac       0x5c c:/maximsdk/tools/gnutools/10.3/bin/../lib/gcc/arm-none-eabi/10.3.1/../../../../arm-none-eabi/lib/thumb/v7e-m+fp/softfp\libc.a(lib_a-fflush.o)
                0x10004eac                _fflush_r
 .text._cleanup_r
                0x10004f08        0xc c:/maximsdk/tools/gnutools/10.3/bin/../lib/gcc/arm-none-eabi/10.3.1/../../../../arm-none-eabi/lib/thumb/v7e-m+fp/softfp\libc.a(lib_a-findfp.o)
                0x10004f08                _cleanup_r
 .text.__sinit  0x10004f14      0x10c c:/maximsdk/tools/gnutools/10.3/bin/../lib/gcc/arm-none-eabi/10.3.1/../../../../arm-none-eabi/lib/thumb/v7e-m+fp/softfp\libc.a(lib_a-findfp.o)
                0x10004f14                __sinit
 .text.__sfp_lock_acquire
                0x10005020        0xc c:/maximsdk/tools/gnutools/10.3/bin/../lib/gcc/arm-none-eabi/10.3.1/../../../../arm-none-eabi/lib/thumb/v7e-m+fp/softfp\libc.a(lib_a-findfp.o)
                0x10005020                __sfp_lock_acquire
 .text.__sfp_lock_release
                0x1000502c        0xc c:/maximsdk/tools/gnutools/10.3/bin/../lib/gcc/arm-none-eabi/10.3.1/../../../../arm-none-eabi/lib/thumb/v7e-m+fp/softfp\libc.a(lib_a-findfp.o)
                0x1000502c                __sfp_lock_release
 .text.__libc_fini_array
                0x10005038       0x2c c:/maximsdk/tools/gnutools/10.3/bin/../lib/gcc/arm-none-eabi/10.3.1/../../../../arm-none-eabi/lib/thumb/v7e-m+fp/softfp\libc.a(lib_a-fini.o)
                0x10005038                __libc_fini_array
 .text._malloc_trim_r
                0x10005064       0xa0 c:/maximsdk/tools/gnutools/10.3/bin/../lib/gcc/arm-none-eabi/10.3.1/../../../../arm-none-eabi/lib/thumb/v7e-m+fp/softfp\libc.a(lib_a-freer.o)
                0x10005064                _malloc_trim_r
 .text._free_r  0x10005104      0x20c c:/maximsdk/tools/gnutools/10.3/bin/../lib/gcc/arm-none-eabi/10.3.1/../../../../arm-none-eabi/lib/thumb/v7e-m+fp/softfp\libc.a(lib_a-freer.o)
                0x10005104                _free_r
 .text.__sfvwrite_r
                0x10005310      0x2f0 c:/maximsdk/tools/gnutools/10.3/bin/../lib/gcc/arm-none-eabi/10.3.1/../../../../arm-none-eabi/lib/thumb/v7e-m+fp/softfp\libc.a(lib_a-fvwrite.o)
                0x10005310                __sfvwrite_r
 .text._fwalk_reent
                0x10005600       0x48 c:/maximsdk/tools/gnutools/10.3/bin/../lib/gcc/arm-none-eabi/10.3.1/../../../../arm-none-eabi/lib/thumb/v7e-m+fp/softfp\libc.a(lib_a-fwalk.o)
                0x10005600                _fwalk_reent
 .text._localeconv_r
                0x10005648        0x8 c:/maximsdk/tools/gnutools/10.3/bin/../lib/gcc/arm-none-eabi/10.3.1/../../../../arm-none-eabi/lib/thumb/v7e-m+fp/softfp\libc.a(lib_a-localeconv.o)
                0x10005648                _localeconv_r
 .text.__retarget_lock_init_recursive
                0x10005650        0x4 c:/maximsdk/tools/gnutools/10.3/bin/../lib/gcc/arm-none-eabi/10.3.1/../../../../arm-none-eabi/lib/thumb/v7e-m+fp/softfp\libc.a(lib_a-lock.o)
                0x10005650                __retarget_lock_init_recursive
 .text.__retarget_lock_close_recursive
                0x10005654        0x4 c:/maximsdk/tools/gnutools/10.3/bin/../lib/gcc/arm-none-eabi/10.3.1/../../../../arm-none-eabi/lib/thumb/v7e-m+fp/softfp\libc.a(lib_a-lock.o)
                0x10005654                __retarget_lock_close_recursive
 .text.__retarget_lock_acquire_recursive
                0x10005658        0x4 c:/maximsdk/tools/gnutools/10.3/bin/../lib/gcc/arm-none-eabi/10.3.1/../../../../arm-none-eabi/lib/thumb/v7e-m+fp/softfp\libc.a(lib_a-lock.o)
                0x10005658                __retarget_lock_acquire_recursive
 .text.__retarget_lock_release_recursive
                0x1000565c        0x4 c:/maximsdk/tools/gnutools/10.3/bin/../lib/gcc/arm-none-eabi/10.3.1/../../../../arm-none-eabi/lib/thumb/v7e-m+fp/softfp\libc.a(lib_a-lock.o)
                0x1000565c                __retarget_lock_release_recursive
 .text.__smakebuf_r
                0x10005660       0xe0 c:/maximsdk/tools/gnutools/10.3/bin/../lib/gcc/arm-none-eabi/10.3.1/../../../../arm-none-eabi/lib/thumb/v7e-m+fp/softfp\libc.a(lib_a-makebuf.o)
                0x10005660                __smakebuf_r
 .text          0x10005740       0xa0 c:/maximsdk/tools/gnutools/10.3/bin/../lib/gcc/arm-none-eabi/10.3.1/../../../../arm-none-eabi/lib/thumb/v7e-m+fp/softfp\libc.a(lib_a-memchr.o)
                0x10005740                memchr
 .text.memmove  0x100057e0       0xf8 c:/maximsdk/tools/gnutools/10.3/bin/../lib/gcc/arm-none-eabi/10.3.1/../../../../arm-none-eabi/lib/thumb/v7e-m+fp/softfp\libc.a(lib_a-memmove.o)
                0x100057e0                memmove
 .text._Balloc  0x100058d8       0x4c c:/maximsdk/tools/gnutools/10.3/bin/../lib/gcc/arm-none-eabi/10.3.1/../../../../arm-none-eabi/lib/thumb/v7e-m+fp/softfp\libc.a(lib_a-mprec.o)
                0x100058d8                _Balloc
 .text._Bfree   0x10005924       0x14 c:/maximsdk/tools/gnutools/10.3/bin/../lib/gcc/arm-none-eabi/10.3.1/../../../../arm-none-eabi/lib/thumb/v7e-m+fp/softfp\libc.a(lib_a-mprec.o)
                0x10005924                _Bfree
 .text.__multadd
                0x10005938       0xa8 c:/maximsdk/tools/gnutools/10.3/bin/../lib/gcc/arm-none-eabi/10.3.1/../../../../arm-none-eabi/lib/thumb/v7e-m+fp/softfp\libc.a(lib_a-mprec.o)
                0x10005938                __multadd
 .text.__hi0bits
                0x100059e0       0x40 c:/maximsdk/tools/gnutools/10.3/bin/../lib/gcc/arm-none-eabi/10.3.1/../../../../arm-none-eabi/lib/thumb/v7e-m+fp/softfp\libc.a(lib_a-mprec.o)
                0x100059e0                __hi0bits
 .text.__lo0bits
                0x10005a20       0x60 c:/maximsdk/tools/gnutools/10.3/bin/../lib/gcc/arm-none-eabi/10.3.1/../../../../arm-none-eabi/lib/thumb/v7e-m+fp/softfp\libc.a(lib_a-mprec.o)
                0x10005a20                __lo0bits
 .text.__i2b    0x10005a80       0x5c c:/maximsdk/tools/gnutools/10.3/bin/../lib/gcc/arm-none-eabi/10.3.1/../../../../arm-none-eabi/lib/thumb/v7e-m+fp/softfp\libc.a(lib_a-mprec.o)
                0x10005a80                __i2b
 .text.__multiply
                0x10005adc      0x15c c:/maximsdk/tools/gnutools/10.3/bin/../lib/gcc/arm-none-eabi/10.3.1/../../../../arm-none-eabi/lib/thumb/v7e-m+fp/softfp\libc.a(lib_a-mprec.o)
                0x10005adc                __multiply
 .text.__pow5mult
                0x10005c38       0xc0 c:/maximsdk/tools/gnutools/10.3/bin/../lib/gcc/arm-none-eabi/10.3.1/../../../../arm-none-eabi/lib/thumb/v7e-m+fp/softfp\libc.a(lib_a-mprec.o)
                0x10005c38                __pow5mult
 .text.__lshift
                0x10005cf8       0xf0 c:/maximsdk/tools/gnutools/10.3/bin/../lib/gcc/arm-none-eabi/10.3.1/../../../../arm-none-eabi/lib/thumb/v7e-m+fp/softfp\libc.a(lib_a-mprec.o)
                0x10005cf8                __lshift
 .text.__mcmp   0x10005de8       0x44 c:/maximsdk/tools/gnutools/10.3/bin/../lib/gcc/arm-none-eabi/10.3.1/../../../../arm-none-eabi/lib/thumb/v7e-m+fp/softfp\libc.a(lib_a-mprec.o)
                0x10005de8                __mcmp
 .text.__mdiff  0x10005e2c      0x14c c:/maximsdk/tools/gnutools/10.3/bin/../lib/gcc/arm-none-eabi/10.3.1/../../../../arm-none-eabi/lib/thumb/v7e-m+fp/softfp\libc.a(lib_a-mprec.o)
                0x10005e2c                __mdiff
 .text.__d2b    0x10005f78       0xc4 c:/maximsdk/tools/gnutools/10.3/bin/../lib/gcc/arm-none-eabi/10.3.1/../../../../arm-none-eabi/lib/thumb/v7e-m+fp/softfp\libc.a(lib_a-mprec.o)
                0x10005f78                __d2b
 .text._realloc_r
                0x1000603c      0x3d8 c:/maximsdk/tools/gnutools/10.3/bin/../lib/gcc/arm-none-eabi/10.3.1/../../../../arm-none-eabi/lib/thumb/v7e-m+fp/softfp\libc.a(lib_a-reallocr.o)
                0x1000603c                _realloc_r
 .text.frexp    0x10006414       0x70 c:/maximsdk/tools/gnutools/10.3/bin/../lib/gcc/arm-none-eabi/10.3.1/../../../../arm-none-eabi/lib/thumb/v7e-m+fp/softfp\libc.a(lib_a-s_frexp.o)
                0x10006414                frexp
 .text.__sread  0x10006484       0x24 c:/maximsdk/tools/gnutools/10.3/bin/../lib/gcc/arm-none-eabi/10.3.1/../../../../arm-none-eabi/lib/thumb/v7e-m+fp/softfp\libc.a(lib_a-stdio.o)
                0x10006484                __sread
 .text.__swrite
                0x100064a8       0x40 c:/maximsdk/tools/gnutools/10.3/bin/../lib/gcc/arm-none-eabi/10.3.1/../../../../arm-none-eabi/lib/thumb/v7e-m+fp/softfp\libc.a(lib_a-stdio.o)
                0x100064a8                __swrite
 .text.__sseek  0x100064e8       0x20 c:/maximsdk/tools/gnutools/10.3/bin/../lib/gcc/arm-none-eabi/10.3.1/../../../../arm-none-eabi/lib/thumb/v7e-m+fp/softfp\libc.a(lib_a-stdio.o)
                0x100064e8                __sseek
 .text.__sclose
                0x10006508        0x8 c:/maximsdk/tools/gnutools/10.3/bin/../lib/gcc/arm-none-eabi/10.3.1/../../../../arm-none-eabi/lib/thumb/v7e-m+fp/softfp\libc.a(lib_a-stdio.o)
                0x10006508                __sclose
 .text.strncpy  0x10006510       0x64 c:/maximsdk/tools/gnutools/10.3/bin/../lib/gcc/arm-none-eabi/10.3.1/../../../../arm-none-eabi/lib/thumb/v7e-m+fp/softfp\libc.a(lib_a-strncpy.o)
                0x10006510                strncpy
 .text.__sprint_r.part.0
                0x10006574       0x78 c:/maximsdk/tools/gnutools/10.3/bin/../lib/gcc/arm-none-eabi/10.3.1/../../../../arm-none-eabi/lib/thumb/v7e-m+fp/softfp\libc.a(lib_a-vfiprintf.o)
 .text.__sprint_r
                0x100065ec       0x18 c:/maximsdk/tools/gnutools/10.3/bin/../lib/gcc/arm-none-eabi/10.3.1/../../../../arm-none-eabi/lib/thumb/v7e-m+fp/softfp\libc.a(lib_a-vfiprintf.o)
                0x100065ec                __sprint_r
 .text._vfiprintf_r
                0x10006604      0xdfc c:/maximsdk/tools/gnutools/10.3/bin/../lib/gcc/arm-none-eabi/10.3.1/../../../../arm-none-eabi/lib/thumb/v7e-m+fp/softfp\libc.a(lib_a-vfiprintf.o)
                0x10006604                _vfiprintf_r
 .text.__sbprintf
                0x10007400       0x80 c:/maximsdk/tools/gnutools/10.3/bin/../lib/gcc/arm-none-eabi/10.3.1/../../../../arm-none-eabi/lib/thumb/v7e-m+fp/softfp\libc.a(lib_a-vfiprintf.o)
 .text._write_r
                0x10007480       0x2c c:/maximsdk/tools/gnutools/10.3/bin/../lib/gcc/arm-none-eabi/10.3.1/../../../../arm-none-eabi/lib/thumb/v7e-m+fp/softfp\libc.a(lib_a-writer.o)
                0x10007480                _write_r
 .text.__register_exitproc
                0x100074ac       0x8c c:/maximsdk/tools/gnutools/10.3/bin/../lib/gcc/arm-none-eabi/10.3.1/../../../../arm-none-eabi/lib/thumb/v7e-m+fp/softfp\libc.a(lib_a-__atexit.o)
                0x100074ac                __register_exitproc
 .text.__assert_func
                0x10007538       0x40 c:/maximsdk/tools/gnutools/10.3/bin/../lib/gcc/arm-none-eabi/10.3.1/../../../../arm-none-eabi/lib/thumb/v7e-m+fp/softfp\libc.a(lib_a-assert.o)
                0x10007538                __assert_func
 .text._calloc_r
                0x10007578       0x78 c:/maximsdk/tools/gnutools/10.3/bin/../lib/gcc/arm-none-eabi/10.3.1/../../../../arm-none-eabi/lib/thumb/v7e-m+fp/softfp\libc.a(lib_a-callocr.o)
                0x10007578                _calloc_r
 .text._close_r
                0x100075f0       0x24 c:/maximsdk/tools/gnutools/10.3/bin/../lib/gcc/arm-none-eabi/10.3.1/../../../../arm-none-eabi/lib/thumb/v7e-m+fp/softfp\libc.a(lib_a-closer.o)
                0x100075f0                _close_r
 .text._fclose_r
                0x10007614       0xcc c:/maximsdk/tools/gnutools/10.3/bin/../lib/gcc/arm-none-eabi/10.3.1/../../../../arm-none-eabi/lib/thumb/v7e-m+fp/softfp\libc.a(lib_a-fclose.o)
                0x10007614                _fclose_r
 .text.fiprintf
                0x100076e0       0x28 c:/maximsdk/tools/gnutools/10.3/bin/../lib/gcc/arm-none-eabi/10.3.1/../../../../arm-none-eabi/lib/thumb/v7e-m+fp/softfp\libc.a(lib_a-fiprintf.o)
                0x100076e0                fiprintf
 .text.__fputwc
                0x10007708       0xa8 c:/maximsdk/tools/gnutools/10.3/bin/../lib/gcc/arm-none-eabi/10.3.1/../../../../arm-none-eabi/lib/thumb/v7e-m+fp/softfp\libc.a(lib_a-fputwc.o)
                0x10007708                __fputwc
 .text._fputwc_r
                0x100077b0       0x68 c:/maximsdk/tools/gnutools/10.3/bin/../lib/gcc/arm-none-eabi/10.3.1/../../../../arm-none-eabi/lib/thumb/v7e-m+fp/softfp\libc.a(lib_a-fputwc.o)
                0x100077b0                _fputwc_r
 .text._fstat_r
                0x10007818       0x2c c:/maximsdk/tools/gnutools/10.3/bin/../lib/gcc/arm-none-eabi/10.3.1/../../../../arm-none-eabi/lib/thumb/v7e-m+fp/softfp\libc.a(lib_a-fstatr.o)
                0x10007818                _fstat_r
 .text._isatty_r
                0x10007844       0x24 c:/maximsdk/tools/gnutools/10.3/bin/../lib/gcc/arm-none-eabi/10.3.1/../../../../arm-none-eabi/lib/thumb/v7e-m+fp/softfp\libc.a(lib_a-isattyr.o)
                0x10007844                _isatty_r
 .text.__locale_mb_cur_max
                0x10007868        0xc c:/maximsdk/tools/gnutools/10.3/bin/../lib/gcc/arm-none-eabi/10.3.1/../../../../arm-none-eabi/lib/thumb/v7e-m+fp/softfp\libc.a(lib_a-locale.o)
                0x10007868                __locale_mb_cur_max
 .text._lseek_r
                0x10007874       0x2c c:/maximsdk/tools/gnutools/10.3/bin/../lib/gcc/arm-none-eabi/10.3.1/../../../../arm-none-eabi/lib/thumb/v7e-m+fp/softfp\libc.a(lib_a-lseekr.o)
                0x10007874                _lseek_r
 .text.__ascii_mbtowc
                0x100078a0       0x2c c:/maximsdk/tools/gnutools/10.3/bin/../lib/gcc/arm-none-eabi/10.3.1/../../../../arm-none-eabi/lib/thumb/v7e-m+fp/softfp\libc.a(lib_a-mbtowc_r.o)
                0x100078a0                __ascii_mbtowc
 .text._read_r  0x100078cc       0x2c c:/maximsdk/tools/gnutools/10.3/bin/../lib/gcc/arm-none-eabi/10.3.1/../../../../arm-none-eabi/lib/thumb/v7e-m+fp/softfp\libc.a(lib_a-readr.o)
                0x100078cc                _read_r
 .text.__swbuf_r
                0x100078f8       0xb0 c:/maximsdk/tools/gnutools/10.3/bin/../lib/gcc/arm-none-eabi/10.3.1/../../../../arm-none-eabi/lib/thumb/v7e-m+fp/softfp\libc.a(lib_a-wbuf.o)
                0x100078f8                __swbuf_r
 .text._wcrtomb_r
                0x100079a8       0x3c c:/maximsdk/tools/gnutools/10.3/bin/../lib/gcc/arm-none-eabi/10.3.1/../../../../arm-none-eabi/lib/thumb/v7e-m+fp/softfp\libc.a(lib_a-wcrtomb.o)
                0x100079a8                _wcrtomb_r
 .text.__ascii_wctomb
                0x100079e4       0x1c c:/maximsdk/tools/gnutools/10.3/bin/../lib/gcc/arm-none-eabi/10.3.1/../../../../arm-none-eabi/lib/thumb/v7e-m+fp/softfp\libc.a(lib_a-wctomb_r.o)
                0x100079e4                __ascii_wctomb
 .text.abort    0x10007a00       0x10 c:/maximsdk/tools/gnutools/10.3/bin/../lib/gcc/arm-none-eabi/10.3.1/../../../../arm-none-eabi/lib/thumb/v7e-m+fp/softfp\libc.a(lib_a-abort.o)
                0x10007a00                abort
 .text.raise    0x10007a10       0x5c c:/maximsdk/tools/gnutools/10.3/bin/../lib/gcc/arm-none-eabi/10.3.1/../../../../arm-none-eabi/lib/thumb/v7e-m+fp/softfp\libc.a(lib_a-signal.o)
                0x10007a10                raise
 .text._kill_r  0x10007a6c       0x2c c:/maximsdk/tools/gnutools/10.3/bin/../lib/gcc/arm-none-eabi/10.3.1/../../../../arm-none-eabi/lib/thumb/v7e-m+fp/softfp\libc.a(lib_a-signalr.o)
                0x10007a6c                _kill_r
 .text._getpid_r
                0x10007a98        0x4 c:/maximsdk/tools/gnutools/10.3/bin/../lib/gcc/arm-none-eabi/10.3.1/../../../../arm-none-eabi/lib/thumb/v7e-m+fp/softfp\libc.a(lib_a-signalr.o)
                0x10007a98                _getpid_r
 .text._exit    0x10007a9c        0x4 c:/maximsdk/tools/gnutools/10.3/bin/../lib/gcc/arm-none-eabi/10.3.1/../../../../arm-none-eabi/lib/thumb/v7e-m+fp/softfp\libnosys.a(_exit.o)
                0x10007a9c                _exit
 .text          0x10007aa0      0x378 c:/maximsdk/tools/gnutools/10.3/bin/../lib/gcc/arm-none-eabi/10.3.1/thumb/v7e-m+fp/softfp\libgcc.a(_arm_addsubdf3.o)
                0x10007aa0                __aeabi_drsub
                0x10007aa8                __aeabi_dsub
                0x10007aa8                __subdf3
                0x10007aac                __aeabi_dadd
                0x10007aac                __adddf3
                0x10007d24                __floatunsidf
                0x10007d24                __aeabi_ui2d
                0x10007d44                __floatsidf
                0x10007d44                __aeabi_i2d
                0x10007d68                __aeabi_f2d
                0x10007d68                __extendsfdf2
                0x10007dac                __floatundidf
                0x10007dac                __aeabi_ul2d
                0x10007dbc                __floatdidf
                0x10007dbc                __aeabi_l2d
 .text          0x10007e18      0x424 c:/maximsdk/tools/gnutools/10.3/bin/../lib/gcc/arm-none-eabi/10.3.1/thumb/v7e-m+fp/softfp\libgcc.a(_arm_muldivdf3.o)
                0x10007e18                __aeabi_dmul
                0x10007e18                __muldf3
                0x1000806c                __divdf3
                0x1000806c                __aeabi_ddiv
 .text          0x1000823c      0x110 c:/maximsdk/tools/gnutools/10.3/bin/../lib/gcc/arm-none-eabi/10.3.1/thumb/v7e-m+fp/softfp\libgcc.a(_arm_cmpdf2.o)
                0x1000823c                __gtdf2
                0x1000823c                __gedf2
                0x10008244                __ltdf2
                0x10008244                __ledf2
                0x1000824c                __nedf2
                0x1000824c                __eqdf2
                0x1000824c                __cmpdf2
                0x100082c8                __aeabi_cdrcmple
                0x100082d8                __aeabi_cdcmpeq
                0x100082d8                __aeabi_cdcmple
                0x100082e8                __aeabi_dcmpeq
                0x100082fc                __aeabi_dcmplt
                0x10008310                __aeabi_dcmple
                0x10008324                __aeabi_dcmpge
                0x10008338                __aeabi_dcmpgt
 .text          0x1000834c       0x2c c:/maximsdk/tools/gnutools/10.3/bin/../lib/gcc/arm-none-eabi/10.3.1/thumb/v7e-m+fp/softfp\libgcc.a(_arm_unorddf2.o)
                0x1000834c                __unorddf2
                0x1000834c                __aeabi_dcmpun
 .text          0x10008378       0x50 c:/maximsdk/tools/gnutools/10.3/bin/../lib/gcc/arm-none-eabi/10.3.1/thumb/v7e-m+fp/softfp\libgcc.a(_arm_fixdfsi.o)
                0x10008378                __aeabi_d2iz
                0x10008378                __fixdfsi
 .text          0x100083c8       0x30 c:/maximsdk/tools/gnutools/10.3/bin/../lib/gcc/arm-none-eabi/10.3.1/thumb/v7e-m+fp/softfp\libgcc.a(_aeabi_uldivmod.o)
                0x100083c8                __aeabi_uldivmod
 .text          0x100083f8      0x2d0 c:/maximsdk/tools/gnutools/10.3/bin/../lib/gcc/arm-none-eabi/10.3.1/thumb/v7e-m+fp/softfp\libgcc.a(_udivmoddi4.o)
                0x100083f8                __udivmoddi4
 .text          0x100086c8        0x4 c:/maximsdk/tools/gnutools/10.3/bin/../lib/gcc/arm-none-eabi/10.3.1/thumb/v7e-m+fp/softfp\libgcc.a(_dvmd_tls.o)
                0x100086c8                __aeabi_idiv0
                0x100086c8                __aeabi_ldiv0
 *(.rodata*)
 .rodata        0x100086cc       0x24 c:/Users/thady/OneDrive/Desktop/4th_Year_1st_Sem/187.1/Led_Sequence/GPIO/build/main.o
 .rodata.mxc_assert.str1.4
                0x100086f0       0x19 c:/Users/thady/OneDrive/Desktop/4th_Year_1st_Sem/187.1/Led_Sequence/GPIO/build/board.o
 *fill*         0x10008709        0x3 
 .rodata.Board_Init.str1.4
                0x1000870c       0x45 c:/Users/thady/OneDrive/Desktop/4th_Year_1st_Sem/187.1/Led_Sequence/GPIO/build/board.o
 *fill*         0x10008751        0x3 
 .rodata        0x10008754       0x54 c:/Users/thady/OneDrive/Desktop/4th_Year_1st_Sem/187.1/Led_Sequence/GPIO/build/board.o
 .rodata.led_pin
                0x100087a8       0x18 c:/Users/thady/OneDrive/Desktop/4th_Year_1st_Sem/187.1/Led_Sequence/GPIO/build/board.o
                0x100087a8                led_pin
 .rodata.num_leds
                0x100087c0        0x4 c:/Users/thady/OneDrive/Desktop/4th_Year_1st_Sem/187.1/Led_Sequence/GPIO/build/board.o
                0x100087c0                num_leds
 .rodata.num_pbs
                0x100087c4        0x4 c:/Users/thady/OneDrive/Desktop/4th_Year_1st_Sem/187.1/Led_Sequence/GPIO/build/board.o
                0x100087c4                num_pbs
 .rodata.pb_pin
                0x100087c8       0x18 c:/Users/thady/OneDrive/Desktop/4th_Year_1st_Sem/187.1/Led_Sequence/GPIO/build/board.o
                0x100087c8                pb_pin
 .rodata.gpio_cfg_extclk
                0x100087e0        0xc C:/MaximSDK/Libraries/PeriphDrivers/bin/MAX78000/spi-v1_softfp/libPeriphDriver_spi-v1_softfp.a(pins_ai85.o)
                0x100087e0                gpio_cfg_extclk
 .rodata.gpio_cfg_uart0
                0x100087ec        0xc C:/MaximSDK/Libraries/PeriphDrivers/bin/MAX78000/spi-v1_softfp/libPeriphDriver_spi-v1_softfp.a(pins_ai85.o)
                0x100087ec                gpio_cfg_uart0
 .rodata.gpio_cfg_uart1
                0x100087f8        0xc C:/MaximSDK/Libraries/PeriphDrivers/bin/MAX78000/spi-v1_softfp/libPeriphDriver_spi-v1_softfp.a(pins_ai85.o)
                0x100087f8                gpio_cfg_uart1
 .rodata.gpio_cfg_uart2
                0x10008804        0xc C:/MaximSDK/Libraries/PeriphDrivers/bin/MAX78000/spi-v1_softfp/libPeriphDriver_spi-v1_softfp.a(pins_ai85.o)
                0x10008804                gpio_cfg_uart2
 .rodata.gpio_cfg_uart3
                0x10008810        0xc C:/MaximSDK/Libraries/PeriphDrivers/bin/MAX78000/spi-v1_softfp/libPeriphDriver_spi-v1_softfp.a(pins_ai85.o)
                0x10008810                gpio_cfg_uart3
 .rodata.MXC_UART_RevB_Init.str1.4
                0x1000881c       0x77 C:/MaximSDK/Libraries/PeriphDrivers/bin/MAX78000/spi-v1_softfp/libPeriphDriver_spi-v1_softfp.a(uart_revb.o)
 *fill*         0x10008893        0x1 
 .rodata.MXC_UART_RevB_SetClockSource.str1.4
                0x10008894       0x27 C:/MaximSDK/Libraries/PeriphDrivers/bin/MAX78000/spi-v1_softfp/libPeriphDriver_spi-v1_softfp.a(uart_revb.o)
 *fill*         0x100088bb        0x1 
 .rodata.MXC_GPIO_Common_Handler.str1.4
                0x100088bc       0x66 C:/MaximSDK/Libraries/PeriphDrivers/bin/MAX78000/spi-v1_softfp/libPeriphDriver_spi-v1_softfp.a(gpio_common.o)
 *fill*         0x10008922        0x2 
 .rodata._global_impure_ptr
                0x10008924        0x4 c:/maximsdk/tools/gnutools/10.3/bin/../lib/gcc/arm-none-eabi/10.3.1/../../../../arm-none-eabi/lib/thumb/v7e-m+fp/softfp\libc.a(lib_a-impure.o)
                0x10008924                _global_impure_ptr
 .rodata._vfprintf_r.str1.4
                0x10008928       0x42 c:/maximsdk/tools/gnutools/10.3/bin/../lib/gcc/arm-none-eabi/10.3.1/../../../../arm-none-eabi/lib/thumb/v7e-m+fp/softfp\libc.a(lib_a-vfprintf.o)
 *fill*         0x1000896a        0x2 
 .rodata.blanks.1
                0x1000896c       0x10 c:/maximsdk/tools/gnutools/10.3/bin/../lib/gcc/arm-none-eabi/10.3.1/../../../../arm-none-eabi/lib/thumb/v7e-m+fp/softfp\libc.a(lib_a-vfprintf.o)
 .rodata.zeroes.0
                0x1000897c       0x10 c:/maximsdk/tools/gnutools/10.3/bin/../lib/gcc/arm-none-eabi/10.3.1/../../../../arm-none-eabi/lib/thumb/v7e-m+fp/softfp\libc.a(lib_a-vfprintf.o)
 .rodata._dtoa_r.str1.4
                0x1000898c       0xa2 c:/maximsdk/tools/gnutools/10.3/bin/../lib/gcc/arm-none-eabi/10.3.1/../../../../arm-none-eabi/lib/thumb/v7e-m+fp/softfp\libc.a(lib_a-dtoa.o)
                                 0xa6 (size before relaxing)
 *fill*         0x10008a2e        0x2 
 .rodata.__multadd.str1.4
                0x10008a30       0x7f c:/maximsdk/tools/gnutools/10.3/bin/../lib/gcc/arm-none-eabi/10.3.1/../../../../arm-none-eabi/lib/thumb/v7e-m+fp/softfp\libc.a(lib_a-mprec.o)
                                 0x93 (size before relaxing)
 *fill*         0x10008aaf        0x1 
 .rodata.__mprec_bigtens
                0x10008ab0       0x28 c:/maximsdk/tools/gnutools/10.3/bin/../lib/gcc/arm-none-eabi/10.3.1/../../../../arm-none-eabi/lib/thumb/v7e-m+fp/softfp\libc.a(lib_a-mprec.o)
                0x10008ab0                __mprec_bigtens
 .rodata.__mprec_tens
                0x10008ad8       0xc8 c:/maximsdk/tools/gnutools/10.3/bin/../lib/gcc/arm-none-eabi/10.3.1/../../../../arm-none-eabi/lib/thumb/v7e-m+fp/softfp\libc.a(lib_a-mprec.o)
                0x10008ad8                __mprec_tens
 .rodata.p05.0  0x10008ba0        0xc c:/maximsdk/tools/gnutools/10.3/bin/../lib/gcc/arm-none-eabi/10.3.1/../../../../arm-none-eabi/lib/thumb/v7e-m+fp/softfp\libc.a(lib_a-mprec.o)
 .rodata._vfiprintf_r.str1.4
                0x10008bac       0x2f c:/maximsdk/tools/gnutools/10.3/bin/../lib/gcc/arm-none-eabi/10.3.1/../../../../arm-none-eabi/lib/thumb/v7e-m+fp/softfp\libc.a(lib_a-vfiprintf.o)
 .rodata.blanks.1
                0x10008bac       0x10 c:/maximsdk/tools/gnutools/10.3/bin/../lib/gcc/arm-none-eabi/10.3.1/../../../../arm-none-eabi/lib/thumb/v7e-m+fp/softfp\libc.a(lib_a-vfiprintf.o)
 .rodata.zeroes.0
                0x10008bbc       0x10 c:/maximsdk/tools/gnutools/10.3/bin/../lib/gcc/arm-none-eabi/10.3.1/../../../../arm-none-eabi/lib/thumb/v7e-m+fp/softfp\libc.a(lib_a-vfiprintf.o)
 .rodata.__assert_func.str1.4
                0x10008bcc       0x3f c:/maximsdk/tools/gnutools/10.3/bin/../lib/gcc/arm-none-eabi/10.3.1/../../../../arm-none-eabi/lib/thumb/v7e-m+fp/softfp\libc.a(lib_a-assert.o)
                                 0x43 (size before relaxing)
 *fill*         0x10008c0b        0x1 
 .rodata._setlocale_r.str1.4
                0x10008c0c        0xa c:/maximsdk/tools/gnutools/10.3/bin/../lib/gcc/arm-none-eabi/10.3.1/../../../../arm-none-eabi/lib/thumb/v7e-m+fp/softfp\libc.a(lib_a-locale.o)
                                  0xd (size before relaxing)
 *fill*         0x10008c16        0x2 
 .rodata.str1.4
                0x10008c18        0x2 c:/maximsdk/tools/gnutools/10.3/bin/../lib/gcc/arm-none-eabi/10.3.1/../../../../arm-none-eabi/lib/thumb/v7e-m+fp/softfp\libc.a(lib_a-locale.o)
 *fill*         0x10008c1a        0x2 
 .rodata._ctype_
                0x10008c1c      0x101 c:/maximsdk/tools/gnutools/10.3/bin/../lib/gcc/arm-none-eabi/10.3.1/../../../../arm-none-eabi/lib/thumb/v7e-m+fp/softfp\libc.a(lib_a-ctype_.o)
                0x10008c1c                _ctype_
 *(.init)
 *fill*         0x10008d1d        0x3 
 .init          0x10008d20        0x4 c:/maximsdk/tools/gnutools/10.3/bin/../lib/gcc/arm-none-eabi/10.3.1/thumb/v7e-m+fp/softfp/crti.o
                0x10008d20                _init
 .init          0x10008d24        0x8 c:/maximsdk/tools/gnutools/10.3/bin/../lib/gcc/arm-none-eabi/10.3.1/thumb/v7e-m+fp/softfp/crtn.o
 *(.fini)
 .fini          0x10008d2c        0x4 c:/maximsdk/tools/gnutools/10.3/bin/../lib/gcc/arm-none-eabi/10.3.1/thumb/v7e-m+fp/softfp/crti.o
                0x10008d2c                _fini
 .fini          0x10008d30        0x8 c:/maximsdk/tools/gnutools/10.3/bin/../lib/gcc/arm-none-eabi/10.3.1/thumb/v7e-m+fp/softfp/crtn.o
 *crtbegin.o(.ctors)
 *crtbegin?.o(.ctors)
 *(EXCLUDE_FILE(*crtend.o *crtend?.o) .ctors)
 *(SORT_BY_NAME(.ctors.*))
 *(.ctors)
 *crtbegin.o(.dtors)
 *crtbegin?.o(.dtors)
 *(EXCLUDE_FILE(*crtend.o *crtend?.o) .dtors)
 *(SORT_BY_NAME(.dtors.*))
 *(.dtors)
 *(.eh_frame*)
 .eh_frame      0x10008d38        0x0 c:/maximsdk/tools/gnutools/10.3/bin/../lib/gcc/arm-none-eabi/10.3.1/thumb/v7e-m+fp/softfp/crtbegin.o
 .eh_frame      0x10008d38        0x4 c:/maximsdk/tools/gnutools/10.3/bin/../lib/gcc/arm-none-eabi/10.3.1/thumb/v7e-m+fp/softfp/crtend.o
                0x10008d3c                _etext = .

.glue_7         0x10008d3c        0x0
 .glue_7        0x10008d3c        0x0 linker stubs

.glue_7t        0x10008d3c        0x0
 .glue_7t       0x10008d3c        0x0 linker stubs

.vfp11_veneer   0x10008d3c        0x0
 .vfp11_veneer  0x10008d3c        0x0 linker stubs

.v4_bx          0x10008d3c        0x0
 .v4_bx         0x10008d3c        0x0 linker stubs

.iplt           0x10008d3c        0x0
 .iplt          0x10008d3c        0x0 c:/maximsdk/tools/gnutools/10.3/bin/../lib/gcc/arm-none-eabi/10.3.1/thumb/v7e-m+fp/softfp/crtbegin.o

.ARM.extab
 *(.ARM.extab* .gnu.linkonce.armextab.*)

.bin_storage    0x10008d3c        0x0
 FILL mask 0xff
                0x10008d3c                _bin_start_ = .
 *(.bin_storage_img)
                0x10008d3c                _bin_end_ = .
                0x10008d3c                . = ALIGN (0x4)

.rom_code       0x00000000        0x0
                0x00000000                . = ALIGN (0x10)
                0x20000000                _sran_code = .
 *(.rom_code_section)
                0x20000000                _esran_code = .

.flash_code     0x10008d3c        0x4
                0x10008d40                . = ALIGN (0x10)
 *fill*         0x10008d3c        0x4 
                0x20000000                _sran_code = .
 *(.flash_code_section)
                0x20000000                _esran_code = .

.sram_code      0x20000000        0x0
                0x20000000                . = ALIGN (0x10)
                0x20000000                _sran_code = .
 *(.sram_code_section)
                0x20000000                _esran_code = .

.ARM.exidx      0x10008d40        0x8
                0x10008d40                __exidx_start = .
 *(.ARM.exidx* .gnu.linkonce.armexidx.*)
 .ARM.exidx     0x10008d40        0x8 c:/maximsdk/tools/gnutools/10.3/bin/../lib/gcc/arm-none-eabi/10.3.1/thumb/v7e-m+fp/softfp\libgcc.a(_udivmoddi4.o)
                0x10008d48                __exidx_end = .

.rel.dyn        0x10008d48        0x0
 .rel.iplt      0x10008d48        0x0 c:/maximsdk/tools/gnutools/10.3/bin/../lib/gcc/arm-none-eabi/10.3.1/thumb/v7e-m+fp/softfp/crtbegin.o

.data           0x20000000      0xa6c load address 0x10008d48
                0x20000000                _data = ALIGN (., 0x4)
 *(vtable)
 *(.data*)
 .data.leds     0x20000000       0x48 c:/Users/thady/OneDrive/Desktop/4th_Year_1st_Sem/187.1/Led_Sequence/GPIO/build/main.o
                0x20000000                leds
 .data.ConsoleUart
                0x20000048        0x4 c:/Users/thady/OneDrive/Desktop/4th_Year_1st_Sem/187.1/Led_Sequence/GPIO/build/board.o
                0x20000048                ConsoleUart
 .data.overflows
                0x2000004c        0x4 C:/MaximSDK/Libraries/PeriphDrivers/bin/MAX78000/spi-v1_softfp/libPeriphDriver_spi-v1_softfp.a(mxc_delay.o)
 .data.states   0x20000050       0x60 C:/MaximSDK/Libraries/PeriphDrivers/bin/MAX78000/spi-v1_softfp/libPeriphDriver_spi-v1_softfp.a(uart_revb.o)
 .data._impure_ptr
                0x200000b0        0x4 c:/maximsdk/tools/gnutools/10.3/bin/../lib/gcc/arm-none-eabi/10.3.1/../../../../arm-none-eabi/lib/thumb/v7e-m+fp/softfp\libc.a(lib_a-impure.o)
                0x200000b0                _impure_ptr
 *fill*         0x200000b4        0x4 
 .data.impure_data
                0x200000b8      0x428 c:/maximsdk/tools/gnutools/10.3/bin/../lib/gcc/arm-none-eabi/10.3.1/../../../../arm-none-eabi/lib/thumb/v7e-m+fp/softfp\libc.a(lib_a-impure.o)
 .data.__malloc_av_
                0x200004e0      0x408 c:/maximsdk/tools/gnutools/10.3/bin/../lib/gcc/arm-none-eabi/10.3.1/../../../../arm-none-eabi/lib/thumb/v7e-m+fp/softfp\libc.a(lib_a-mallocr.o)
                0x200004e0                __malloc_av_
 .data.__malloc_sbrk_base
                0x200008e8        0x4 c:/maximsdk/tools/gnutools/10.3/bin/../lib/gcc/arm-none-eabi/10.3.1/../../../../arm-none-eabi/lib/thumb/v7e-m+fp/softfp\libc.a(lib_a-mallocr.o)
                0x200008e8                __malloc_sbrk_base
 .data.__malloc_trim_threshold
                0x200008ec        0x4 c:/maximsdk/tools/gnutools/10.3/bin/../lib/gcc/arm-none-eabi/10.3.1/../../../../arm-none-eabi/lib/thumb/v7e-m+fp/softfp\libc.a(lib_a-mallocr.o)
                0x200008ec                __malloc_trim_threshold
 .data.__atexit_recursive_mutex
                0x200008f0        0x4 c:/maximsdk/tools/gnutools/10.3/bin/../lib/gcc/arm-none-eabi/10.3.1/../../../../arm-none-eabi/lib/thumb/v7e-m+fp/softfp\libc.a(lib_a-__call_atexit.o)
                0x200008f0                __atexit_recursive_mutex
 .data.__global_locale
                0x200008f4      0x16c c:/maximsdk/tools/gnutools/10.3/bin/../lib/gcc/arm-none-eabi/10.3.1/../../../../arm-none-eabi/lib/thumb/v7e-m+fp/softfp\libc.a(lib_a-locale.o)
                0x200008f4                __global_locale
 *(.flashprog*)
                0x20000a60                . = ALIGN (0x4)
                0x20000a60                PROVIDE (__preinit_array_start = .)
 *(.preinit_array)
                0x20000a60                PROVIDE (__preinit_array_end = .)
                0x20000a60                . = ALIGN (0x4)
                0x20000a60                PROVIDE (__init_array_start = .)
 *(SORT_BY_NAME(.init_array.*))
 .init_array.00000
                0x20000a60        0x4 c:/maximsdk/tools/gnutools/10.3/bin/../lib/gcc/arm-none-eabi/10.3.1/../../../../arm-none-eabi/lib/thumb/v7e-m+fp/softfp\libc.a(lib_a-__call_atexit.o)
 *(.init_array)
 .init_array    0x20000a64        0x4 c:/maximsdk/tools/gnutools/10.3/bin/../lib/gcc/arm-none-eabi/10.3.1/thumb/v7e-m+fp/softfp/crtbegin.o
                0x20000a68                PROVIDE (__init_array_end = .)
                0x20000a68                . = ALIGN (0x4)
                0x20000a68                PROVIDE (__fini_array_start = .)
 *(SORT_BY_NAME(.fini_array.*))
 *(.fini_array)
 .fini_array    0x20000a68        0x4 c:/maximsdk/tools/gnutools/10.3/bin/../lib/gcc/arm-none-eabi/10.3.1/thumb/v7e-m+fp/softfp/crtbegin.o
                0x20000a6c                PROVIDE (__fini_array_end = .)
                0x20000a6c                _edata = ALIGN (., 0x4)
                0x10008d48                __load_data = LOADADDR (.data)

.igot.plt       0x20000a6c        0x0 load address 0x100097b4
 .igot.plt      0x20000a6c        0x0 c:/maximsdk/tools/gnutools/10.3/bin/../lib/gcc/arm-none-eabi/10.3.1/thumb/v7e-m+fp/softfp/crtbegin.o

.bss            0x20000a6c      0x4c8 load address 0x100097b4
                0x20000a6c                . = ALIGN (0x4)
                0x20000a6c                _bss = .
 *(.bss*)
 .bss           0x20000a6c       0x1c c:/maximsdk/tools/gnutools/10.3/bin/../lib/gcc/arm-none-eabi/10.3.1/thumb/v7e-m+fp/softfp/crtbegin.o
 .bss.g_pb_polarity
                0x20000a88        0x4 c:/Users/thady/OneDrive/Desktop/4th_Year_1st_Sem/187.1/Led_Sequence/GPIO/build/pb.o
 .bss.blen_pin  0x20000a8c        0xc c:/Users/thady/OneDrive/Desktop/4th_Year_1st_Sem/187.1/Led_Sequence/GPIO/build/tft_ssd2119.o
 .bss.g_spi_gpio
                0x20000a98        0xc c:/Users/thady/OneDrive/Desktop/4th_Year_1st_Sem/187.1/Led_Sequence/GPIO/build/tft_ssd2119.o
 .bss.reset_pin
                0x20000aa4        0xc c:/Users/thady/OneDrive/Desktop/4th_Year_1st_Sem/187.1/Led_Sequence/GPIO/build/tft_ssd2119.o
 .bss.spi       0x20000ab0        0x4 c:/Users/thady/OneDrive/Desktop/4th_Year_1st_Sem/187.1/Led_Sequence/GPIO/build/tft_ssd2119.o
 .bss.ssel      0x20000ab4        0x4 c:/Users/thady/OneDrive/Desktop/4th_Year_1st_Sem/187.1/Led_Sequence/GPIO/build/tft_ssd2119.o
 .bss.tft_spi_freq
                0x20000ab8        0x4 c:/Users/thady/OneDrive/Desktop/4th_Year_1st_Sem/187.1/Led_Sequence/GPIO/build/tft_ssd2119.o
 .bss.busy_gpio
                0x20000abc        0xc c:/Users/thady/OneDrive/Desktop/4th_Year_1st_Sem/187.1/Led_Sequence/GPIO/build/tsc2046.o
 .bss.int_gpio  0x20000ac8        0xc c:/Users/thady/OneDrive/Desktop/4th_Year_1st_Sem/187.1/Led_Sequence/GPIO/build/tsc2046.o
 .bss.heap_end  0x20000ad4        0x4 c:/Users/thady/OneDrive/Desktop/4th_Year_1st_Sem/187.1/Led_Sequence/GPIO/build/heap.o
 .bss.cbFunc    0x20000ad8        0x4 C:/MaximSDK/Libraries/PeriphDrivers/bin/MAX78000/spi-v1_softfp/libPeriphDriver_spi-v1_softfp.a(mxc_delay.o)
 .bss.ctrl_save
                0x20000adc        0x4 C:/MaximSDK/Libraries/PeriphDrivers/bin/MAX78000/spi-v1_softfp/libPeriphDriver_spi-v1_softfp.a(mxc_delay.o)
 .bss.endtick   0x20000ae0        0x4 C:/MaximSDK/Libraries/PeriphDrivers/bin/MAX78000/spi-v1_softfp/libPeriphDriver_spi-v1_softfp.a(mxc_delay.o)
 .bss.g_is_clock_locked
                0x20000ae4        0x4 C:/MaximSDK/Libraries/PeriphDrivers/bin/MAX78000/spi-v1_softfp/libPeriphDriver_spi-v1_softfp.a(uart_revb.o)
 .bss.callback  0x20000ae8      0x200 C:/MaximSDK/Libraries/PeriphDrivers/bin/MAX78000/spi-v1_softfp/libPeriphDriver_spi-v1_softfp.a(gpio_common.o)
 .bss.cbparam   0x20000ce8      0x200 C:/MaximSDK/Libraries/PeriphDrivers/bin/MAX78000/spi-v1_softfp/libPeriphDriver_spi-v1_softfp.a(gpio_common.o)
 .bss.cfg_lock  0x20000ee8        0x1 C:/MaximSDK/Libraries/PeriphDrivers/bin/MAX78000/spi-v1_softfp/libPeriphDriver_spi-v1_softfp.a(gpio_common.o)
 .bss.initialized
                0x20000ee9        0x1 C:/MaximSDK/Libraries/PeriphDrivers/bin/MAX78000/spi-v1_softfp/libPeriphDriver_spi-v1_softfp.a(gpio_common.o)
 *fill*         0x20000eea        0x2 
 .bss.__malloc_current_mallinfo
                0x20000eec       0x28 c:/maximsdk/tools/gnutools/10.3/bin/../lib/gcc/arm-none-eabi/10.3.1/../../../../arm-none-eabi/lib/thumb/v7e-m+fp/softfp\libc.a(lib_a-mallocr.o)
                0x20000eec                __malloc_current_mallinfo
 .bss.__malloc_max_sbrked_mem
                0x20000f14        0x4 c:/maximsdk/tools/gnutools/10.3/bin/../lib/gcc/arm-none-eabi/10.3.1/../../../../arm-none-eabi/lib/thumb/v7e-m+fp/softfp\libc.a(lib_a-mallocr.o)
                0x20000f14                __malloc_max_sbrked_mem
 .bss.__malloc_max_total_mem
                0x20000f18        0x4 c:/maximsdk/tools/gnutools/10.3/bin/../lib/gcc/arm-none-eabi/10.3.1/../../../../arm-none-eabi/lib/thumb/v7e-m+fp/softfp\libc.a(lib_a-mallocr.o)
                0x20000f18                __malloc_max_total_mem
 .bss.__malloc_top_pad
                0x20000f1c        0x4 c:/maximsdk/tools/gnutools/10.3/bin/../lib/gcc/arm-none-eabi/10.3.1/../../../../arm-none-eabi/lib/thumb/v7e-m+fp/softfp\libc.a(lib_a-mallocr.o)
                0x20000f1c                __malloc_top_pad
 .bss.__lock___atexit_recursive_mutex
                0x20000f20        0x1 c:/maximsdk/tools/gnutools/10.3/bin/../lib/gcc/arm-none-eabi/10.3.1/../../../../arm-none-eabi/lib/thumb/v7e-m+fp/softfp\libc.a(lib_a-lock.o)
                0x20000f20                __lock___atexit_recursive_mutex
 *fill*         0x20000f21        0x3 
 .bss.__lock___malloc_recursive_mutex
                0x20000f24        0x1 c:/maximsdk/tools/gnutools/10.3/bin/../lib/gcc/arm-none-eabi/10.3.1/../../../../arm-none-eabi/lib/thumb/v7e-m+fp/softfp\libc.a(lib_a-lock.o)
                0x20000f24                __lock___malloc_recursive_mutex
 *fill*         0x20000f25        0x3 
 .bss.__lock___sfp_recursive_mutex
                0x20000f28        0x1 c:/maximsdk/tools/gnutools/10.3/bin/../lib/gcc/arm-none-eabi/10.3.1/../../../../arm-none-eabi/lib/thumb/v7e-m+fp/softfp\libc.a(lib_a-lock.o)
                0x20000f28                __lock___sfp_recursive_mutex
 *fill*         0x20000f29        0x3 
 .bss.__lock___sinit_recursive_mutex
                0x20000f2c        0x1 c:/maximsdk/tools/gnutools/10.3/bin/../lib/gcc/arm-none-eabi/10.3.1/../../../../arm-none-eabi/lib/thumb/v7e-m+fp/softfp\libc.a(lib_a-lock.o)
                0x20000f2c                __lock___sinit_recursive_mutex
 *fill*         0x20000f2d        0x3 
 .bss.errno     0x20000f30        0x4 c:/maximsdk/tools/gnutools/10.3/bin/../lib/gcc/arm-none-eabi/10.3.1/../../../../arm-none-eabi/lib/thumb/v7e-m+fp/softfp\libc.a(lib_a-reent.o)
                0x20000f30                errno
 *(COMMON)
                0x20000f34                _ebss = ALIGN (., 0x4)

.shared         0x20000f34        0x4 load address 0x100097b4
                0x20000f34                . = ALIGN (0x4)
                0x20000f34                _shared = .
 *(.mailbox*)
                0x20000f34                . = ALIGN (0x4)
 *(.shared*)
 .shared        0x20000f34        0x4 c:/Users/thady/OneDrive/Desktop/4th_Year_1st_Sem/187.1/Led_Sequence/GPIO/build/system_max78000.o
                0x20000f34                SystemCoreClock
                0x20000f38                _eshared = ALIGN (., 0x4)
                0x100097b4                __shared_data = LOADADDR (.shared)
                0x20020000                __StackTop = (ORIGIN (SRAM) + LENGTH (SRAM))
                0x2001f000                __StackLimit = (__StackTop - SIZEOF (.stack_dummy))

.stack_dummy    0x20000f38     0x1000 load address 0x100097b8
 *(.stack*)
 .stack         0x20000f38     0x1000 c:/Users/thady/OneDrive/Desktop/4th_Year_1st_Sem/187.1/Led_Sequence/GPIO/build/startup_max78000.o

.heap           0x20000f38      0xc00 load address 0x100097b8
                0x20000f38                . = ALIGN (0x4)
 *(.heap*)
 .heap          0x20000f38      0xc00 c:/Users/thady/OneDrive/Desktop/4th_Year_1st_Sem/187.1/Led_Sequence/GPIO/build/startup_max78000.o
                0x20000f38                __HeapBase
                0x2001f000                __HeapLimit = ABSOLUTE (__StackLimit)
                0x20020000                PROVIDE (__stack = __StackTop)
                0x00000001                ASSERT ((__StackLimit >= _ebss), region RAM overflowed with stack)

.riscv_flash    0x100097b8      0x148
                0x10009800                . = ALIGN (0x100)
 *fill*         0x100097b8       0x48 
                0x10009900                . = (. + 0x100)
 *fill*         0x10009800      0x100 
                0x10009900                _riscv_boot = .
 *riscv.o(.text*)
OUTPUT(c:/Users/thady/OneDrive/Desktop/4th_Year_1st_Sem/187.1/Led_Sequence/GPIO/build/GPIO.elf elf32-littlearm)
LOAD linker stubs

.ARM.attributes
                0x00000000       0x2e
 .ARM.attributes
                0x00000000       0x1e c:/maximsdk/tools/gnutools/10.3/bin/../lib/gcc/arm-none-eabi/10.3.1/thumb/v7e-m+fp/softfp/crti.o
 .ARM.attributes
                0x0000001e       0x32 c:/maximsdk/tools/gnutools/10.3/bin/../lib/gcc/arm-none-eabi/10.3.1/thumb/v7e-m+fp/softfp/crtbegin.o
 .ARM.attributes
                0x00000050       0x32 c:/Users/thady/OneDrive/Desktop/4th_Year_1st_Sem/187.1/Led_Sequence/GPIO/build/main.o
 .ARM.attributes
                0x00000082       0x32 c:/Users/thady/OneDrive/Desktop/4th_Year_1st_Sem/187.1/Led_Sequence/GPIO/build/board.o
 .ARM.attributes
                0x000000b4       0x32 c:/Users/thady/OneDrive/Desktop/4th_Year_1st_Sem/187.1/Led_Sequence/GPIO/build/stdio.o
 .ARM.attributes
                0x000000e6       0x32 c:/Users/thady/OneDrive/Desktop/4th_Year_1st_Sem/187.1/Led_Sequence/GPIO/build/led.o
 .ARM.attributes
                0x00000118       0x32 c:/Users/thady/OneDrive/Desktop/4th_Year_1st_Sem/187.1/Led_Sequence/GPIO/build/pb.o
 .ARM.attributes
                0x0000014a       0x32 c:/Users/thady/OneDrive/Desktop/4th_Year_1st_Sem/187.1/Led_Sequence/GPIO/build/tft_ssd2119.o
 .ARM.attributes
                0x0000017c       0x32 c:/Users/thady/OneDrive/Desktop/4th_Year_1st_Sem/187.1/Led_Sequence/GPIO/build/tsc2046.o
 .ARM.attributes
                0x000001ae       0x1b c:/Users/thady/OneDrive/Desktop/4th_Year_1st_Sem/187.1/Led_Sequence/GPIO/build/startup_max78000.o
 .ARM.attributes
                0x000001c9       0x32 c:/Users/thady/OneDrive/Desktop/4th_Year_1st_Sem/187.1/Led_Sequence/GPIO/build/heap.o
 .ARM.attributes
                0x000001fb       0x32 c:/Users/thady/OneDrive/Desktop/4th_Year_1st_Sem/187.1/Led_Sequence/GPIO/build/system_max78000.o
 .ARM.attributes
                0x0000022d       0x32 C:/MaximSDK/Libraries/PeriphDrivers/bin/MAX78000/spi-v1_softfp/libPeriphDriver_spi-v1_softfp.a(mxc_delay.o)
 .ARM.attributes
                0x0000025f       0x32 C:/MaximSDK/Libraries/PeriphDrivers/bin/MAX78000/spi-v1_softfp/libPeriphDriver_spi-v1_softfp.a(pins_ai85.o)
 .ARM.attributes
                0x00000291       0x32 C:/MaximSDK/Libraries/PeriphDrivers/bin/MAX78000/spi-v1_softfp/libPeriphDriver_spi-v1_softfp.a(sys_ai85.o)
 .ARM.attributes
                0x000002c3       0x32 C:/MaximSDK/Libraries/PeriphDrivers/bin/MAX78000/spi-v1_softfp/libPeriphDriver_spi-v1_softfp.a(gpio_ai85.o)
 .ARM.attributes
                0x000002f5       0x32 C:/MaximSDK/Libraries/PeriphDrivers/bin/MAX78000/spi-v1_softfp/libPeriphDriver_spi-v1_softfp.a(gpio_reva.o)
 .ARM.attributes
                0x00000327       0x32 C:/MaximSDK/Libraries/PeriphDrivers/bin/MAX78000/spi-v1_softfp/libPeriphDriver_spi-v1_softfp.a(icc_me17.o)
 .ARM.attributes
                0x00000359       0x32 C:/MaximSDK/Libraries/PeriphDrivers/bin/MAX78000/spi-v1_softfp/libPeriphDriver_spi-v1_softfp.a(icc_reva.o)
 .ARM.attributes
                0x0000038b       0x32 C:/MaximSDK/Libraries/PeriphDrivers/bin/MAX78000/spi-v1_softfp/libPeriphDriver_spi-v1_softfp.a(uart_ai85.o)
 .ARM.attributes
                0x000003bd       0x32 C:/MaximSDK/Libraries/PeriphDrivers/bin/MAX78000/spi-v1_softfp/libPeriphDriver_spi-v1_softfp.a(uart_common.o)
 .ARM.attributes
                0x000003ef       0x32 C:/MaximSDK/Libraries/PeriphDrivers/bin/MAX78000/spi-v1_softfp/libPeriphDriver_spi-v1_softfp.a(uart_revb.o)
 .ARM.attributes
                0x00000421       0x32 C:/MaximSDK/Libraries/PeriphDrivers/bin/MAX78000/spi-v1_softfp/libPeriphDriver_spi-v1_softfp.a(gpio_common.o)
 .ARM.attributes
                0x00000453       0x32 c:/maximsdk/tools/gnutools/10.3/bin/../lib/gcc/arm-none-eabi/10.3.1/../../../../arm-none-eabi/lib/thumb/v7e-m+fp/softfp\libc.a(lib_a-errno.o)
 .ARM.attributes
                0x00000485       0x32 c:/maximsdk/tools/gnutools/10.3/bin/../lib/gcc/arm-none-eabi/10.3.1/../../../../arm-none-eabi/lib/thumb/v7e-m+fp/softfp\libc.a(lib_a-impure.o)
 .ARM.attributes
                0x000004b7       0x32 c:/maximsdk/tools/gnutools/10.3/bin/../lib/gcc/arm-none-eabi/10.3.1/../../../../arm-none-eabi/lib/thumb/v7e-m+fp/softfp\libc.a(lib_a-init.o)
 .ARM.attributes
                0x000004e9       0x32 c:/maximsdk/tools/gnutools/10.3/bin/../lib/gcc/arm-none-eabi/10.3.1/../../../../arm-none-eabi/lib/thumb/v7e-m+fp/softfp\libc.a(lib_a-malloc.o)
 .ARM.attributes
                0x0000051b       0x32 c:/maximsdk/tools/gnutools/10.3/bin/../lib/gcc/arm-none-eabi/10.3.1/../../../../arm-none-eabi/lib/thumb/v7e-m+fp/softfp\libc.a(lib_a-mallocr.o)
 .ARM.attributes
                0x0000054d       0x1c c:/maximsdk/tools/gnutools/10.3/bin/../lib/gcc/arm-none-eabi/10.3.1/../../../../arm-none-eabi/lib/thumb/v7e-m+fp/softfp\libc.a(lib_a-memcpy.o)
 .ARM.attributes
                0x00000569       0x32 c:/maximsdk/tools/gnutools/10.3/bin/../lib/gcc/arm-none-eabi/10.3.1/../../../../arm-none-eabi/lib/thumb/v7e-m+fp/softfp\libc.a(lib_a-memset.o)
 .ARM.attributes
                0x0000059b       0x32 c:/maximsdk/tools/gnutools/10.3/bin/../lib/gcc/arm-none-eabi/10.3.1/../../../../arm-none-eabi/lib/thumb/v7e-m+fp/softfp\libc.a(lib_a-mlock.o)
 .ARM.attributes
                0x000005cd       0x32 c:/maximsdk/tools/gnutools/10.3/bin/../lib/gcc/arm-none-eabi/10.3.1/../../../../arm-none-eabi/lib/thumb/v7e-m+fp/softfp\libc.a(lib_a-printf.o)
 .ARM.attributes
                0x000005ff       0x32 c:/maximsdk/tools/gnutools/10.3/bin/../lib/gcc/arm-none-eabi/10.3.1/../../../../arm-none-eabi/lib/thumb/v7e-m+fp/softfp\libc.a(lib_a-rand.o)
 .ARM.attributes
                0x00000631       0x32 c:/maximsdk/tools/gnutools/10.3/bin/../lib/gcc/arm-none-eabi/10.3.1/../../../../arm-none-eabi/lib/thumb/v7e-m+fp/softfp\libc.a(lib_a-sbrkr.o)
 .ARM.attributes
                0x00000663       0x1c c:/maximsdk/tools/gnutools/10.3/bin/../lib/gcc/arm-none-eabi/10.3.1/../../../../arm-none-eabi/lib/thumb/v7e-m+fp/softfp\libc.a(lib_a-strlen.o)
 .ARM.attributes
                0x0000067f       0x32 c:/maximsdk/tools/gnutools/10.3/bin/../lib/gcc/arm-none-eabi/10.3.1/../../../../arm-none-eabi/lib/thumb/v7e-m+fp/softfp\libc.a(lib_a-vfprintf.o)
 .ARM.attributes
                0x000006b1       0x32 c:/maximsdk/tools/gnutools/10.3/bin/../lib/gcc/arm-none-eabi/10.3.1/../../../../arm-none-eabi/lib/thumb/v7e-m+fp/softfp\libc.a(lib_a-wsetup.o)
 .ARM.attributes
                0x000006e3       0x32 c:/maximsdk/tools/gnutools/10.3/bin/../lib/gcc/arm-none-eabi/10.3.1/../../../../arm-none-eabi/lib/thumb/v7e-m+fp/softfp\libc.a(lib_a-__call_atexit.o)
 .ARM.attributes
                0x00000715       0x32 c:/maximsdk/tools/gnutools/10.3/bin/../lib/gcc/arm-none-eabi/10.3.1/../../../../arm-none-eabi/lib/thumb/v7e-m+fp/softfp\libc.a(lib_a-atexit.o)
 .ARM.attributes
                0x00000747       0x32 c:/maximsdk/tools/gnutools/10.3/bin/../lib/gcc/arm-none-eabi/10.3.1/../../../../arm-none-eabi/lib/thumb/v7e-m+fp/softfp\libc.a(lib_a-dtoa.o)
 .ARM.attributes
                0x00000779       0x32 c:/maximsdk/tools/gnutools/10.3/bin/../lib/gcc/arm-none-eabi/10.3.1/../../../../arm-none-eabi/lib/thumb/v7e-m+fp/softfp\libc.a(lib_a-fflush.o)
 .ARM.attributes
                0x000007ab       0x32 c:/maximsdk/tools/gnutools/10.3/bin/../lib/gcc/arm-none-eabi/10.3.1/../../../../arm-none-eabi/lib/thumb/v7e-m+fp/softfp\libc.a(lib_a-findfp.o)
 .ARM.attributes
                0x000007dd       0x32 c:/maximsdk/tools/gnutools/10.3/bin/../lib/gcc/arm-none-eabi/10.3.1/../../../../arm-none-eabi/lib/thumb/v7e-m+fp/softfp\libc.a(lib_a-fini.o)
 .ARM.attributes
                0x0000080f       0x32 c:/maximsdk/tools/gnutools/10.3/bin/../lib/gcc/arm-none-eabi/10.3.1/../../../../arm-none-eabi/lib/thumb/v7e-m+fp/softfp\libc.a(lib_a-freer.o)
 .ARM.attributes
                0x00000841       0x32 c:/maximsdk/tools/gnutools/10.3/bin/../lib/gcc/arm-none-eabi/10.3.1/../../../../arm-none-eabi/lib/thumb/v7e-m+fp/softfp\libc.a(lib_a-fvwrite.o)
 .ARM.attributes
                0x00000873       0x32 c:/maximsdk/tools/gnutools/10.3/bin/../lib/gcc/arm-none-eabi/10.3.1/../../../../arm-none-eabi/lib/thumb/v7e-m+fp/softfp\libc.a(lib_a-fwalk.o)
 .ARM.attributes
                0x000008a5       0x32 c:/maximsdk/tools/gnutools/10.3/bin/../lib/gcc/arm-none-eabi/10.3.1/../../../../arm-none-eabi/lib/thumb/v7e-m+fp/softfp\libc.a(lib_a-localeconv.o)
 .ARM.attributes
                0x000008d7       0x32 c:/maximsdk/tools/gnutools/10.3/bin/../lib/gcc/arm-none-eabi/10.3.1/../../../../arm-none-eabi/lib/thumb/v7e-m+fp/softfp\libc.a(lib_a-lock.o)
 .ARM.attributes
                0x00000909       0x32 c:/maximsdk/tools/gnutools/10.3/bin/../lib/gcc/arm-none-eabi/10.3.1/../../../../arm-none-eabi/lib/thumb/v7e-m+fp/softfp\libc.a(lib_a-makebuf.o)
 .ARM.attributes
                0x0000093b       0x1c c:/maximsdk/tools/gnutools/10.3/bin/../lib/gcc/arm-none-eabi/10.3.1/../../../../arm-none-eabi/lib/thumb/v7e-m+fp/softfp\libc.a(lib_a-memchr.o)
 .ARM.attributes
                0x00000957       0x32 c:/maximsdk/tools/gnutools/10.3/bin/../lib/gcc/arm-none-eabi/10.3.1/../../../../arm-none-eabi/lib/thumb/v7e-m+fp/softfp\libc.a(lib_a-memmove.o)
 .ARM.attributes
                0x00000989       0x32 c:/maximsdk/tools/gnutools/10.3/bin/../lib/gcc/arm-none-eabi/10.3.1/../../../../arm-none-eabi/lib/thumb/v7e-m+fp/softfp\libc.a(lib_a-mprec.o)
 .ARM.attributes
                0x000009bb       0x32 c:/maximsdk/tools/gnutools/10.3/bin/../lib/gcc/arm-none-eabi/10.3.1/../../../../arm-none-eabi/lib/thumb/v7e-m+fp/softfp\libc.a(lib_a-reallocr.o)
 .ARM.attributes
                0x000009ed       0x32 c:/maximsdk/tools/gnutools/10.3/bin/../lib/gcc/arm-none-eabi/10.3.1/../../../../arm-none-eabi/lib/thumb/v7e-m+fp/softfp\libc.a(lib_a-reent.o)
 .ARM.attributes
                0x00000a1f       0x32 c:/maximsdk/tools/gnutools/10.3/bin/../lib/gcc/arm-none-eabi/10.3.1/../../../../arm-none-eabi/lib/thumb/v7e-m+fp/softfp\libc.a(lib_a-s_frexp.o)
 .ARM.attributes
                0x00000a51       0x32 c:/maximsdk/tools/gnutools/10.3/bin/../lib/gcc/arm-none-eabi/10.3.1/../../../../arm-none-eabi/lib/thumb/v7e-m+fp/softfp\libc.a(lib_a-stdio.o)
 .ARM.attributes
                0x00000a83       0x32 c:/maximsdk/tools/gnutools/10.3/bin/../lib/gcc/arm-none-eabi/10.3.1/../../../../arm-none-eabi/lib/thumb/v7e-m+fp/softfp\libc.a(lib_a-strncpy.o)
 .ARM.attributes
                0x00000ab5       0x32 c:/maximsdk/tools/gnutools/10.3/bin/../lib/gcc/arm-none-eabi/10.3.1/../../../../arm-none-eabi/lib/thumb/v7e-m+fp/softfp\libc.a(lib_a-vfiprintf.o)
 .ARM.attributes
                0x00000ae7       0x32 c:/maximsdk/tools/gnutools/10.3/bin/../lib/gcc/arm-none-eabi/10.3.1/../../../../arm-none-eabi/lib/thumb/v7e-m+fp/softfp\libc.a(lib_a-writer.o)
 .ARM.attributes
                0x00000b19       0x32 c:/maximsdk/tools/gnutools/10.3/bin/../lib/gcc/arm-none-eabi/10.3.1/../../../../arm-none-eabi/lib/thumb/v7e-m+fp/softfp\libc.a(lib_a-__atexit.o)
 .ARM.attributes
                0x00000b4b       0x32 c:/maximsdk/tools/gnutools/10.3/bin/../lib/gcc/arm-none-eabi/10.3.1/../../../../arm-none-eabi/lib/thumb/v7e-m+fp/softfp\libc.a(lib_a-assert.o)
 .ARM.attributes
                0x00000b7d       0x32 c:/maximsdk/tools/gnutools/10.3/bin/../lib/gcc/arm-none-eabi/10.3.1/../../../../arm-none-eabi/lib/thumb/v7e-m+fp/softfp\libc.a(lib_a-callocr.o)
 .ARM.attributes
                0x00000baf       0x32 c:/maximsdk/tools/gnutools/10.3/bin/../lib/gcc/arm-none-eabi/10.3.1/../../../../arm-none-eabi/lib/thumb/v7e-m+fp/softfp\libc.a(lib_a-closer.o)
 .ARM.attributes
                0x00000be1       0x32 c:/maximsdk/tools/gnutools/10.3/bin/../lib/gcc/arm-none-eabi/10.3.1/../../../../arm-none-eabi/lib/thumb/v7e-m+fp/softfp\libc.a(lib_a-fclose.o)
 .ARM.attributes
                0x00000c13       0x32 c:/maximsdk/tools/gnutools/10.3/bin/../lib/gcc/arm-none-eabi/10.3.1/../../../../arm-none-eabi/lib/thumb/v7e-m+fp/softfp\libc.a(lib_a-fiprintf.o)
 .ARM.attributes
                0x00000c45       0x32 c:/maximsdk/tools/gnutools/10.3/bin/../lib/gcc/arm-none-eabi/10.3.1/../../../../arm-none-eabi/lib/thumb/v7e-m+fp/softfp\libc.a(lib_a-fputwc.o)
 .ARM.attributes
                0x00000c77       0x32 c:/maximsdk/tools/gnutools/10.3/bin/../lib/gcc/arm-none-eabi/10.3.1/../../../../arm-none-eabi/lib/thumb/v7e-m+fp/softfp\libc.a(lib_a-fstatr.o)
 .ARM.attributes
                0x00000ca9       0x32 c:/maximsdk/tools/gnutools/10.3/bin/../lib/gcc/arm-none-eabi/10.3.1/../../../../arm-none-eabi/lib/thumb/v7e-m+fp/softfp\libc.a(lib_a-isattyr.o)
 .ARM.attributes
                0x00000cdb       0x32 c:/maximsdk/tools/gnutools/10.3/bin/../lib/gcc/arm-none-eabi/10.3.1/../../../../arm-none-eabi/lib/thumb/v7e-m+fp/softfp\libc.a(lib_a-locale.o)
 .ARM.attributes
                0x00000d0d       0x32 c:/maximsdk/tools/gnutools/10.3/bin/../lib/gcc/arm-none-eabi/10.3.1/../../../../arm-none-eabi/lib/thumb/v7e-m+fp/softfp\libc.a(lib_a-lseekr.o)
 .ARM.attributes
                0x00000d3f       0x32 c:/maximsdk/tools/gnutools/10.3/bin/../lib/gcc/arm-none-eabi/10.3.1/../../../../arm-none-eabi/lib/thumb/v7e-m+fp/softfp\libc.a(lib_a-mbtowc_r.o)
 .ARM.attributes
                0x00000d71       0x32 c:/maximsdk/tools/gnutools/10.3/bin/../lib/gcc/arm-none-eabi/10.3.1/../../../../arm-none-eabi/lib/thumb/v7e-m+fp/softfp\libc.a(lib_a-readr.o)
 .ARM.attributes
                0x00000da3       0x32 c:/maximsdk/tools/gnutools/10.3/bin/../lib/gcc/arm-none-eabi/10.3.1/../../../../arm-none-eabi/lib/thumb/v7e-m+fp/softfp\libc.a(lib_a-wbuf.o)
 .ARM.attributes
                0x00000dd5       0x32 c:/maximsdk/tools/gnutools/10.3/bin/../lib/gcc/arm-none-eabi/10.3.1/../../../../arm-none-eabi/lib/thumb/v7e-m+fp/softfp\libc.a(lib_a-wcrtomb.o)
 .ARM.attributes
                0x00000e07       0x32 c:/maximsdk/tools/gnutools/10.3/bin/../lib/gcc/arm-none-eabi/10.3.1/../../../../arm-none-eabi/lib/thumb/v7e-m+fp/softfp\libc.a(lib_a-wctomb_r.o)
 .ARM.attributes
                0x00000e39       0x32 c:/maximsdk/tools/gnutools/10.3/bin/../lib/gcc/arm-none-eabi/10.3.1/../../../../arm-none-eabi/lib/thumb/v7e-m+fp/softfp\libc.a(lib_a-abort.o)
 .ARM.attributes
                0x00000e6b       0x32 c:/maximsdk/tools/gnutools/10.3/bin/../lib/gcc/arm-none-eabi/10.3.1/../../../../arm-none-eabi/lib/thumb/v7e-m+fp/softfp\libc.a(lib_a-ctype_.o)
 .ARM.attributes
                0x00000e9d       0x32 c:/maximsdk/tools/gnutools/10.3/bin/../lib/gcc/arm-none-eabi/10.3.1/../../../../arm-none-eabi/lib/thumb/v7e-m+fp/softfp\libc.a(lib_a-signal.o)
 .ARM.attributes
                0x00000ecf       0x32 c:/maximsdk/tools/gnutools/10.3/bin/../lib/gcc/arm-none-eabi/10.3.1/../../../../arm-none-eabi/lib/thumb/v7e-m+fp/softfp\libc.a(lib_a-signalr.o)
 .ARM.attributes
                0x00000f01       0x32 c:/maximsdk/tools/gnutools/10.3/bin/../lib/gcc/arm-none-eabi/10.3.1/../../../../arm-none-eabi/lib/thumb/v7e-m+fp/softfp\libnosys.a(_exit.o)
 .ARM.attributes
                0x00000f33       0x1e c:/maximsdk/tools/gnutools/10.3/bin/../lib/gcc/arm-none-eabi/10.3.1/thumb/v7e-m+fp/softfp\libgcc.a(_arm_addsubdf3.o)
 .ARM.attributes
                0x00000f51       0x1e c:/maximsdk/tools/gnutools/10.3/bin/../lib/gcc/arm-none-eabi/10.3.1/thumb/v7e-m+fp/softfp\libgcc.a(_arm_muldivdf3.o)
 .ARM.attributes
                0x00000f6f       0x1e c:/maximsdk/tools/gnutools/10.3/bin/../lib/gcc/arm-none-eabi/10.3.1/thumb/v7e-m+fp/softfp\libgcc.a(_arm_cmpdf2.o)
 .ARM.attributes
                0x00000f8d       0x1e c:/maximsdk/tools/gnutools/10.3/bin/../lib/gcc/arm-none-eabi/10.3.1/thumb/v7e-m+fp/softfp\libgcc.a(_arm_unorddf2.o)
 .ARM.attributes
                0x00000fab       0x1e c:/maximsdk/tools/gnutools/10.3/bin/../lib/gcc/arm-none-eabi/10.3.1/thumb/v7e-m+fp/softfp\libgcc.a(_arm_fixdfsi.o)
 .ARM.attributes
                0x00000fc9       0x1e c:/maximsdk/tools/gnutools/10.3/bin/../lib/gcc/arm-none-eabi/10.3.1/thumb/v7e-m+fp/softfp\libgcc.a(_aeabi_uldivmod.o)
 .ARM.attributes
                0x00000fe7       0x32 c:/maximsdk/tools/gnutools/10.3/bin/../lib/gcc/arm-none-eabi/10.3.1/thumb/v7e-m+fp/softfp\libgcc.a(_udivmoddi4.o)
 .ARM.attributes
                0x00001019       0x1e c:/maximsdk/tools/gnutools/10.3/bin/../lib/gcc/arm-none-eabi/10.3.1/thumb/v7e-m+fp/softfp\libgcc.a(_dvmd_tls.o)
 .ARM.attributes
                0x00001037       0x32 c:/maximsdk/tools/gnutools/10.3/bin/../lib/gcc/arm-none-eabi/10.3.1/thumb/v7e-m+fp/softfp/crtend.o
 .ARM.attributes
                0x00001069       0x1e c:/maximsdk/tools/gnutools/10.3/bin/../lib/gcc/arm-none-eabi/10.3.1/thumb/v7e-m+fp/softfp/crtn.o

.comment        0x00000000       0x49
 .comment       0x00000000       0x49 c:/Users/thady/OneDrive/Desktop/4th_Year_1st_Sem/187.1/Led_Sequence/GPIO/build/main.o
                                 0x4a (size before relaxing)
 .comment       0x00000049       0x4a c:/Users/thady/OneDrive/Desktop/4th_Year_1st_Sem/187.1/Led_Sequence/GPIO/build/board.o
 .comment       0x00000049       0x4a c:/Users/thady/OneDrive/Desktop/4th_Year_1st_Sem/187.1/Led_Sequence/GPIO/build/stdio.o
 .comment       0x00000049       0x4a c:/Users/thady/OneDrive/Desktop/4th_Year_1st_Sem/187.1/Led_Sequence/GPIO/build/led.o
 .comment       0x00000049       0x4a c:/Users/thady/OneDrive/Desktop/4th_Year_1st_Sem/187.1/Led_Sequence/GPIO/build/pb.o
 .comment       0x00000049       0x4a c:/Users/thady/OneDrive/Desktop/4th_Year_1st_Sem/187.1/Led_Sequence/GPIO/build/tft_ssd2119.o
 .comment       0x00000049       0x4a c:/Users/thady/OneDrive/Desktop/4th_Year_1st_Sem/187.1/Led_Sequence/GPIO/build/tsc2046.o
 .comment       0x00000049       0x4a c:/Users/thady/OneDrive/Desktop/4th_Year_1st_Sem/187.1/Led_Sequence/GPIO/build/heap.o
 .comment       0x00000049       0x4a c:/Users/thady/OneDrive/Desktop/4th_Year_1st_Sem/187.1/Led_Sequence/GPIO/build/system_max78000.o
 .comment       0x00000049       0x4a C:/MaximSDK/Libraries/PeriphDrivers/bin/MAX78000/spi-v1_softfp/libPeriphDriver_spi-v1_softfp.a(mxc_delay.o)
 .comment       0x00000049       0x4a C:/MaximSDK/Libraries/PeriphDrivers/bin/MAX78000/spi-v1_softfp/libPeriphDriver_spi-v1_softfp.a(pins_ai85.o)
 .comment       0x00000049       0x4a C:/MaximSDK/Libraries/PeriphDrivers/bin/MAX78000/spi-v1_softfp/libPeriphDriver_spi-v1_softfp.a(sys_ai85.o)
 .comment       0x00000049       0x4a C:/MaximSDK/Libraries/PeriphDrivers/bin/MAX78000/spi-v1_softfp/libPeriphDriver_spi-v1_softfp.a(gpio_ai85.o)
 .comment       0x00000049       0x4a C:/MaximSDK/Libraries/PeriphDrivers/bin/MAX78000/spi-v1_softfp/libPeriphDriver_spi-v1_softfp.a(gpio_reva.o)
 .comment       0x00000049       0x4a C:/MaximSDK/Libraries/PeriphDrivers/bin/MAX78000/spi-v1_softfp/libPeriphDriver_spi-v1_softfp.a(icc_me17.o)
 .comment       0x00000049       0x4a C:/MaximSDK/Libraries/PeriphDrivers/bin/MAX78000/spi-v1_softfp/libPeriphDriver_spi-v1_softfp.a(icc_reva.o)
 .comment       0x00000049       0x4a C:/MaximSDK/Libraries/PeriphDrivers/bin/MAX78000/spi-v1_softfp/libPeriphDriver_spi-v1_softfp.a(uart_ai85.o)
 .comment       0x00000049       0x4a C:/MaximSDK/Libraries/PeriphDrivers/bin/MAX78000/spi-v1_softfp/libPeriphDriver_spi-v1_softfp.a(uart_common.o)
 .comment       0x00000049       0x4a C:/MaximSDK/Libraries/PeriphDrivers/bin/MAX78000/spi-v1_softfp/libPeriphDriver_spi-v1_softfp.a(uart_revb.o)
 .comment       0x00000049       0x4a C:/MaximSDK/Libraries/PeriphDrivers/bin/MAX78000/spi-v1_softfp/libPeriphDriver_spi-v1_softfp.a(gpio_common.o)

.debug_info     0x00000000    0x14f3b
 .debug_info    0x00000000      0x75d c:/Users/thady/OneDrive/Desktop/4th_Year_1st_Sem/187.1/Led_Sequence/GPIO/build/main.o
 .debug_info    0x0000075d     0x1124 c:/Users/thady/OneDrive/Desktop/4th_Year_1st_Sem/187.1/Led_Sequence/GPIO/build/board.o