Archive member included to satisfy reference by file (symbol)

C:/MaximSDK/Libraries/PeriphDrivers/bin/MAX78000/spi-v1_softfp/libPeriphDriver_spi-v1_softfp.a(mxc_delay.o)
                              c:/Users/thady/OneDrive/Desktop/4th_Year_1st_Sem/187.1/Led_Sequence/GPIO1/build/main.o (MXC_Delay)
C:/MaximSDK/Libraries/PeriphDrivers/bin/MAX78000/spi-v1_softfp/libPeriphDriver_spi-v1_softfp.a(nvic_table.o)
                              c:/Users/thady/OneDrive/Desktop/4th_Year_1st_Sem/187.1/Led_Sequence/GPIO1/build/camera.o (MXC_NVIC_SetVector)
C:/MaximSDK/Libraries/PeriphDrivers/bin/MAX78000/spi-v1_softfp/libPeriphDriver_spi-v1_softfp.a(pins_ai85.o)
                              c:/Users/thady/OneDrive/Desktop/4th_Year_1st_Sem/187.1/Led_Sequence/GPIO1/build/camera.o (gpio_cfg_pcif_xclk)
C:/MaximSDK/Libraries/PeriphDrivers/bin/MAX78000/spi-v1_softfp/libPeriphDriver_spi-v1_softfp.a(sys_ai85.o)
                              c:/Users/thady/OneDrive/Desktop/4th_Year_1st_Sem/187.1/Led_Sequence/GPIO1/build/board.o (MXC_SYS_ClockEnable)
C:/MaximSDK/Libraries/PeriphDrivers/bin/MAX78000/spi-v1_softfp/libPeriphDriver_spi-v1_softfp.a(aes_me17.o)
                              C:/MaximSDK/Libraries/PeriphDrivers/bin/MAX78000/spi-v1_softfp/libPeriphDriver_spi-v1_softfp.a(sys_ai85.o) (MXC_AES_Init)
C:/MaximSDK/Libraries/PeriphDrivers/bin/MAX78000/spi-v1_softfp/libPeriphDriver_spi-v1_softfp.a(aes_revb.o)
                              C:/MaximSDK/Libraries/PeriphDrivers/bin/MAX78000/spi-v1_softfp/libPeriphDriver_spi-v1_softfp.a(aes_me17.o) (MXC_AES_RevB_Init)
C:/MaximSDK/Libraries/PeriphDrivers/bin/MAX78000/spi-v1_softfp/libPeriphDriver_spi-v1_softfp.a(cameraif_ai85.o)
                              c:/Users/thady/OneDrive/Desktop/4th_Year_1st_Sem/187.1/Led_Sequence/GPIO1/build/camera.o (MXC_PCIF_Init)
C:/MaximSDK/Libraries/PeriphDrivers/bin/MAX78000/spi-v1_softfp/libPeriphDriver_spi-v1_softfp.a(cameraif_reva.o)
                              C:/MaximSDK/Libraries/PeriphDrivers/bin/MAX78000/spi-v1_softfp/libPeriphDriver_spi-v1_softfp.a(cameraif_ai85.o) (MXC_PCIF_RevA_SetDatawidth)
C:/MaximSDK/Libraries/PeriphDrivers/bin/MAX78000/spi-v1_softfp/libPeriphDriver_spi-v1_softfp.a(dma_me17.o)
                              C:/MaximSDK/Libraries/PeriphDrivers/bin/MAX78000/spi-v1_softfp/libPeriphDriver_spi-v1_softfp.a(aes_revb.o) (MXC_DMA_Init)
C:/MaximSDK/Libraries/PeriphDrivers/bin/MAX78000/spi-v1_softfp/libPeriphDriver_spi-v1_softfp.a(dma_reva.o)
                              C:/MaximSDK/Libraries/PeriphDrivers/bin/MAX78000/spi-v1_softfp/libPeriphDriver_spi-v1_softfp.a(dma_me17.o) (MXC_DMA_RevA_Init)
C:/MaximSDK/Libraries/PeriphDrivers/bin/MAX78000/spi-v1_softfp/libPeriphDriver_spi-v1_softfp.a(flc_me17.o)
                              C:/MaximSDK/Libraries/PeriphDrivers/bin/MAX78000/spi-v1_softfp/libPeriphDriver_spi-v1_softfp.a(sys_ai85.o) (MXC_FLC_UnlockInfoBlock)
C:/MaximSDK/Libraries/PeriphDrivers/bin/MAX78000/spi-v1_softfp/libPeriphDriver_spi-v1_softfp.a(flc_reva.o)
                              C:/MaximSDK/Libraries/PeriphDrivers/bin/MAX78000/spi-v1_softfp/libPeriphDriver_spi-v1_softfp.a(flc_me17.o) (MXC_FLC_RevA_Busy)
C:/MaximSDK/Libraries/PeriphDrivers/bin/MAX78000/spi-v1_softfp/libPeriphDriver_spi-v1_softfp.a(gpio_ai85.o)
                              c:/Users/thady/OneDrive/Desktop/4th_Year_1st_Sem/187.1/Led_Sequence/GPIO1/build/main.o (MXC_GPIO_Config)
C:/MaximSDK/Libraries/PeriphDrivers/bin/MAX78000/spi-v1_softfp/libPeriphDriver_spi-v1_softfp.a(gpio_reva.o)
                              C:/MaximSDK/Libraries/PeriphDrivers/bin/MAX78000/spi-v1_softfp/libPeriphDriver_spi-v1_softfp.a(gpio_ai85.o) (MXC_GPIO_RevA_InGet)
C:/MaximSDK/Libraries/PeriphDrivers/bin/MAX78000/spi-v1_softfp/libPeriphDriver_spi-v1_softfp.a(icc_me17.o)
                              c:/Users/thady/OneDrive/Desktop/4th_Year_1st_Sem/187.1/Led_Sequence/GPIO1/build/system_max78000.o (MXC_ICC_Enable)
C:/MaximSDK/Libraries/PeriphDrivers/bin/MAX78000/spi-v1_softfp/libPeriphDriver_spi-v1_softfp.a(icc_reva.o)
                              C:/MaximSDK/Libraries/PeriphDrivers/bin/MAX78000/spi-v1_softfp/libPeriphDriver_spi-v1_softfp.a(icc_me17.o) (MXC_ICC_RevA_ID)
C:/MaximSDK/Libraries/PeriphDrivers/bin/MAX78000/spi-v1_softfp/libPeriphDriver_spi-v1_softfp.a(pt_ai85.o)
                              c:/Users/thady/OneDrive/Desktop/4th_Year_1st_Sem/187.1/Led_Sequence/GPIO1/build/camera.o (MXC_PT_Init)
C:/MaximSDK/Libraries/PeriphDrivers/bin/MAX78000/spi-v1_softfp/libPeriphDriver_spi-v1_softfp.a(pt_reva.o)
                              C:/MaximSDK/Libraries/PeriphDrivers/bin/MAX78000/spi-v1_softfp/libPeriphDriver_spi-v1_softfp.a(pt_ai85.o) (MXC_PT_RevA_Init)
C:/MaximSDK/Libraries/PeriphDrivers/bin/MAX78000/spi-v1_softfp/libPeriphDriver_spi-v1_softfp.a(spi_me17.o)
                              c:/Users/thady/OneDrive/Desktop/4th_Year_1st_Sem/187.1/Led_Sequence/GPIO1/build/board.o (MXC_SPI_Init)
[...]
Memory Configuration

Name             Origin             Length             Attributes
ROM              0x00000000         0x00010000         xr
FLASH            0x10000000         0x00080000         xr
SRAM             0x20000000         0x00020000         xrw
*default*        0x00000000         0xffffffff

Linker script and memory map

LOAD c:/maximsdk/tools/gnutools/10.3/bin/../lib/gcc/arm-none-eabi/10.3.1/thumb/v7e-m+fp/softfp/crti.o
LOAD c:/maximsdk/tools/gnutools/10.3/bin/../lib/gcc/arm-none-eabi/10.3.1/thumb/v7e-m+fp/softfp/crtbegin.o
LOAD c:/maximsdk/tools/gnutools/10.3/bin/../lib/gcc/arm-none-eabi/10.3.1/../../../../arm-none-eabi/lib/thumb/v7e-m+fp/softfp/crt0.o
LOAD c:/Users/thady/OneDrive/Desktop/4th_Year_1st_Sem/187.1/Led_Sequence/GPIO1/build/main.o
LOAD c:/Users/thady/OneDrive/Desktop/4th_Year_1st_Sem/187.1/Led_Sequence/GPIO1/build/board.o
LOAD c:/Users/thady/OneDrive/Desktop/4th_Year_1st_Sem/187.1/Led_Sequence/GPIO1/build/stdio.o
LOAD c:/Users/thady/OneDrive/Desktop/4th_Year_1st_Sem/187.1/Led_Sequence/GPIO1/build/led.o
LOAD c:/Users/thady/OneDrive/Desktop/4th_Year_1st_Sem/187.1/Led_Sequence/GPIO1/build/pb.o
LOAD c:/Users/thady/OneDrive/Desktop/4th_Year_1st_Sem/187.1/Led_Sequence/GPIO1/build/tft_ssd2119.o
LOAD c:/Users/thady/OneDrive/Desktop/4th_Year_1st_Sem/187.1/Led_Sequence/GPIO1/build/tsc2046.o
LOAD c:/Users/thady/OneDrive/Desktop/4th_Year_1st_Sem/187.1/Led_Sequence/GPIO1/build/camera.o
LOAD c:/Users/thady/OneDrive/Desktop/4th_Year_1st_Sem/187.1/Led_Sequence/GPIO1/build/ov7692.o
LOAD c:/Users/thady/OneDrive/Desktop/4th_Year_1st_Sem/187.1/Led_Sequence/GPIO1/build/sccb.o
LOAD c:/Users/thady/OneDrive/Desktop/4th_Year_1st_Sem/187.1/Led_Sequence/GPIO1/build/startup_max78000.o
LOAD c:/Users/thady/OneDrive/Desktop/4th_Year_1st_Sem/187.1/Led_Sequence/GPIO1/build/heap.o
LOAD c:/Users/thady/OneDrive/Desktop/4th_Year_1st_Sem/187.1/Led_Sequence/GPIO1/build/system_max78000.o
START GROUP
LOAD C:/MaximSDK/Libraries/PeriphDrivers/bin/MAX78000/spi-v1_softfp/libPeriphDriver_spi-v1_softfp.a
LOAD c:/maximsdk/tools/gnutools/10.3/bin/../lib/gcc/arm-none-eabi/10.3.1/../../../../arm-none-eabi/lib/thumb/v7e-m+fp/softfp\libc.a
LOAD c:/maximsdk/tools/gnutools/10.3/bin/../lib/gcc/arm-none-eabi/10.3.1/../../../../arm-none-eabi/lib/thumb/v7e-m+fp/softfp\libm.a
LOAD c:/maximsdk/tools/gnutools/10.3/bin/../lib/gcc/arm-none-eabi/10.3.1/../../../../arm-none-eabi/lib/thumb/v7e-m+fp/softfp\libnosys.a
END GROUP
START GROUP
LOAD c:/maximsdk/tools/gnutools/10.3/bin/../lib/gcc/arm-none-eabi/10.3.1/thumb/v7e-m+fp/softfp\libgcc.a
LOAD c:/maximsdk/tools/gnutools/10.3/bin/../lib/gcc/arm-none-eabi/10.3.1/../../../../arm-none-eabi/lib/thumb/v7e-m+fp/softfp\libc.a
END GROUP
LOAD c:/maximsdk/tools/gnutools/10.3/bin/../lib/gcc/arm-none-eabi/10.3.1/thumb/v7e-m+fp/softfp/crtend.o
LOAD c:/maximsdk/tools/gnutools/10.3/bin/../lib/gcc/arm-none-eabi/10.3.1/thumb/v7e-m+fp/softfp/crtn.o

.rom
 *(.rom_vector)
 *(.rom_handlers*)

.text           0x10000000     0x8f0c
                0x10000000                _text = .
 *(.isr_vector)
 .isr_vector    0x10000000      0x1e0 c:/Users/thady/OneDrive/Desktop/4th_Year_1st_Sem/187.1/Led_Sequence/GPIO1/build/startup_max78000.o
                0x10000000                __isr_vector
 EXCLUDE_FILE(*riscv.o) *(.text*)
 .text          0x100001e0       0x40 c:/maximsdk/tools/gnutools/10.3/bin/../lib/gcc/arm-none-eabi/10.3.1/thumb/v7e-m+fp/softfp/crtbegin.o
 .text.turnLEDs
                0x10000220       0x54 c:/Users/thady/OneDrive/Desktop/4th_Year_1st_Sem/187.1/Led_Sequence/GPIO1/build/main.o
                0x10000220                turnLEDs
 .text.startup.main
                0x10000274      0x1f0 c:/Users/thady/OneDrive/Desktop/4th_Year_1st_Sem/187.1/Led_Sequence/GPIO1/build/main.o
                0x10000274                main
 .text.mxc_assert
                0x10000464       0x10 c:/Users/thady/OneDrive/Desktop/4th_Year_1st_Sem/187.1/Led_Sequence/GPIO1/build/board.o
                0x10000464                mxc_assert
 .text.GPIO2_IRQHandler
                0x10000474        0x8 c:/Users/thady/OneDrive/Desktop/4th_Year_1st_Sem/187.1/Led_Sequence/GPIO1/build/board.o
                0x10000474                GPIO2_IRQHandler
 .text.GPIO0_IRQHandler
                0x1000047c        0x8 c:/Users/thady/OneDrive/Desktop/4th_Year_1st_Sem/187.1/Led_Sequence/GPIO1/build/board.o
                0x1000047c                GPIO0_IRQHandler
 .text.Board_Init
                0x10000484       0xec c:/Users/thady/OneDrive/Desktop/4th_Year_1st_Sem/187.1/Led_Sequence/GPIO1/build/board.o
                0x10000484                Board_Init
 .text.NMI_Handler
                0x10000570        0x4 c:/Users/thady/OneDrive/Desktop/4th_Year_1st_Sem/187.1/Led_Sequence/GPIO1/build/board.o
                0x10000570                NMI_Handler
 .text._close   0x10000574        0x8 c:/Users/thady/OneDrive/Desktop/4th_Year_1st_Sem/187.1/Led_Sequence/GPIO1/build/stdio.o
                0x10000574                _close
 .text._isatty  0x1000057c        0x8 c:/Users/thady/OneDrive/Desktop/4th_Year_1st_Sem/187.1/Led_Sequence/GPIO1/build/stdio.o
                0x1000057c                _isatty
 .text._lseek   0x10000584        0x8 c:/Users/thady/OneDrive/Desktop/4th_Year_1st_Sem/187.1/Led_Sequence/GPIO1/build/stdio.o
                0x10000584                _lseek
 .text._fstat   0x1000058c        0x8 c:/Users/thady/OneDrive/Desktop/4th_Year_1st_Sem/187.1/Led_Sequence/GPIO1/build/stdio.o
                0x1000058c                _fstat
 .text._read    0x10000594       0x50 c:/Users/thady/OneDrive/Desktop/4th_Year_1st_Sem/187.1/Led_Sequence/GPIO1/build/stdio.o
                0x10000594                _read
 .text._write   0x100005e4       0x54 c:/Users/thady/OneDrive/Desktop/4th_Year_1st_Sem/187.1/Led_Sequence/GPIO1/build/stdio.o
                0x100005e4                _write
 .text.LED_Init
                0x10000638       0x40 c:/Users/thady/OneDrive/Desktop/4th_Year_1st_Sem/187.1/Led_Sequence/GPIO1/build/led.o
                0x10000638                LED_Init
 .text.PB_Init  0x10000678       0x68 c:/Users/thady/OneDrive/Desktop/4th_Year_1st_Sem/187.1/Led_Sequence/GPIO1/build/pb.o
                0x10000678                PB_Init
 .text.MXC_TFT_PreInit
                0x100006e0       0x78 c:/Users/thady/OneDrive/Desktop/4th_Year_1st_Sem/187.1/Led_Sequence/GPIO1/build/tft_ssd2119.o
                0x100006e0                MXC_TFT_PreInit
 .text.MXC_TS_PreInit
                0x10000758       0x44 c:/Users/thady/OneDrive/Desktop/4th_Year_1st_Sem/187.1/Led_Sequence/GPIO1/build/tsc2046.o
                0x10000758                MXC_TS_PreInit
 .text          0x1000079c      0x148 c:/Users/thady/OneDrive/Desktop/4th_Year_1st_Sem/187.1/Led_Sequence/GPIO1/build/startup_max78000.o
                0x1000079c                Reset_Handler
                0x100007da                HardFault_Handler
                0x100007dc                MemManage_Handler
                0x100007de                BusFault_Handler
                0x100007e0                UsageFault_Handler
                0x100007e2                SVC_Handler
                0x100007e4                DebugMon_Handler
                0x100007e6                PendSV_Handler
                0x100007e8                SysTick_Handler
                0x100007ea                Default_Handler
                0x100007ec                PF_IRQHandler
                0x100007ee                WDT0_IRQHandler
                0x100007f0                RSV02_IRQHandler
                0x100007f2                RTC_IRQHandler
                0x100007f4                TRNG_IRQHandler
                0x100007f6                TMR0_IRQHandler
                0x100007f8                TMR1_IRQHandler
                0x100007fa                TMR2_IRQHandler
                0x100007fc                TMR3_IRQHandler
                0x100007fe                TMR4_IRQHandler
                0x10000800                TMR5_IRQHandler
                0x10000802                RSV11_IRQHandler
                0x10000804                RSV12_IRQHandler
                0x10000806                I2C0_IRQHandler
                0x10000808                UART0_IRQHandler
                0x1000080a                UART1_IRQHandler
                0x1000080c                SPI1_IRQHandler
                0x1000080e                RSV17_IRQHandler
                0x10000810                RSV18_IRQHandler
                0x10000812                RSV19_IRQHandler
                0x10000814                ADC_IRQHandler
                0x10000816                RSV21_IRQHandler
                0x10000818                RSV22_IRQHandler
                0x1000081a                FLC0_IRQHandler
                0x1000081e                GPIO1_IRQHandler
                0x10000822                RSV27_IRQHandler
                0x10000824                DMA0_IRQHandler
                0x10000826                DMA1_IRQHandler
                0x10000828                DMA2_IRQHandler
                0x1000082a                DMA3_IRQHandler
                0x1000082c                RSV32_IRQHandler
                0x1000082e                RSV33_IRQHandler
                0x10000830                UART2_IRQHandler
                0x10000832                RSV35_IRQHandler
                0x10000834                I2C1_IRQHandler
                0x10000836                RSV37_IRQHandler
                0x10000838                RSV38_IRQHandler
                0x1000083a                RSV39_IRQHandler
                0x1000083c                RSV40_IRQHandler
                0x1000083e                RSV41_IRQHandler
                0x10000840                RSV42_IRQHandler
                0x10000842                RSV43_IRQHandler
                0x10000844                RSV44_IRQHandler
                0x10000846                RSV45_IRQHandler
                0x10000848                RSV46_IRQHandler
                0x1000084a                RSV47_IRQHandler
                0x1000084c                RSV48_IRQHandler
                0x1000084e                RSV49_IRQHandler
                0x10000850                RSV50_IRQHandler
                0x10000852                RSV51_IRQHandler
                0x10000854                RSV52_IRQHandler
                0x10000856                WUT_IRQHandler
                0x10000858                GPIOWAKE_IRQHandler
                0x1000085a                RSV55_IRQHandler
                0x1000085c                SPI0_IRQHandler
                0x1000085e                WDT1_IRQHandler
                0x10000860                RSV58_IRQHandler
                0x10000862                PT_IRQHandler
                0x10000864                RSV60_IRQHandler
                0x10000866                RSV61_IRQHandler
                0x10000868                I2C2_IRQHandler
                0x1000086a                RISCV_IRQHandler
                0x1000086c                RSV64_IRQHandler
                0x1000086e                RSV65_IRQHandler
                0x10000870                RSV66_IRQHandler
                0x10000872                OWM_IRQHandler
                0x10000874                RSV68_IRQHandler
                0x10000876                RSV69_IRQHandler
                0x10000878                RSV70_IRQHandler
                0x1000087a                RSV71_IRQHandler
                0x1000087c                RSV72_IRQHandler
                0x1000087e                RSV73_IRQHandler
                0x10000880                RSV74_IRQHandler
                0x10000882                RSV75_IRQHandler
                0x10000884                RSV76_IRQHandler
                0x10000886                RSV77_IRQHandler
                0x10000888                RSV78_IRQHandler
                0x1000088a                RSV79_IRQHandler
                0x1000088c                RSV80_IRQHandler
                0x1000088e                RSV81_IRQHandler
                0x10000890                ECC_IRQHandler
                0x10000892                DVS_IRQHandler
                0x10000894                SIMO_IRQHandler
                0x10000896                RSV85_IRQHandler
                0x10000898                RSV86_IRQHandler
                0x1000089a                RSV87_IRQHandler
                0x1000089c                UART3_IRQHandler
                0x1000089e                RSV89_IRQHandler
                0x100008a0                RSV90_IRQHandler
                0x100008a2                PCIF_IRQHandler
                0x100008a4                RSV92_IRQHandler
                0x100008a6                RSV93_IRQHandler
                0x100008a8                RSV94_IRQHandler
                0x100008aa                RSV95_IRQHandler
                0x100008ac                RSV96_IRQHandler
                0x100008ae                AES_IRQHandler
                0x100008b0                RSV98_IRQHandler
                0x100008b2                I2S_IRQHandler
                0x100008b4                CNN_FIFO_IRQHandler
                0x100008b6                CNN_IRQHandler
                0x100008b8                RSV102_IRQHandler
                0x100008ba                LPCMP_IRQHandler
 .text._sbrk    0x100008e4       0x3c c:/Users/thady/OneDrive/Desktop/4th_Year_1st_Sem/187.1/Led_Sequence/GPIO1/build/heap.o
                0x100008e4                _sbrk
 .text._getpid  0x10000920        0x8 c:/Users/thady/OneDrive/Desktop/4th_Year_1st_Sem/187.1/Led_Sequence/GPIO1/build/system_max78000.o
                0x10000920                _getpid
 .text._kill    0x10000928        0x8 c:/Users/thady/OneDrive/Desktop/4th_Year_1st_Sem/187.1/Led_Sequence/GPIO1/build/system_max78000.o
                0x10000928                _kill
 .text.SystemCoreClockUpdate
                0x10000930       0x68 c:/Users/thady/OneDrive/Desktop/4th_Year_1st_Sem/187.1/Led_Sequence/GPIO1/build/system_max78000.o
                0x10000930                SystemCoreClockUpdate
 .text.PreInit  0x10000998        0x4 c:/Users/thady/OneDrive/Desktop/4th_Year_1st_Sem/187.1/Led_Sequence/GPIO1/build/system_max78000.o
                0x10000998                PreInit
 .text.PinInit  0x1000099c        0x4 c:/Users/thady/OneDrive/Desktop/4th_Year_1st_Sem/187.1/Led_Sequence/GPIO1/build/system_max78000.o
                0x1000099c                PinInit
 .text.SystemInit
                0x100009a0       0x3c c:/Users/thady/OneDrive/Desktop/4th_Year_1st_Sem/187.1/Led_Sequence/GPIO1/build/system_max78000.o
                0x100009a0                SystemInit
 .text.MXC_DelayInit
                0x100009dc       0x7c C:/MaximSDK/Libraries/PeriphDrivers/bin/MAX78000/spi-v1_softfp/libPeriphDriver_spi-v1_softfp.a(mxc_delay.o)
 .text.MXC_DelayAsync
                0x10000a58       0x3c C:/MaximSDK/Libraries/PeriphDrivers/bin/MAX78000/spi-v1_softfp/libPeriphDriver_spi-v1_softfp.a(mxc_delay.o)
                0x10000a58                MXC_DelayAsync
 .text.MXC_DelayCheck
                0x10000a94       0x70 C:/MaximSDK/Libraries/PeriphDrivers/bin/MAX78000/spi-v1_softfp/libPeriphDriver_spi-v1_softfp.a(mxc_delay.o)
                0x10000a94                MXC_DelayCheck
 .text.MXC_DelayAbort
                0x10000b04       0x34 C:/MaximSDK/Libraries/PeriphDrivers/bin/MAX78000/spi-v1_softfp/libPeriphDriver_spi-v1_softfp.a(mxc_delay.o)
                0x10000b04                MXC_DelayAbort
 .text.MXC_Delay
                0x10000b38       0x74 C:/MaximSDK/Libraries/PeriphDrivers/bin/MAX78000/spi-v1_softfp/libPeriphDriver_spi-v1_softfp.a(mxc_delay.o)
                0x10000b38                MXC_Delay
 .text.MXC_SYS_ClockDisable
                0x10000bac       0x44 C:/MaximSDK/Libraries/PeriphDrivers/bin/MAX78000/spi-v1_softfp/libPeriphDriver_spi-v1_softfp.a(sys_ai85.o)
                0x10000bac                MXC_SYS_ClockDisable
 .text.MXC_SYS_ClockEnable
                0x10000bf0       0x4c C:/MaximSDK/Libraries/PeriphDrivers/bin/MAX78000/spi-v1_softfp/libPeriphDriver_spi-v1_softfp.a(sys_ai85.o)
                0x10000bf0                MXC_SYS_ClockEnable
 .text.MXC_SYS_ClockSourceEnable
                0x10000c3c       0xf4 C:/MaximSDK/Libraries/PeriphDrivers/bin/MAX78000/spi-v1_softfp/libPeriphDriver_spi-v1_softfp.a(sys_ai85.o)
                0x10000c3c                MXC_SYS_ClockSourceEnable
 .text.MXC_SYS_Reset_Periph
                0x10000d30       0x50 C:/MaximSDK/Libraries/PeriphDrivers/bin/MAX78000/spi-v1_softfp/libPeriphDriver_spi-v1_softfp.a(sys_ai85.o)
                0x10000d30                MXC_SYS_Reset_Periph
 .text.MXC_GPIO_Init
                0x10000d80       0x40 C:/MaximSDK/Libraries/PeriphDrivers/bin/MAX78000/spi-v1_softfp/libPeriphDriver_spi-v1_softfp.a(gpio_ai85.o)
                0x10000d80                MXC_GPIO_Init
 .text.MXC_GPIO_Config
                0x10000dc0      0x234 C:/MaximSDK/Libraries/PeriphDrivers/bin/MAX78000/spi-v1_softfp/libPeriphDriver_spi-v1_softfp.a(gpio_ai85.o)
                0x10000dc0                MXC_GPIO_Config
 .text.MXC_GPIO_InGet
                0x10000ff4       0x34 C:/MaximSDK/Libraries/PeriphDrivers/bin/MAX78000/spi-v1_softfp/libPeriphDriver_spi-v1_softfp.a(gpio_ai85.o)
                0x10000ff4                MXC_GPIO_InGet
 .text.MXC_GPIO_OutSet
                0x10001028       0x30 C:/MaximSDK/Libraries/PeriphDrivers/bin/MAX78000/spi-v1_softfp/libPeriphDriver_spi-v1_softfp.a(gpio_ai85.o)
                0x10001028                MXC_GPIO_OutSet
 .text.MXC_GPIO_OutClr
                0x10001058       0x34 C:/MaximSDK/Libraries/PeriphDrivers/bin/MAX78000/spi-v1_softfp/libPeriphDriver_spi-v1_softfp.a(gpio_ai85.o)
                0x10001058                MXC_GPIO_OutClr
 .text.MXC_GPIO_Handler
                0x1000108c        0x4 C:/MaximSDK/Libraries/PeriphDrivers/bin/MAX78000/spi-v1_softfp/libPeriphDriver_spi-v1_softfp.a(gpio_ai85.o)
                0x1000108c                MXC_GPIO_Handler
 .text.MXC_GPIO_ClearFlags
                0x10001090       0x18 C:/MaximSDK/Libraries/PeriphDrivers/bin/MAX78000/spi-v1_softfp/libPeriphDriver_spi-v1_softfp.a(gpio_ai85.o)
                0x10001090                MXC_GPIO_ClearFlags
 .text.MXC_GPIO_GetFlags
                0x100010a8       0x18 C:/MaximSDK/Libraries/PeriphDrivers/bin/MAX78000/spi-v1_softfp/libPeriphDriver_spi-v1_softfp.a(gpio_ai85.o)
                0x100010a8                MXC_GPIO_GetFlags
 .text.MXC_GPIO_GetConfigLock
                0x100010c0        0x4 C:/MaximSDK/Libraries/PeriphDrivers/bin/MAX78000/spi-v1_softfp/libPeriphDriver_spi-v1_softfp.a(gpio_ai85.o)
                0x100010c0                MXC_GPIO_GetConfigLock
 .text.MXC_GPIO_RevA_InGet
                0x100010c4        0x8 C:/MaximSDK/Libraries/PeriphDrivers/bin/MAX78000/spi-v1_softfp/libPeriphDriver_spi-v1_softfp.a(gpio_reva.o)
                0x100010c4                MXC_GPIO_RevA_InGet
 .text.MXC_GPIO_RevA_OutSet
                0x100010cc        0x4 C:/MaximSDK/Libraries/PeriphDrivers/bin/MAX78000/spi-v1_softfp/libPeriphDriver_spi-v1_softfp.a(gpio_reva.o)
                0x100010cc                MXC_GPIO_RevA_OutSet
 .text.MXC_GPIO_RevA_OutClr
                0x100010d0        0x4 C:/MaximSDK/Libraries/PeriphDrivers/bin/MAX78000/spi-v1_softfp/libPeriphDriver_spi-v1_softfp.a(gpio_reva.o)
                0x100010d0                MXC_GPIO_RevA_OutClr
 .text.MXC_GPIO_RevA_ClearFlags
                0x100010d4        0x4 C:/MaximSDK/Libraries/PeriphDrivers/bin/MAX78000/spi-v1_softfp/libPeriphDriver_spi-v1_softfp.a(gpio_reva.o)
                0x100010d4                MXC_GPIO_RevA_ClearFlags
 .text.MXC_GPIO_RevA_GetFlags
                0x100010d8        0x4 C:/MaximSDK/Libraries/PeriphDrivers/bin/MAX78000/spi-v1_softfp/libPeriphDriver_spi-v1_softfp.a(gpio_reva.o)
                0x100010d8                MXC_GPIO_RevA_GetFlags
 .text.MXC_GPIO_RevA_SetVSSEL
                0x100010dc       0x40 C:/MaximSDK/Libraries/PeriphDrivers/bin/MAX78000/spi-v1_softfp/libPeriphDriver_spi-v1_softfp.a(gpio_reva.o)
                0x100010dc                MXC_GPIO_RevA_SetVSSEL
 .text.MXC_GPIO_RevA_SetAF
                0x1000111c       0x7c C:/MaximSDK/Libraries/PeriphDrivers/bin/MAX78000/spi-v1_softfp/libPeriphDriver_spi-v1_softfp.a(gpio_reva.o)
                0x1000111c                MXC_GPIO_RevA_SetAF
 .text.MXC_GPIO_RevA_SetDriveStrength
                0x10001198       0xa0 C:/MaximSDK/Libraries/PeriphDrivers/bin/MAX78000/spi-v1_softfp/libPeriphDriver_spi-v1_softfp.a(gpio_reva.o)
                0x10001198                MXC_GPIO_RevA_SetDriveStrength
 .text.MXC_ICC_Enable
                0x10001238        0x4 C:/MaximSDK/Libraries/PeriphDrivers/bin/MAX78000/spi-v1_softfp/libPeriphDriver_spi-v1_softfp.a(icc_me17.o)
                0x10001238                MXC_ICC_Enable
 .text.MXC_ICC_RevA_Enable
                0x1000123c       0x30 C:/MaximSDK/Libraries/PeriphDrivers/bin/MAX78000/spi-v1_softfp/libPeriphDriver_spi-v1_softfp.a(icc_reva.o)
                0x1000123c                MXC_ICC_RevA_Enable
 .text.MXC_UART_Shutdown
                0x1000126c       0x70 C:/MaximSDK/Libraries/PeriphDrivers/bin/MAX78000/spi-v1_softfp/libPeriphDriver_spi-v1_softfp.a(uart_ai85.o)
                0x1000126c                MXC_UART_Shutdown
 .text.MXC_UART_SetFrequency
                0x100012dc       0x90 C:/MaximSDK/Libraries/PeriphDrivers/bin/MAX78000/spi-v1_softfp/libPeriphDriver_spi-v1_softfp.a(uart_ai85.o)
                0x100012dc                MXC_UART_SetFrequency
 .text.MXC_UART_SetDataSize
                0x1000136c        0x4 C:/MaximSDK/Libraries/PeriphDrivers/bin/MAX78000/spi-v1_softfp/libPeriphDriver_spi-v1_softfp.a(uart_ai85.o)
                0x1000136c                MXC_UART_SetDataSize
 .text.MXC_UART_SetStopBits
                0x10001370        0x4 C:/MaximSDK/Libraries/PeriphDrivers/bin/MAX78000/spi-v1_softfp/libPeriphDriver_spi-v1_softfp.a(uart_ai85.o)
                0x10001370                MXC_UART_SetStopBits
 .text.MXC_UART_SetParity
                0x10001374        0x4 C:/MaximSDK/Libraries/PeriphDrivers/bin/MAX78000/spi-v1_softfp/libPeriphDriver_spi-v1_softfp.a(uart_ai85.o)
                0x10001374                MXC_UART_SetParity
 .text.MXC_UART_SetClockSource
                0x10001378       0x60 C:/MaximSDK/Libraries/PeriphDrivers/bin/MAX78000/spi-v1_softfp/libPeriphDriver_spi-v1_softfp.a(uart_ai85.o)
                0x10001378                MXC_UART_SetClockSource
 .text.MXC_UART_GetClockSource
                0x100013d8       0x4c C:/MaximSDK/Libraries/PeriphDrivers/bin/MAX78000/spi-v1_softfp/libPeriphDriver_spi-v1_softfp.a(uart_ai85.o)
                0x100013d8                MXC_UART_GetClockSource
 .text.MXC_UART_Init
                0x10001424       0xa0 C:/MaximSDK/Libraries/PeriphDrivers/bin/MAX78000/spi-v1_softfp/libPeriphDriver_spi-v1_softfp.a(uart_ai85.o)
                0x10001424                MXC_UART_Init
 .text.MXC_UART_ReadCharacterRaw
                0x100014c4        0x4 C:/MaximSDK/Libraries/PeriphDrivers/bin/MAX78000/spi-v1_softfp/libPeriphDriver_spi-v1_softfp.a(uart_ai85.o)
                0x100014c4                MXC_UART_ReadCharacterRaw
 .text.MXC_UART_WriteCharacterRaw
                0x100014c8        0x4 C:/MaximSDK/Libraries/PeriphDrivers/bin/MAX78000/spi-v1_softfp/libPeriphDriver_spi-v1_softfp.a(uart_ai85.o)
                0x100014c8                MXC_UART_WriteCharacterRaw
 .text.MXC_UART_ReadCharacter
                0x100014cc        0x4 C:/MaximSDK/Libraries/PeriphDrivers/bin/MAX78000/spi-v1_softfp/libPeriphDriver_spi-v1_softfp.a(uart_ai85.o)
                0x100014cc                MXC_UART_ReadCharacter
 .text.MXC_UART_WriteCharacter
                0x100014d0        0x4 C:/MaximSDK/Libraries/PeriphDrivers/bin/MAX78000/spi-v1_softfp/libPeriphDriver_spi-v1_softfp.a(uart_ai85.o)
                0x100014d0                MXC_UART_WriteCharacter
 .text.MXC_UART_GetRXFIFOAvailable
                0x100014d4        0x4 C:/MaximSDK/Libraries/PeriphDrivers/bin/MAX78000/spi-v1_softfp/libPeriphDriver_spi-v1_softfp.a(uart_ai85.o)
                0x100014d4                MXC_UART_GetRXFIFOAvailable
 .text.MXC_UART_GetTXFIFOAvailable
                0x100014d8        0x4 C:/MaximSDK/Libraries/PeriphDrivers/bin/MAX78000/spi-v1_softfp/libPeriphDriver_spi-v1_softfp.a(uart_ai85.o)
                0x100014d8                MXC_UART_GetTXFIFOAvailable
 .text.MXC_UART_SetRXThreshold
                0x100014dc        0x4 C:/MaximSDK/Libraries/PeriphDrivers/bin/MAX78000/spi-v1_softfp/libPeriphDriver_spi-v1_softfp.a(uart_ai85.o)
                0x100014dc                MXC_UART_SetRXThreshold
 .text.MXC_UART_Common_ReadCharacter
                0x100014e0       0x18 C:/MaximSDK/Libraries/PeriphDrivers/bin/MAX78000/spi-v1_softfp/libPeriphDriver_spi-v1_softfp.a(uart_common.o)
                0x100014e0                MXC_UART_Common_ReadCharacter
 .text.MXC_UART_Common_WriteCharacter
                0x100014f8       0x1c C:/MaximSDK/Libraries/PeriphDrivers/bin/MAX78000/spi-v1_softfp/libPeriphDriver_spi-v1_softfp.a(uart_common.o)
                0x100014f8                MXC_UART_Common_WriteCharacter
 .text.MXC_UART_RevB_Init
                0x10001514       0xe0 C:/MaximSDK/Libraries/PeriphDrivers/bin/MAX78000/spi-v1_softfp/libPeriphDriver_spi-v1_softfp.a(uart_revb.o)
                0x10001514                MXC_UART_RevB_Init
 .text.MXC_UART_RevB_SetFrequency
                0x100015f4       0x1c C:/MaximSDK/Libraries/PeriphDrivers/bin/MAX78000/spi-v1_softfp/libPeriphDriver_spi-v1_softfp.a(uart_revb.o)
                0x100015f4                MXC_UART_RevB_SetFrequency
 .text.MXC_UART_RevB_SetDataSize
                0x10001610       0x20 C:/MaximSDK/Libraries/PeriphDrivers/bin/MAX78000/spi-v1_softfp/libPeriphDriver_spi-v1_softfp.a(uart_revb.o)
                0x10001610                MXC_UART_RevB_SetDataSize
 .text.MXC_UART_RevB_SetStopBits
                0x10001630       0x28 C:/MaximSDK/Libraries/PeriphDrivers/bin/MAX78000/spi-v1_softfp/libPeriphDriver_spi-v1_softfp.a(uart_revb.o)
                0x10001630                MXC_UART_RevB_SetStopBits
 .text.MXC_UART_RevB_SetParity
                0x10001658       0x94 C:/MaximSDK/Libraries/PeriphDrivers/bin/MAX78000/spi-v1_softfp/libPeriphDriver_spi-v1_softfp.a(uart_revb.o)
                0x10001658                MXC_UART_RevB_SetParity
 .text.MXC_UART_RevB_SetClockSource
                0x100016ec       0xa8 C:/MaximSDK/Libraries/PeriphDrivers/bin/MAX78000/spi-v1_softfp/libPeriphDriver_spi-v1_softfp.a(uart_revb.o)
                0x100016ec                MXC_UART_RevB_SetClockSource
 .text.MXC_UART_RevB_GetClockSource
                0x10001794        0x8 C:/MaximSDK/Libraries/PeriphDrivers/bin/MAX78000/spi-v1_softfp/libPeriphDriver_spi-v1_softfp.a(uart_revb.o)
                0x10001794                MXC_UART_RevB_GetClockSource
 .text.MXC_UART_RevB_ReadCharacterRaw
                0x1000179c       0x10 C:/MaximSDK/Libraries/PeriphDrivers/bin/MAX78000/spi-v1_softfp/libPeriphDriver_spi-v1_softfp.a(uart_revb.o)
                0x1000179c                MXC_UART_RevB_ReadCharacterRaw
 .text.MXC_UART_RevB_WriteCharacterRaw
                0x100017ac       0x14 C:/MaximSDK/Libraries/PeriphDrivers/bin/MAX78000/spi-v1_softfp/libPeriphDriver_spi-v1_softfp.a(uart_revb.o)
                0x100017ac                MXC_UART_RevB_WriteCharacterRaw
 .text.MXC_UART_RevB_GetRXFIFOAvailable
                0x100017c0        0x8 C:/MaximSDK/Libraries/PeriphDrivers/bin/MAX78000/spi-v1_softfp/libPeriphDriver_spi-v1_softfp.a(uart_revb.o)
                0x100017c0                MXC_UART_RevB_GetRXFIFOAvailable
 .text.MXC_UART_RevB_GetTXFIFOAvailable
                0x100017c8        0xc C:/MaximSDK/Libraries/PeriphDrivers/bin/MAX78000/spi-v1_softfp/libPeriphDriver_spi-v1_softfp.a(uart_revb.o)
                0x100017c8                MXC_UART_RevB_GetTXFIFOAvailable
 .text.MXC_UART_RevB_SetRXThreshold
                0x100017d4       0x1c C:/MaximSDK/Libraries/PeriphDrivers/bin/MAX78000/spi-v1_softfp/libPeriphDriver_spi-v1_softfp.a(uart_revb.o)
                0x100017d4                MXC_UART_RevB_SetRXThreshold
 .text.MXC_GPIO_Common_Init
                0x100017f0       0x24 C:/MaximSDK/Libraries/PeriphDrivers/bin/MAX78000/spi-v1_softfp/libPeriphDriver_spi-v1_softfp.a(gpio_common.o)
                0x100017f0                MXC_GPIO_Common_Init
 .text.MXC_GPIO_Common_Handler
                0x10001814       0x88 C:/MaximSDK/Libraries/PeriphDrivers/bin/MAX78000/spi-v1_softfp/libPeriphDriver_spi-v1_softfp.a(gpio_common.o)
                0x10001814                MXC_GPIO_Common_Handler
 .text.MXC_GPIO_Common_GetConfigLock
                0x1000189c        0xc C:/MaximSDK/Libraries/PeriphDrivers/bin/MAX78000/spi-v1_softfp/libPeriphDriver_spi-v1_softfp.a(gpio_common.o)
                0x1000189c                MXC_GPIO_Common_GetConfigLock
 .text.__errno  0x100018a8        0xc c:/maximsdk/tools/gnutools/10.3/bin/../lib/gcc/arm-none-eabi/10.3.1/../../../../arm-none-eabi/lib/thumb/v7e-m+fp/softfp\libc.a(lib_a-errno.o)
                0x100018a8                __errno
 .text.__libc_init_array
                0x100018b4       0x48 c:/maximsdk/tools/gnutools/10.3/bin/../lib/gcc/arm-none-eabi/10.3.1/../../../../arm-none-eabi/lib/thumb/v7e-m+fp/softfp\libc.a(lib_a-init.o)
                0x100018b4                __libc_init_array
 .text.malloc   0x100018fc       0x10 c:/maximsdk/tools/gnutools/10.3/bin/../lib/gcc/arm-none-eabi/10.3.1/../../../../arm-none-eabi/lib/thumb/v7e-m+fp/softfp\libc.a(lib_a-malloc.o)
                0x100018fc                malloc
 .text._malloc_r
                0x1000190c      0x560 c:/maximsdk/tools/gnutools/10.3/bin/../lib/gcc/arm-none-eabi/10.3.1/../../../../arm-none-eabi/lib/thumb/v7e-m+fp/softfp\libc.a(lib_a-mallocr.o)
                0x1000190c                _malloc_r
 .text          0x10001e6c      0x134 c:/maximsdk/tools/gnutools/10.3/bin/../lib/gcc/arm-none-eabi/10.3.1/../../../../arm-none-eabi/lib/thumb/v7e-m+fp/softfp\libc.a(lib_a-memcpy.o)
                0x10001e6c                memcpy
 .text.memset   0x10001fa0       0xa4 c:/maximsdk/tools/gnutools/10.3/bin/../lib/gcc/arm-none-eabi/10.3.1/../../../../arm-none-eabi/lib/thumb/v7e-m+fp/softfp\libc.a(lib_a-memset.o)
                0x10001fa0                memset
 .text.__malloc_lock
                0x10002044        0xc c:/maximsdk/tools/gnutools/10.3/bin/../lib/gcc/arm-none-eabi/10.3.1/../../../../arm-none-eabi/lib/thumb/v7e-m+fp/softfp\libc.a(lib_a-mlock.o)
                0x10002044                __malloc_lock
 .text.__malloc_unlock
                0x10002050        0xc c:/maximsdk/tools/gnutools/10.3/bin/../lib/gcc/arm-none-eabi/10.3.1/../../../../arm-none-eabi/lib/thumb/v7e-m+fp/softfp\libc.a(lib_a-mlock.o)
                0x10002050                __malloc_unlock
 .text.printf   0x1000205c       0x28 c:/maximsdk/tools/gnutools/10.3/bin/../lib/gcc/arm-none-eabi/10.3.1/../../../../arm-none-eabi/lib/thumb/v7e-m+fp/softfp\libc.a(lib_a-printf.o)
                0x1000205c                printf
 .text.srand    0x10002084       0x10 c:/maximsdk/tools/gnutools/10.3/bin/../lib/gcc/arm-none-eabi/10.3.1/../../../../arm-none-eabi/lib/thumb/v7e-m+fp/softfp\libc.a(lib_a-rand.o)
                0x10002084                srand
 .text.rand     0x10002094       0x3c c:/maximsdk/tools/gnutools/10.3/bin/../lib/gcc/arm-none-eabi/10.3.1/../../../../arm-none-eabi/lib/thumb/v7e-m+fp/softfp\libc.a(lib_a-rand.o)
                0x10002094                rand
 .text._sbrk_r  0x100020d0       0x24 c:/maximsdk/tools/gnutools/10.3/bin/../lib/gcc/arm-none-eabi/10.3.1/../../../../arm-none-eabi/lib/thumb/v7e-m+fp/softfp\libc.a(lib_a-sbrkr.o)
                0x100020d0                _sbrk_r
 *fill*         0x100020f4        0xc 
 .text          0x10002100       0xdc c:/maximsdk/tools/gnutools/10.3/bin/../lib/gcc/arm-none-eabi/10.3.1/../../../../arm-none-eabi/lib/thumb/v7e-m+fp/softfp\libc.a(lib_a-strlen.o)
                0x10002100                strlen
 *fill*         0x100021dc        0x4 
 .text._vfprintf_r
                0x100021e0     0x1b8c c:/maximsdk/tools/gnutools/10.3/bin/../lib/gcc/arm-none-eabi/10.3.1/../../../../arm-none-eabi/lib/thumb/v7e-m+fp/softfp\libc.a(lib_a-vfprintf.o)
                0x100021e0                _vfprintf_r
 .text.__sbprintf
                0x10003d6c       0x80 c:/maximsdk/tools/gnutools/10.3/bin/../lib/gcc/arm-none-eabi/10.3.1/../../../../arm-none-eabi/lib/thumb/v7e-m+fp/softfp\libc.a(lib_a-vfprintf.o)
 .text.__swsetup_r
                0x10003dec       0xd4 c:/maximsdk/tools/gnutools/10.3/bin/../lib/gcc/arm-none-eabi/10.3.1/../../../../arm-none-eabi/lib/thumb/v7e-m+fp/softfp\libc.a(lib_a-wsetup.o)
                0x10003dec                __swsetup_r
 .text.startup.register_fini
                0x10003ec0       0x14 c:/maximsdk/tools/gnutools/10.3/bin/../lib/gcc/arm-none-eabi/10.3.1/../../../../arm-none-eabi/lib/thumb/v7e-m+fp/softfp\libc.a(lib_a-__call_atexit.o)
 .text.atexit   0x10003ed4        0xc c:/maximsdk/tools/gnutools/10.3/bin/../lib/gcc/arm-none-eabi/10.3.1/../../../../arm-none-eabi/lib/thumb/v7e-m+fp/softfp\libc.a(lib_a-atexit.o)
                0x10003ed4                atexit
 .text.quorem   0x10003ee0      0x128 c:/maximsdk/tools/gnutools/10.3/bin/../lib/gcc/arm-none-eabi/10.3.1/../../../../arm-none-eabi/lib/thumb/v7e-m+fp/softfp\libc.a(lib_a-dtoa.o)
 .text._dtoa_r  0x10004008      0xf34 c:/maximsdk/tools/gnutools/10.3/bin/../lib/gcc/arm-none-eabi/10.3.1/../../../../arm-none-eabi/lib/thumb/v7e-m+fp/softfp\libc.a(lib_a-dtoa.o)
                0x10004008                _dtoa_r
 .text.__sflush_r
                0x10004f3c      0x130 c:/maximsdk/tools/gnutools/10.3/bin/../lib/gcc/arm-none-eabi/10.3.1/../../../../arm-none-eabi/lib/thumb/v7e-m+fp/softfp\libc.a(lib_a-fflush.o)
                0x10004f3c                __sflush_r
 .text._fflush_r
                0x1000506c       0x5c c:/maximsdk/tools/gnutools/10.3/bin/../lib/gcc/arm-none-eabi/10.3.1/../../../../arm-none-eabi/lib/thumb/v7e-m+fp/softfp\libc.a(lib_a-fflush.o)
                0x1000506c                _fflush_r
 .text._cleanup_r
                0x100050c8        0xc c:/maximsdk/tools/gnutools/10.3/bin/../lib/gcc/arm-none-eabi/10.3.1/../../../../arm-none-eabi/lib/thumb/v7e-m+fp/softfp\libc.a(lib_a-findfp.o)
                0x100050c8                _cleanup_r
 .text.__sinit  0x100050d4      0x10c c:/maximsdk/tools/gnutools/10.3/bin/../lib/gcc/arm-none-eabi/10.3.1/../../../../arm-none-eabi/lib/thumb/v7e-m+fp/softfp\libc.a(lib_a-findfp.o)
                0x100050d4                __sinit
 .text.__sfp_lock_acquire
                0x100051e0        0xc c:/maximsdk/tools/gnutools/10.3/bin/../lib/gcc/arm-none-eabi/10.3.1/../../../../arm-none-eabi/lib/thumb/v7e-m+fp/softfp\libc.a(lib_a-findfp.o)
                0x100051e0                __sfp_lock_acquire
 .text.__sfp_lock_release
                0x100051ec        0xc c:/maximsdk/tools/gnutools/10.3/bin/../lib/gcc/arm-none-eabi/10.3.1/../../../../arm-none-eabi/lib/thumb/v7e-m+fp/softfp\libc.a(lib_a-findfp.o)
                0x100051ec                __sfp_lock_release
 .text.__libc_fini_array
                0x100051f8       0x2c c:/maximsdk/tools/gnutools/10.3/bin/../lib/gcc/arm-none-eabi/10.3.1/../../../../arm-none-eabi/lib/thumb/v7e-m+fp/softfp\libc.a(lib_a-fini.o)
                0x100051f8                __libc_fini_array
 .text._malloc_trim_r
                0x10005224       0xa0 c:/maximsdk/tools/gnutools/10.3/bin/../lib/gcc/arm-none-eabi/10.3.1/../../../../arm-none-eabi/lib/thumb/v7e-m+fp/softfp\libc.a(lib_a-freer.o)
                0x10005224                _malloc_trim_r
 .text._free_r  0x100052c4      0x20c c:/maximsdk/tools/gnutools/10.3/bin/../lib/gcc/arm-none-eabi/10.3.1/../../../../arm-none-eabi/lib/thumb/v7e-m+fp/softfp\libc.a(lib_a-freer.o)
                0x100052c4                _free_r
 .text.__sfvwrite_r
                0x100054d0      0x2f0 c:/maximsdk/tools/gnutools/10.3/bin/../lib/gcc/arm-none-eabi/10.3.1/../../../../arm-none-eabi/lib/thumb/v7e-m+fp/softfp\libc.a(lib_a-fvwrite.o)
                0x100054d0                __sfvwrite_r
 .text._fwalk_reent
                0x100057c0       0x48 c:/maximsdk/tools/gnutools/10.3/bin/../lib/gcc/arm-none-eabi/10.3.1/../../../../arm-none-eabi/lib/thumb/v7e-m+fp/softfp\libc.a(lib_a-fwalk.o)
                0x100057c0                _fwalk_reent
 .text._localeconv_r
                0x10005808        0x8 c:/maximsdk/tools/gnutools/10.3/bin/../lib/gcc/arm-none-eabi/10.3.1/../../../../arm-none-eabi/lib/thumb/v7e-m+fp/softfp\libc.a(lib_a-localeconv.o)
                0x10005808                _localeconv_r
 .text.__retarget_lock_init_recursive
                0x10005810        0x4 c:/maximsdk/tools/gnutools/10.3/bin/../lib/gcc/arm-none-eabi/10.3.1/../../../../arm-none-eabi/lib/thumb/v7e-m+fp/softfp\libc.a(lib_a-lock.o)
                0x10005810                __retarget_lock_init_recursive
 .text.__retarget_lock_close_recursive
                0x10005814        0x4 c:/maximsdk/tools/gnutools/10.3/bin/../lib/gcc/arm-none-eabi/10.3.1/../../../../arm-none-eabi/lib/thumb/v7e-m+fp/softfp\libc.a(lib_a-lock.o)
                0x10005814                __retarget_lock_close_recursive
 .text.__retarget_lock_acquire_recursive
                0x10005818        0x4 c:/maximsdk/tools/gnutools/10.3/bin/../lib/gcc/arm-none-eabi/10.3.1/../../../../arm-none-eabi/lib/thumb/v7e-m+fp/softfp\libc.a(lib_a-lock.o)
                0x10005818                __retarget_lock_acquire_recursive
 .text.__retarget_lock_release_recursive
                0x1000581c        0x4 c:/maximsdk/tools/gnutools/10.3/bin/../lib/gcc/arm-none-eabi/10.3.1/../../../../arm-none-eabi/lib/thumb/v7e-m+fp/softfp\libc.a(lib_a-lock.o)
                0x1000581c                __retarget_lock_release_recursive
 .text.__smakebuf_r
                0x10005820       0xe0 c:/maximsdk/tools/gnutools/10.3/bin/../lib/gcc/arm-none-eabi/10.3.1/../../../../arm-none-eabi/lib/thumb/v7e-m+fp/softfp\libc.a(lib_a-makebuf.o)
                0x10005820                __smakebuf_r
 .text          0x10005900       0xa0 c:/maximsdk/tools/gnutools/10.3/bin/../lib/gcc/arm-none-eabi/10.3.1/../../../../arm-none-eabi/lib/thumb/v7e-m+fp/softfp\libc.a(lib_a-memchr.o)
                0x10005900                memchr
 .text.memmove  0x100059a0       0xf8 c:/maximsdk/tools/gnutools/10.3/bin/../lib/gcc/arm-none-eabi/10.3.1/../../../../arm-none-eabi/lib/thumb/v7e-m+fp/softfp\libc.a(lib_a-memmove.o)
                0x100059a0                memmove
 .text._Balloc  0x10005a98       0x4c c:/maximsdk/tools/gnutools/10.3/bin/../lib/gcc/arm-none-eabi/10.3.1/../../../../arm-none-eabi/lib/thumb/v7e-m+fp/softfp\libc.a(lib_a-mprec.o)
                0x10005a98                _Balloc
 .text._Bfree   0x10005ae4       0x14 c:/maximsdk/tools/gnutools/10.3/bin/../lib/gcc/arm-none-eabi/10.3.1/../../../../arm-none-eabi/lib/thumb/v7e-m+fp/softfp\libc.a(lib_a-mprec.o)
                0x10005ae4                _Bfree
 .text.__multadd
                0x10005af8       0xa8 c:/maximsdk/tools/gnutools/10.3/bin/../lib/gcc/arm-none-eabi/10.3.1/../../../../arm-none-eabi/lib/thumb/v7e-m+fp/softfp\libc.a(lib_a-mprec.o)
                0x10005af8                __multadd
 .text.__hi0bits
                0x10005ba0       0x40 c:/maximsdk/tools/gnutools/10.3/bin/../lib/gcc/arm-none-eabi/10.3.1/../../../../arm-none-eabi/lib/thumb/v7e-m+fp/softfp\libc.a(lib_a-mprec.o)
                0x10005ba0                __hi0bits
 .text.__lo0bits
                0x10005be0       0x60 c:/maximsdk/tools/gnutools/10.3/bin/../lib/gcc/arm-none-eabi/10.3.1/../../../../arm-none-eabi/lib/thumb/v7e-m+fp/softfp\libc.a(lib_a-mprec.o)
                0x10005be0                __lo0bits
 .text.__i2b    0x10005c40       0x5c c:/maximsdk/tools/gnutools/10.3/bin/../lib/gcc/arm-none-eabi/10.3.1/../../../../arm-none-eabi/lib/thumb/v7e-m+fp/softfp\libc.a(lib_a-mprec.o)
                0x10005c40                __i2b
 .text.__multiply
                0x10005c9c      0x15c c:/maximsdk/tools/gnutools/10.3/bin/../lib/gcc/arm-none-eabi/10.3.1/../../../../arm-none-eabi/lib/thumb/v7e-m+fp/softfp\libc.a(lib_a-mprec.o)
                0x10005c9c                __multiply
 .text.__pow5mult
                0x10005df8       0xc0 c:/maximsdk/tools/gnutools/10.3/bin/../lib/gcc/arm-none-eabi/10.3.1/../../../../arm-none-eabi/lib/thumb/v7e-m+fp/softfp\libc.a(lib_a-mprec.o)
                0x10005df8                __pow5mult
 .text.__lshift
                0x10005eb8       0xf0 c:/maximsdk/tools/gnutools/10.3/bin/../lib/gcc/arm-none-eabi/10.3.1/../../../../arm-none-eabi/lib/thumb/v7e-m+fp/softfp\libc.a(lib_a-mprec.o)
                0x10005eb8                __lshift
 .text.__mcmp   0x10005fa8       0x44 c:/maximsdk/tools/gnutools/10.3/bin/../lib/gcc/arm-none-eabi/10.3.1/../../../../arm-none-eabi/lib/thumb/v7e-m+fp/softfp\libc.a(lib_a-mprec.o)
                0x10005fa8                __mcmp
 .text.__mdiff  0x10005fec      0x14c c:/maximsdk/tools/gnutools/10.3/bin/../lib/gcc/arm-none-eabi/10.3.1/../../../../arm-none-eabi/lib/thumb/v7e-m+fp/softfp\libc.a(lib_a-mprec.o)
                0x10005fec                __mdiff
 .text.__d2b    0x10006138       0xc4 c:/maximsdk/tools/gnutools/10.3/bin/../lib/gcc/arm-none-eabi/10.3.1/../../../../arm-none-eabi/lib/thumb/v7e-m+fp/softfp\libc.a(lib_a-mprec.o)
                0x10006138                __d2b
 .text._realloc_r
                0x100061fc      0x3d8 c:/maximsdk/tools/gnutools/10.3/bin/../lib/gcc/arm-none-eabi/10.3.1/../../../../arm-none-eabi/lib/thumb/v7e-m+fp/softfp\libc.a(lib_a-reallocr.o)
                0x100061fc                _realloc_r
 .text.frexp    0x100065d4       0x70 c:/maximsdk/tools/gnutools/10.3/bin/../lib/gcc/arm-none-eabi/10.3.1/../../../../arm-none-eabi/lib/thumb/v7e-m+fp/softfp\libc.a(lib_a-s_frexp.o)
                0x100065d4                frexp
 .text.__sread  0x10006644       0x24 c:/maximsdk/tools/gnutools/10.3/bin/../lib/gcc/arm-none-eabi/10.3.1/../../../../arm-none-eabi/lib/thumb/v7e-m+fp/softfp\libc.a(lib_a-stdio.o)
                0x10006644                __sread
 .text.__swrite
                0x10006668       0x40 c:/maximsdk/tools/gnutools/10.3/bin/../lib/gcc/arm-none-eabi/10.3.1/../../../../arm-none-eabi/lib/thumb/v7e-m+fp/softfp\libc.a(lib_a-stdio.o)
                0x10006668                __swrite
 .text.__sseek  0x100066a8       0x20 c:/maximsdk/tools/gnutools/10.3/bin/../lib/gcc/arm-none-eabi/10.3.1/../../../../arm-none-eabi/lib/thumb/v7e-m+fp/softfp\libc.a(lib_a-stdio.o)
                0x100066a8                __sseek
 .text.__sclose
                0x100066c8        0x8 c:/maximsdk/tools/gnutools/10.3/bin/../lib/gcc/arm-none-eabi/10.3.1/../../../../arm-none-eabi/lib/thumb/v7e-m+fp/softfp\libc.a(lib_a-stdio.o)
                0x100066c8                __sclose
 .text.strncpy  0x100066d0       0x64 c:/maximsdk/tools/gnutools/10.3/bin/../lib/gcc/arm-none-eabi/10.3.1/../../../../arm-none-eabi/lib/thumb/v7e-m+fp/softfp\libc.a(lib_a-strncpy.o)
                0x100066d0                strncpy
 .text.__sprint_r.part.0
                0x10006734       0x78 c:/maximsdk/tools/gnutools/10.3/bin/../lib/gcc/arm-none-eabi/10.3.1/../../../../arm-none-eabi/lib/thumb/v7e-m+fp/softfp\libc.a(lib_a-vfiprintf.o)
 .text.__sprint_r
                0x100067ac       0x18 c:/maximsdk/tools/gnutools/10.3/bin/../lib/gcc/arm-none-eabi/10.3.1/../../../../arm-none-eabi/lib/thumb/v7e-m+fp/softfp\libc.a(lib_a-vfiprintf.o)
                0x100067ac                __sprint_r
 .text._vfiprintf_r
                0x100067c4      0xdfc c:/maximsdk/tools/gnutools/10.3/bin/../lib/gcc/arm-none-eabi/10.3.1/../../../../arm-none-eabi/lib/thumb/v7e-m+fp/softfp\libc.a(lib_a-vfiprintf.o)
                0x100067c4                _vfiprintf_r
 .text.__sbprintf
                0x100075c0       0x80 c:/maximsdk/tools/gnutools/10.3/bin/../lib/gcc/arm-none-eabi/10.3.1/../../../../arm-none-eabi/lib/thumb/v7e-m+fp/softfp\libc.a(lib_a-vfiprintf.o)
 .text._write_r
                0x10007640       0x2c c:/maximsdk/tools/gnutools/10.3/bin/../lib/gcc/arm-none-eabi/10.3.1/../../../../arm-none-eabi/lib/thumb/v7e-m+fp/softfp\libc.a(lib_a-writer.o)
                0x10007640                _write_r
 .text.__register_exitproc
                0x1000766c       0x8c c:/maximsdk/tools/gnutools/10.3/bin/../lib/gcc/arm-none-eabi/10.3.1/../../../../arm-none-eabi/lib/thumb/v7e-m+fp/softfp\libc.a(lib_a-__atexit.o)
                0x1000766c                __register_exitproc
 .text.__assert_func
                0x100076f8       0x40 c:/maximsdk/tools/gnutools/10.3/bin/../lib/gcc/arm-none-eabi/10.3.1/../../../../arm-none-eabi/lib/thumb/v7e-m+fp/softfp\libc.a(lib_a-assert.o)
                0x100076f8                __assert_func
 .text._calloc_r
                0x10007738       0x78 c:/maximsdk/tools/gnutools/10.3/bin/../lib/gcc/arm-none-eabi/10.3.1/../../../../arm-none-eabi/lib/thumb/v7e-m+fp/softfp\libc.a(lib_a-callocr.o)
                0x10007738                _calloc_r
 .text._close_r
                0x100077b0       0x24 c:/maximsdk/tools/gnutools/10.3/bin/../lib/gcc/arm-none-eabi/10.3.1/../../../../arm-none-eabi/lib/thumb/v7e-m+fp/softfp\libc.a(lib_a-closer.o)
                0x100077b0                _close_r
 .text._fclose_r
                0x100077d4       0xcc c:/maximsdk/tools/gnutools/10.3/bin/../lib/gcc/arm-none-eabi/10.3.1/../../../../arm-none-eabi/lib/thumb/v7e-m+fp/softfp\libc.a(lib_a-fclose.o)
                0x100077d4                _fclose_r
 .text.fiprintf
                0x100078a0       0x28 c:/maximsdk/tools/gnutools/10.3/bin/../lib/gcc/arm-none-eabi/10.3.1/../../../../arm-none-eabi/lib/thumb/v7e-m+fp/softfp\libc.a(lib_a-fiprintf.o)
                0x100078a0                fiprintf
 .text.__fputwc
                0x100078c8       0xa8 c:/maximsdk/tools/gnutools/10.3/bin/../lib/gcc/arm-none-eabi/10.3.1/../../../../arm-none-eabi/lib/thumb/v7e-m+fp/softfp\libc.a(lib_a-fputwc.o)
                0x100078c8                __fputwc
 .text._fputwc_r
                0x10007970       0x68 c:/maximsdk/tools/gnutools/10.3/bin/../lib/gcc/arm-none-eabi/10.3.1/../../../../arm-none-eabi/lib/thumb/v7e-m+fp/softfp\libc.a(lib_a-fputwc.o)
                0x10007970                _fputwc_r
 .text._fstat_r
                0x100079d8       0x2c c:/maximsdk/tools/gnutools/10.3/bin/../lib/gcc/arm-none-eabi/10.3.1/../../../../arm-none-eabi/lib/thumb/v7e-m+fp/softfp\libc.a(lib_a-fstatr.o)
                0x100079d8                _fstat_r
 .text._isatty_r
                0x10007a04       0x24 c:/maximsdk/tools/gnutools/10.3/bin/../lib/gcc/arm-none-eabi/10.3.1/../../../../arm-none-eabi/lib/thumb/v7e-m+fp/softfp\libc.a(lib_a-isattyr.o)
                0x10007a04                _isatty_r
 .text.__locale_mb_cur_max
                0x10007a28        0xc c:/maximsdk/tools/gnutools/10.3/bin/../lib/gcc/arm-none-eabi/10.3.1/../../../../arm-none-eabi/lib/thumb/v7e-m+fp/softfp\libc.a(lib_a-locale.o)
                0x10007a28                __locale_mb_cur_max
 .text._lseek_r
                0x10007a34       0x2c c:/maximsdk/tools/gnutools/10.3/bin/../lib/gcc/arm-none-eabi/10.3.1/../../../../arm-none-eabi/lib/thumb/v7e-m+fp/softfp\libc.a(lib_a-lseekr.o)
                0x10007a34                _lseek_r
 .text.__ascii_mbtowc
                0x10007a60       0x2c c:/maximsdk/tools/gnutools/10.3/bin/../lib/gcc/arm-none-eabi/10.3.1/../../../../arm-none-eabi/lib/thumb/v7e-m+fp/softfp\libc.a(lib_a-mbtowc_r.o)
                0x10007a60                __ascii_mbtowc
 .text._read_r  0x10007a8c       0x2c c:/maximsdk/tools/gnutools/10.3/bin/../lib/gcc/arm-none-eabi/10.3.1/../../../../arm-none-eabi/lib/thumb/v7e-m+fp/softfp\libc.a(lib_a-readr.o)
                0x10007a8c                _read_r
 .text.__swbuf_r
                0x10007ab8       0xb0 c:/maximsdk/tools/gnutools/10.3/bin/../lib/gcc/arm-none-eabi/10.3.1/../../../../arm-none-eabi/lib/thumb/v7e-m+fp/softfp\libc.a(lib_a-wbuf.o)
                0x10007ab8                __swbuf_r
 .text._wcrtomb_r
                0x10007b68       0x3c c:/maximsdk/tools/gnutools/10.3/bin/../lib/gcc/arm-none-eabi/10.3.1/../../../../arm-none-eabi/lib/thumb/v7e-m+fp/softfp\libc.a(lib_a-wcrtomb.o)
                0x10007b68                _wcrtomb_r
 .text.__ascii_wctomb
                0x10007ba4       0x1c c:/maximsdk/tools/gnutools/10.3/bin/../lib/gcc/arm-none-eabi/10.3.1/../../../../arm-none-eabi/lib/thumb/v7e-m+fp/softfp\libc.a(lib_a-wctomb_r.o)
                0x10007ba4                __ascii_wctomb
 .text.abort    0x10007bc0       0x10 c:/maximsdk/tools/gnutools/10.3/bin/../lib/gcc/arm-none-eabi/10.3.1/../../../../arm-none-eabi/lib/thumb/v7e-m+fp/softfp\libc.a(lib_a-abort.o)
                0x10007bc0                abort
 .text.raise    0x10007bd0       0x5c c:/maximsdk/tools/gnutools/10.3/bin/../lib/gcc/arm-none-eabi/10.3.1/../../../../arm-none-eabi/lib/thumb/v7e-m+fp/softfp\libc.a(lib_a-signal.o)
                0x10007bd0                raise
 .text._kill_r  0x10007c2c       0x2c c:/maximsdk/tools/gnutools/10.3/bin/../lib/gcc/arm-none-eabi/10.3.1/../../../../arm-none-eabi/lib/thumb/v7e-m+fp/softfp\libc.a(lib_a-signalr.o)
                0x10007c2c                _kill_r
 .text._getpid_r
                0x10007c58        0x4 c:/maximsdk/tools/gnutools/10.3/bin/../lib/gcc/arm-none-eabi/10.3.1/../../../../arm-none-eabi/lib/thumb/v7e-m+fp/softfp\libc.a(lib_a-signalr.o)
                0x10007c58                _getpid_r
 .text._exit    0x10007c5c        0x4 c:/maximsdk/tools/gnutools/10.3/bin/../lib/gcc/arm-none-eabi/10.3.1/../../../../arm-none-eabi/lib/thumb/v7e-m+fp/softfp\libnosys.a(_exit.o)
                0x10007c5c                _exit
 .text          0x10007c60      0x378 c:/maximsdk/tools/gnutools/10.3/bin/../lib/gcc/arm-none-eabi/10.3.1/thumb/v7e-m+fp/softfp\libgcc.a(_arm_addsubdf3.o)
                0x10007c60                __aeabi_drsub
                0x10007c68                __aeabi_dsub
                0x10007c68                __subdf3
                0x10007c6c                __aeabi_dadd
                0x10007c6c                __adddf3
                0x10007ee4                __floatunsidf
                0x10007ee4                __aeabi_ui2d
                0x10007f04                __floatsidf
                0x10007f04                __aeabi_i2d
                0x10007f28                __aeabi_f2d
                0x10007f28                __extendsfdf2
                0x10007f6c                __floatundidf
                0x10007f6c                __aeabi_ul2d
                0x10007f7c                __floatdidf
                0x10007f7c                __aeabi_l2d
 .text          0x10007fd8      0x424 c:/maximsdk/tools/gnutools/10.3/bin/../lib/gcc/arm-none-eabi/10.3.1/thumb/v7e-m+fp/softfp\libgcc.a(_arm_muldivdf3.o)
                0x10007fd8                __aeabi_dmul
                0x10007fd8                __muldf3
                0x1000822c                __divdf3
                0x1000822c                __aeabi_ddiv
 .text          0x100083fc      0x110 c:/maximsdk/tools/gnutools/10.3/bin/../lib/gcc/arm-none-eabi/10.3.1/thumb/v7e-m+fp/softfp\libgcc.a(_arm_cmpdf2.o)
                0x100083fc                __gtdf2
                0x100083fc                __gedf2
                0x10008404                __ltdf2
                0x10008404                __ledf2
                0x1000840c                __nedf2
                0x1000840c                __eqdf2
                0x1000840c                __cmpdf2
                0x10008488                __aeabi_cdrcmple
                0x10008498                __aeabi_cdcmpeq
                0x10008498                __aeabi_cdcmple
                0x100084a8                __aeabi_dcmpeq
                0x100084bc                __aeabi_dcmplt
                0x100084d0                __aeabi_dcmple
                0x100084e4                __aeabi_dcmpge
                0x100084f8                __aeabi_dcmpgt
 .text          0x1000850c       0x2c c:/maximsdk/tools/gnutools/10.3/bin/../lib/gcc/arm-none-eabi/10.3.1/thumb/v7e-m+fp/softfp\libgcc.a(_arm_unorddf2.o)
                0x1000850c                __unorddf2
                0x1000850c                __aeabi_dcmpun
 .text          0x10008538       0x50 c:/maximsdk/tools/gnutools/10.3/bin/../lib/gcc/arm-none-eabi/10.3.1/thumb/v7e-m+fp/softfp\libgcc.a(_arm_fixdfsi.o)
                0x10008538                __aeabi_d2iz
                0x10008538                __fixdfsi
 .text          0x10008588       0x30 c:/maximsdk/tools/gnutools/10.3/bin/../lib/gcc/arm-none-eabi/10.3.1/thumb/v7e-m+fp/softfp\libgcc.a(_aeabi_uldivmod.o)
                0x10008588                __aeabi_uldivmod
 .text          0x100085b8      0x2d0 c:/maximsdk/tools/gnutools/10.3/bin/../lib/gcc/arm-none-eabi/10.3.1/thumb/v7e-m+fp/softfp\libgcc.a(_udivmoddi4.o)
                0x100085b8                __udivmoddi4
 .text          0x10008888        0x4 c:/maximsdk/tools/gnutools/10.3/bin/../lib/gcc/arm-none-eabi/10.3.1/thumb/v7e-m+fp/softfp\libgcc.a(_dvmd_tls.o)
                0x10008888                __aeabi_idiv0
                0x10008888                __aeabi_ldiv0
 *(.rodata*)
 .rodata        0x1000888c       0x30 c:/Users/thady/OneDrive/Desktop/4th_Year_1st_Sem/187.1/Led_Sequence/GPIO1/build/main.o
 .rodata.mxc_assert.str1.4
                0x100088bc       0x19 c:/Users/thady/OneDrive/Desktop/4th_Year_1st_Sem/187.1/Led_Sequence/GPIO1/build/board.o
 *fill*         0x100088d5        0x3 
 .rodata.Board_Init.str1.4
                0x100088d8       0x45 c:/Users/thady/OneDrive/Desktop/4th_Year_1st_Sem/187.1/Led_Sequence/GPIO1/build/board.o
 *fill*         0x1000891d        0x3 
 .rodata        0x10008920       0x54 c:/Users/thady/OneDrive/Desktop/4th_Year_1st_Sem/187.1/Led_Sequence/GPIO1/build/board.o
 .rodata.led_pin
                0x10008974       0x18 c:/Users/thady/OneDrive/Desktop/4th_Year_1st_Sem/187.1/Led_Sequence/GPIO1/build/board.o
                0x10008974                led_pin
 .rodata.num_leds
                0x1000898c        0x4 c:/Users/thady/OneDrive/Desktop/4th_Year_1st_Sem/187.1/Led_Sequence/GPIO1/build/board.o
                0x1000898c                num_leds
 .rodata.num_pbs
                0x10008990        0x4 c:/Users/thady/OneDrive/Desktop/4th_Year_1st_Sem/187.1/Led_Sequence/GPIO1/build/board.o
                0x10008990                num_pbs
 .rodata.pb_pin
                0x10008994       0x18 c:/Users/thady/OneDrive/Desktop/4th_Year_1st_Sem/187.1/Led_Sequence/GPIO1/build/board.o
                0x10008994                pb_pin
 .rodata.gpio_cfg_extclk
                0x100089ac        0xc C:/MaximSDK/Libraries/PeriphDrivers/bin/MAX78000/spi-v1_softfp/libPeriphDriver_spi-v1_softfp.a(pins_ai85.o)
                0x100089ac                gpio_cfg_extclk
 .rodata.gpio_cfg_uart0
                0x100089b8        0xc C:/MaximSDK/Libraries/PeriphDrivers/bin/MAX78000/spi-v1_softfp/libPeriphDriver_spi-v1_softfp.a(pins_ai85.o)
                0x100089b8                gpio_cfg_uart0
 .rodata.gpio_cfg_uart1
                0x100089c4        0xc C:/MaximSDK/Libraries/PeriphDrivers/bin/MAX78000/spi-v1_softfp/libPeriphDriver_spi-v1_softfp.a(pins_ai85.o)
                0x100089c4                gpio_cfg_uart1
 .rodata.gpio_cfg_uart2
                0x100089d0        0xc C:/MaximSDK/Libraries/PeriphDrivers/bin/MAX78000/spi-v1_softfp/libPeriphDriver_spi-v1_softfp.a(pins_ai85.o)
                0x100089d0                gpio_cfg_uart2
 .rodata.gpio_cfg_uart3
                0x100089dc        0xc C:/MaximSDK/Libraries/PeriphDrivers/bin/MAX78000/spi-v1_softfp/libPeriphDriver_spi-v1_softfp.a(pins_ai85.o)
                0x100089dc                gpio_cfg_uart3
 .rodata.MXC_UART_RevB_Init.str1.4
                0x100089e8       0x77 C:/MaximSDK/Libraries/PeriphDrivers/bin/MAX78000/spi-v1_softfp/libPeriphDriver_spi-v1_softfp.a(uart_revb.o)
 *fill*         0x10008a5f        0x1 
 .rodata.MXC_UART_RevB_SetClockSource.str1.4
                0x10008a60       0x27 C:/MaximSDK/Libraries/PeriphDrivers/bin/MAX78000/spi-v1_softfp/libPeriphDriver_spi-v1_softfp.a(uart_revb.o)
 *fill*         0x10008a87        0x1 
 .rodata.MXC_GPIO_Common_Handler.str1.4
                0x10008a88       0x66 C:/MaximSDK/Libraries/PeriphDrivers/bin/MAX78000/spi-v1_softfp/libPeriphDriver_spi-v1_softfp.a(gpio_common.o)
 *fill*         0x10008aee        0x2 
 .rodata._global_impure_ptr
                0x10008af0        0x4 c:/maximsdk/tools/gnutools/10.3/bin/../lib/gcc/arm-none-eabi/10.3.1/../../../../arm-none-eabi/lib/thumb/v7e-m+fp/softfp\libc.a(lib_a-impure.o)
                0x10008af0                _global_impure_ptr
 .rodata._vfprintf_r.str1.4
                0x10008af4       0x42 c:/maximsdk/tools/gnutools/10.3/bin/../lib/gcc/arm-none-eabi/10.3.1/../../../../arm-none-eabi/lib/thumb/v7e-m+fp/softfp\libc.a(lib_a-vfprintf.o)
 *fill*         0x10008b36        0x2 
 .rodata.blanks.1
                0x10008b38       0x10 c:/maximsdk/tools/gnutools/10.3/bin/../lib/gcc/arm-none-eabi/10.3.1/../../../../arm-none-eabi/lib/thumb/v7e-m+fp/softfp\libc.a(lib_a-vfprintf.o)
 .rodata.zeroes.0
                0x10008b48       0x10 c:/maximsdk/tools/gnutools/10.3/bin/../lib/gcc/arm-none-eabi/10.3.1/../../../../arm-none-eabi/lib/thumb/v7e-m+fp/softfp\libc.a(lib_a-vfprintf.o)
 .rodata._dtoa_r.str1.4
                0x10008b58       0xa2 c:/maximsdk/tools/gnutools/10.3/bin/../lib/gcc/arm-none-eabi/10.3.1/../../../../arm-none-eabi/lib/thumb/v7e-m+fp/softfp\libc.a(lib_a-dtoa.o)
                                 0xa6 (size before relaxing)
 *fill*         0x10008bfa        0x2 
 .rodata.__multadd.str1.4
                0x10008bfc       0x7f c:/maximsdk/tools/gnutools/10.3/bin/../lib/gcc/arm-none-eabi/10.3.1/../../../../arm-none-eabi/lib/thumb/v7e-m+fp/softfp\libc.a(lib_a-mprec.o)
                                 0x93 (size before relaxing)
 *fill*         0x10008c7b        0x5 
 .rodata.__mprec_bigtens
                0x10008c80       0x28 c:/maximsdk/tools/gnutools/10.3/bin/../lib/gcc/arm-none-eabi/10.3.1/../../../../arm-none-eabi/lib/thumb/v7e-m+fp/softfp\libc.a(lib_a-mprec.o)
                0x10008c80                __mprec_bigtens
 .rodata.__mprec_tens
                0x10008ca8       0xc8 c:/maximsdk/tools/gnutools/10.3/bin/../lib/gcc/arm-none-eabi/10.3.1/../../../../arm-none-eabi/lib/thumb/v7e-m+fp/softfp\libc.a(lib_a-mprec.o)
                0x10008ca8                __mprec_tens
 .rodata.p05.0  0x10008d70        0xc c:/maximsdk/tools/gnutools/10.3/bin/../lib/gcc/arm-none-eabi/10.3.1/../../../../arm-none-eabi/lib/thumb/v7e-m+fp/softfp\libc.a(lib_a-mprec.o)
 .rodata._vfiprintf_r.str1.4
                0x10008d7c       0x2f c:/maximsdk/tools/gnutools/10.3/bin/../lib/gcc/arm-none-eabi/10.3.1/../../../../arm-none-eabi/lib/thumb/v7e-m+fp/softfp\libc.a(lib_a-vfiprintf.o)
 .rodata.blanks.1
                0x10008d7c       0x10 c:/maximsdk/tools/gnutools/10.3/bin/../lib/gcc/arm-none-eabi/10.3.1/../../../../arm-none-eabi/lib/thumb/v7e-m+fp/softfp\libc.a(lib_a-vfiprintf.o)
 .rodata.zeroes.0
                0x10008d8c       0x10 c:/maximsdk/tools/gnutools/10.3/bin/../lib/gcc/arm-none-eabi/10.3.1/../../../../arm-none-eabi/lib/thumb/v7e-m+fp/softfp\libc.a(lib_a-vfiprintf.o)
 .rodata.__assert_func.str1.4
                0x10008d9c       0x3f c:/maximsdk/tools/gnutools/10.3/bin/../lib/gcc/arm-none-eabi/10.3.1/../../../../arm-none-eabi/lib/thumb/v7e-m+fp/softfp\libc.a(lib_a-assert.o)
                                 0x43 (size before relaxing)
 *fill*         0x10008ddb        0x1 
 .rodata._setlocale_r.str1.4
                0x10008ddc        0xa c:/maximsdk/tools/gnutools/10.3/bin/../lib/gcc/arm-none-eabi/10.3.1/../../../../arm-none-eabi/lib/thumb/v7e-m+fp/softfp\libc.a(lib_a-locale.o)
                                  0xd (size before relaxing)
 *fill*         0x10008de6        0x2 
 .rodata.str1.4
                0x10008de8        0x2 c:/maximsdk/tools/gnutools/10.3/bin/../lib/gcc/arm-none-eabi/10.3.1/../../../../arm-none-eabi/lib/thumb/v7e-m+fp/softfp\libc.a(lib_a-locale.o)
 *fill*         0x10008dea        0x2 
 .rodata._ctype_
                0x10008dec      0x101 c:/maximsdk/tools/gnutools/10.3/bin/../lib/gcc/arm-none-eabi/10.3.1/../../../../arm-none-eabi/lib/thumb/v7e-m+fp/softfp\libc.a(lib_a-ctype_.o)
                0x10008dec                _ctype_
 *(.init)
 *fill*         0x10008eed        0x3 
 .init          0x10008ef0        0x4 c:/maximsdk/tools/gnutools/10.3/bin/../lib/gcc/arm-none-eabi/10.3.1/thumb/v7e-m+fp/softfp/crti.o
                0x10008ef0                _init
 .init          0x10008ef4        0x8 c:/maximsdk/tools/gnutools/10.3/bin/../lib/gcc/arm-none-eabi/10.3.1/thumb/v7e-m+fp/softfp/crtn.o
 *(.fini)
 .fini          0x10008efc        0x4 c:/maximsdk/tools/gnutools/10.3/bin/../lib/gcc/arm-none-eabi/10.3.1/thumb/v7e-m+fp/softfp/crti.o
                0x10008efc                _fini
 .fini          0x10008f00        0x8 c:/maximsdk/tools/gnutools/10.3/bin/../lib/gcc/arm-none-eabi/10.3.1/thumb/v7e-m+fp/softfp/crtn.o
 *crtbegin.o(.ctors)
 *crtbegin?.o(.ctors)
 *(EXCLUDE_FILE(*crtend.o *crtend?.o) .ctors)
 *(SORT_BY_NAME(.ctors.*))
 *(.ctors)
 *crtbegin.o(.dtors)
 *crtbegin?.o(.dtors)
 *(EXCLUDE_FILE(*crtend.o *crtend?.o) .dtors)
 *(SORT_BY_NAME(.dtors.*))
 *(.dtors)
 *(.eh_frame*)
 .eh_frame      0x10008f08        0x0 c:/maximsdk/tools/gnutools/10.3/bin/../lib/gcc/arm-none-eabi/10.3.1/thumb/v7e-m+fp/softfp/crtbegin.o
 .eh_frame      0x10008f08        0x4 c:/maximsdk/tools/gnutools/10.3/bin/../lib/gcc/arm-none-eabi/10.3.1/thumb/v7e-m+fp/softfp/crtend.o
                0x10008f0c                _etext = .

.glue_7         0x10008f0c        0x0
 .glue_7        0x10008f0c        0x0 linker stubs

.glue_7t        0x10008f0c        0x0
 .glue_7t       0x10008f0c        0x0 linker stubs

.vfp11_veneer   0x10008f0c        0x0
 .vfp11_veneer  0x10008f0c        0x0 linker stubs

.v4_bx          0x10008f0c        0x0
 .v4_bx         0x10008f0c        0x0 linker stubs

.iplt           0x10008f0c        0x0
 .iplt          0x10008f0c        0x0 c:/maximsdk/tools/gnutools/10.3/bin/../lib/gcc/arm-none-eabi/10.3.1/thumb/v7e-m+fp/softfp/crtbegin.o

.ARM.extab
 *(.ARM.extab* .gnu.linkonce.armextab.*)

.bin_storage    0x10008f0c        0x0
 FILL mask 0xff
                0x10008f0c                _bin_start_ = .
 *(.bin_storage_img)
                0x10008f0c                _bin_end_ = .
                0x10008f0c                . = ALIGN (0x4)

.rom_code       0x00000000        0x0
                0x00000000                . = ALIGN (0x10)
                0x20000000                _sran_code = .
 *(.rom_code_section)
                0x20000000                _esran_code = .

.flash_code     0x10008f0c        0x4
                0x10008f10                . = ALIGN (0x10)
 *fill*         0x10008f0c        0x4 
                0x20000000                _sran_code = .
 *(.flash_code_section)
                0x20000000                _esran_code = .

.sram_code      0x20000000        0x0
                0x20000000                . = ALIGN (0x10)
                0x20000000                _sran_code = .
 *(.sram_code_section)
                0x20000000                _esran_code = .

.ARM.exidx      0x10008f10        0x8
                0x10008f10                __exidx_start = .
 *(.ARM.exidx* .gnu.linkonce.armexidx.*)
 .ARM.exidx     0x10008f10        0x8 c:/maximsdk/tools/gnutools/10.3/bin/../lib/gcc/arm-none-eabi/10.3.1/thumb/v7e-m+fp/softfp\libgcc.a(_udivmoddi4.o)
                0x10008f18                __exidx_end = .

.rel.dyn        0x10008f18        0x0
 .rel.iplt      0x10008f18        0x0 c:/maximsdk/tools/gnutools/10.3/bin/../lib/gcc/arm-none-eabi/10.3.1/thumb/v7e-m+fp/softfp/crtbegin.o

.data           0x20000000      0xa6c load address 0x10008f18
                0x20000000                _data = ALIGN (., 0x4)
 *(vtable)
 *(.data*)
 .data.lastBtn  0x20000000        0x4 c:/Users/thady/OneDrive/Desktop/4th_Year_1st_Sem/187.1/Led_Sequence/GPIO1/build/main.o
                0x20000000                lastBtn
 .data.leds     0x20000004       0x48 c:/Users/thady/OneDrive/Desktop/4th_Year_1st_Sem/187.1/Led_Sequence/GPIO1/build/main.o
                0x20000004                leds
 .data.ConsoleUart
                0x2000004c        0x4 c:/Users/thady/OneDrive/Desktop/4th_Year_1st_Sem/187.1/Led_Sequence/GPIO1/build/board.o
                0x2000004c                ConsoleUart
 .data.overflows
                0x20000050        0x4 C:/MaximSDK/Libraries/PeriphDrivers/bin/MAX78000/spi-v1_softfp/libPeriphDriver_spi-v1_softfp.a(mxc_delay.o)
 .data.states   0x20000054       0x60 C:/MaximSDK/Libraries/PeriphDrivers/bin/MAX78000/spi-v1_softfp/libPeriphDriver_spi-v1_softfp.a(uart_revb.o)
 .data._impure_ptr
                0x200000b4        0x4 c:/maximsdk/tools/gnutools/10.3/bin/../lib/gcc/arm-none-eabi/10.3.1/../../../../arm-none-eabi/lib/thumb/v7e-m+fp/softfp\libc.a(lib_a-impure.o)
                0x200000b4                _impure_ptr
 .data.impure_data
                0x200000b8      0x428 c:/maximsdk/tools/gnutools/10.3/bin/../lib/gcc/arm-none-eabi/10.3.1/../../../../arm-none-eabi/lib/thumb/v7e-m+fp/softfp\libc.a(lib_a-impure.o)
 .data.__malloc_av_
                0x200004e0      0x408 c:/maximsdk/tools/gnutools/10.3/bin/../lib/gcc/arm-none-eabi/10.3.1/../../../../arm-none-eabi/lib/thumb/v7e-m+fp/softfp\libc.a(lib_a-mallocr.o)
                0x200004e0                __malloc_av_
 .data.__malloc_sbrk_base
                0x200008e8        0x4 c:/maximsdk/tools/gnutools/10.3/bin/../lib/gcc/arm-none-eabi/10.3.1/../../../../arm-none-eabi/lib/thumb/v7e-m+fp/softfp\libc.a(lib_a-mallocr.o)
                0x200008e8                __malloc_sbrk_base
 .data.__malloc_trim_threshold
                0x200008ec        0x4 c:/maximsdk/tools/gnutools/10.3/bin/../lib/gcc/arm-none-eabi/10.3.1/../../../../arm-none-eabi/lib/thumb/v7e-m+fp/softfp\libc.a(lib_a-mallocr.o)
                0x200008ec                __malloc_trim_threshold
 .data.__atexit_recursive_mutex
                0x200008f0        0x4 c:/maximsdk/tools/gnutools/10.3/bin/../lib/gcc/arm-none-eabi/10.3.1/../../../../arm-none-eabi/lib/thumb/v7e-m+fp/softfp\libc.a(lib_a-__call_atexit.o)
                0x200008f0                __atexit_recursive_mutex
 .data.__global_locale
                0x200008f4      0x16c c:/maximsdk/tools/gnutools/10.3/bin/../lib/gcc/arm-none-eabi/10.3.1/../../../../arm-none-eabi/lib/thumb/v7e-m+fp/softfp\libc.a(lib_a-locale.o)
                0x200008f4                __global_locale
 *(.flashprog*)
                0x20000a60                . = ALIGN (0x4)
                0x20000a60                PROVIDE (__preinit_array_start = .)
 *(.preinit_array)
                0x20000a60                PROVIDE (__preinit_array_end = .)
                0x20000a60                . = ALIGN (0x4)
                0x20000a60                PROVIDE (__init_array_start = .)
 *(SORT_BY_NAME(.init_array.*))
 .init_array.00000
                0x20000a60        0x4 c:/maximsdk/tools/gnutools/10.3/bin/../lib/gcc/arm-none-eabi/10.3.1/../../../../arm-none-eabi/lib/thumb/v7e-m+fp/softfp\libc.a(lib_a-__call_atexit.o)
 *(.init_array)
 .init_array    0x20000a64        0x4 c:/maximsdk/tools/gnutools/10.3/bin/../lib/gcc/arm-none-eabi/10.3.1/thumb/v7e-m+fp/softfp/crtbegin.o
                0x20000a68                PROVIDE (__init_array_end = .)
                0x20000a68                . = ALIGN (0x4)
                0x20000a68                PROVIDE (__fini_array_start = .)
 *(SORT_BY_NAME(.fini_array.*))
 *(.fini_array)
 .fini_array    0x20000a68        0x4 c:/maximsdk/tools/gnutools/10.3/bin/../lib/gcc/arm-none-eabi/10.3.1/thumb/v7e-m+fp/softfp/crtbegin.o
                0x20000a6c                PROVIDE (__fini_array_end = .)
                0x20000a6c                _edata = ALIGN (., 0x4)
                0x10008f18                __load_data = LOADADDR (.data)

.igot.plt       0x20000a6c        0x0 load address 0x10009984
 .igot.plt      0x20000a6c        0x0 c:/maximsdk/tools/gnutools/10.3/bin/../lib/gcc/arm-none-eabi/10.3.1/thumb/v7e-m+fp/softfp/crtbegin.o

.bss            0x20000a6c      0x4cc load address 0x10009984
                0x20000a6c                . = ALIGN (0x4)
                0x20000a6c                _bss = .
 *(.bss*)
 .bss           0x20000a6c       0x1c c:/maximsdk/tools/gnutools/10.3/bin/../lib/gcc/arm-none-eabi/10.3.1/thumb/v7e-m+fp/softfp/crtbegin.o
 .bss.mode      0x20000a88        0x4 c:/Users/thady/OneDrive/Desktop/4th_Year_1st_Sem/187.1/Led_Sequence/GPIO1/build/main.o
                0x20000a88                mode
 .bss.g_pb_polarity
                0x20000a8c        0x4 c:/Users/thady/OneDrive/Desktop/4th_Year_1st_Sem/187.1/Led_Sequence/GPIO1/build/pb.o
 .bss.blen_pin  0x20000a90        0xc c:/Users/thady/OneDrive/Desktop/4th_Year_1st_Sem/187.1/Led_Sequence/GPIO1/build/tft_ssd2119.o
 .bss.g_spi_gpio
                0x20000a9c        0xc c:/Users/thady/OneDrive/Desktop/4th_Year_1st_Sem/187.1/Led_Sequence/GPIO1/build/tft_ssd2119.o
 .bss.reset_pin
                0x20000aa8        0xc c:/Users/thady/OneDrive/Desktop/4th_Year_1st_Sem/187.1/Led_Sequence/GPIO1/build/tft_ssd2119.o
 .bss.spi       0x20000ab4        0x4 c:/Users/thady/OneDrive/Desktop/4th_Year_1st_Sem/187.1/Led_Sequence/GPIO1/build/tft_ssd2119.o
 .bss.ssel      0x20000ab8        0x4 c:/Users/thady/OneDrive/Desktop/4th_Year_1st_Sem/187.1/Led_Sequence/GPIO1/build/tft_ssd2119.o
 .bss.tft_spi_freq
                0x20000abc        0x4 c:/Users/thady/OneDrive/Desktop/4th_Year_1st_Sem/187.1/Led_Sequence/GPIO1/build/tft_ssd2119.o
 .bss.busy_gpio
                0x20000ac0        0xc c:/Users/thady/OneDrive/Desktop/4th_Year_1st_Sem/187.1/Led_Sequence/GPIO1/build/tsc2046.o
 .bss.int_gpio  0x20000acc        0xc c:/Users/thady/OneDrive/Desktop/4th_Year_1st_Sem/187.1/Led_Sequence/GPIO1/build/tsc2046.o
 .bss.heap_end  0x20000ad8        0x4 c:/Users/thady/OneDrive/Desktop/4th_Year_1st_Sem/187.1/Led_Sequence/GPIO1/build/heap.o
 .bss.cbFunc    0x20000adc        0x4 C:/MaximSDK/Libraries/PeriphDrivers/bin/MAX78000/spi-v1_softfp/libPeriphDriver_spi-v1_softfp.a(mxc_delay.o)
 .bss.ctrl_save
                0x20000ae0        0x4 C:/MaximSDK/Libraries/PeriphDrivers/bin/MAX78000/spi-v1_softfp/libPeriphDriver_spi-v1_softfp.a(mxc_delay.o)
 .bss.endtick   0x20000ae4        0x4 C:/MaximSDK/Libraries/PeriphDrivers/bin/MAX78000/spi-v1_softfp/libPeriphDriver_spi-v1_softfp.a(mxc_delay.o)
 .bss.g_is_clock_locked
                0x20000ae8        0x4 C:/MaximSDK/Libraries/PeriphDrivers/bin/MAX78000/spi-v1_softfp/libPeriphDriver_spi-v1_softfp.a(uart_revb.o)
 .bss.callback  0x20000aec      0x200 C:/MaximSDK/Libraries/PeriphDrivers/bin/MAX78000/spi-v1_softfp/libPeriphDriver_spi-v1_softfp.a(gpio_common.o)
 .bss.cbparam   0x20000cec      0x200 C:/MaximSDK/Libraries/PeriphDrivers/bin/MAX78000/spi-v1_softfp/libPeriphDriver_spi-v1_softfp.a(gpio_common.o)
 .bss.cfg_lock  0x20000eec        0x1 C:/MaximSDK/Libraries/PeriphDrivers/bin/MAX78000/spi-v1_softfp/libPeriphDriver_spi-v1_softfp.a(gpio_common.o)
 .bss.initialized
                0x20000eed        0x1 C:/MaximSDK/Libraries/PeriphDrivers/bin/MAX78000/spi-v1_softfp/libPeriphDriver_spi-v1_softfp.a(gpio_common.o)
 *fill*         0x20000eee        0x2 
 .bss.__malloc_current_mallinfo
                0x20000ef0       0x28 c:/maximsdk/tools/gnutools/10.3/bin/../lib/gcc/arm-none-eabi/10.3.1/../../../../arm-none-eabi/lib/thumb/v7e-m+fp/softfp\libc.a(lib_a-mallocr.o)
                0x20000ef0                __malloc_current_mallinfo
 .bss.__malloc_max_sbrked_mem
                0x20000f18        0x4 c:/maximsdk/tools/gnutools/10.3/bin/../lib/gcc/arm-none-eabi/10.3.1/../../../../arm-none-eabi/lib/thumb/v7e-m+fp/softfp\libc.a(lib_a-mallocr.o)
                0x20000f18                __malloc_max_sbrked_mem
 .bss.__malloc_max_total_mem
                0x20000f1c        0x4 c:/maximsdk/tools/gnutools/10.3/bin/../lib/gcc/arm-none-eabi/10.3.1/../../../../arm-none-eabi/lib/thumb/v7e-m+fp/softfp\libc.a(lib_a-mallocr.o)
                0x20000f1c                __malloc_max_total_mem
 .bss.__malloc_top_pad
                0x20000f20        0x4 c:/maximsdk/tools/gnutools/10.3/bin/../lib/gcc/arm-none-eabi/10.3.1/../../../../arm-none-eabi/lib/thumb/v7e-m+fp/softfp\libc.a(lib_a-mallocr.o)
                0x20000f20                __malloc_top_pad
 .bss.__lock___atexit_recursive_mutex
                0x20000f24        0x1 c:/maximsdk/tools/gnutools/10.3/bin/../lib/gcc/arm-none-eabi/10.3.1/../../../../arm-none-eabi/lib/thumb/v7e-m+fp/softfp\libc.a(lib_a-lock.o)
                0x20000f24                __lock___atexit_recursive_mutex
 *fill*         0x20000f25        0x3 
 .bss.__lock___malloc_recursive_mutex
                0x20000f28        0x1 c:/maximsdk/tools/gnutools/10.3/bin/../lib/gcc/arm-none-eabi/10.3.1/../../../../arm-none-eabi/lib/thumb/v7e-m+fp/softfp\libc.a(lib_a-lock.o)
                0x20000f28                __lock___malloc_recursive_mutex
 *fill*         0x20000f29        0x3 
 .bss.__lock___sfp_recursive_mutex
                0x20000f2c        0x1 c:/maximsdk/tools/gnutools/10.3/bin/../lib/gcc/arm-none-eabi/10.3.1/../../../../arm-none-eabi/lib/thumb/v7e-m+fp/softfp\libc.a(lib_a-lock.o)
                0x20000f2c                __lock___sfp_recursive_mutex
 *fill*         0x20000f2d        0x3 
 .bss.__lock___sinit_recursive_mutex
                0x20000f30        0x1 c:/maximsdk/tools/gnutools/10.3/bin/../lib/gcc/arm-none-eabi/10.3.1/../../../../arm-none-eabi/lib/thumb/v7e-m+fp/softfp\libc.a(lib_a-lock.o)
                0x20000f30                __lock___sinit_recursive_mutex
 *fill*         0x20000f31        0x3 
 .bss.errno     0x20000f34        0x4 c:/maximsdk/tools/gnutools/10.3/bin/../lib/gcc/arm-none-eabi/10.3.1/../../../../arm-none-eabi/lib/thumb/v7e-m+fp/softfp\libc.a(lib_a-reent.o)
                0x20000f34                errno
 *(COMMON)
                0x20000f38                _ebss = ALIGN (., 0x4)

.shared         0x20000f38        0x4 load address 0x10009984
                0x20000f38                . = ALIGN (0x4)
                0x20000f38                _shared = .
 *(.mailbox*)
                0x20000f38                . = ALIGN (0x4)
 *(.shared*)
 .shared        0x20000f38        0x4 c:/Users/thady/OneDrive/Desktop/4th_Year_1st_Sem/187.1/Led_Sequence/GPIO1/build/system_max78000.o
                0x20000f38                SystemCoreClock
                0x20000f3c                _eshared = ALIGN (., 0x4)
                0x10009984                __shared_data = LOADADDR (.shared)
                0x20020000                __StackTop = (ORIGIN (SRAM) + LENGTH (SRAM))
                0x2001f000                __StackLimit = (__StackTop - SIZEOF (.stack_dummy))

.stack_dummy    0x20000f40     0x1000 load address 0x10009988
 *(.stack*)
 .stack         0x20000f40     0x1000 c:/Users/thady/OneDrive/Desktop/4th_Year_1st_Sem/187.1/Led_Sequence/GPIO1/build/startup_max78000.o

.heap           0x20000f40      0xc00 load address 0x10009988
                0x20000f40                . = ALIGN (0x4)
 *(.heap*)
 .heap          0x20000f40      0xc00 c:/Users/thady/OneDrive/Desktop/4th_Year_1st_Sem/187.1/Led_Sequence/GPIO1/build/startup_max78000.o
                0x20000f40                __HeapBase
                0x2001f000                __HeapLimit = ABSOLUTE (__StackLimit)
                0x20020000                PROVIDE (__stack = __StackTop)
                0x00000001                ASSERT ((__StackLimit >= _ebss), region RAM overflowed with stack)

.riscv_flash    0x10009988      0x178
                0x10009a00                . = ALIGN (0x100)
 *fill*         0x10009988       0x78 
                0x10009b00                . = (. + 0x100)
 *fill*         0x10009a00      0x100 
                0x10009b00                _riscv_boot = .
 *riscv.o(.text*)
OUTPUT(c:/Users/thady/OneDrive/Desktop/4th_Year_1st_Sem/187.1/Led_Sequence/GPIO1/build/GPIO1.elf elf32-littlearm)
LOAD linker stubs

.ARM.attributes
                0x00000000       0x2e
 .ARM.attributes
                0x00000000       0x1e c:/maximsdk/tools/gnutools/10.3/bin/../lib/gcc/arm-none-eabi/10.3.1/thumb/v7e-m+fp/softfp/crti.o
 .ARM.attributes
                0x0000001e       0x32 c:/maximsdk/tools/gnutools/10.3/bin/../lib/gcc/arm-none-eabi/10.3.1/thumb/v7e-m+fp/softfp/crtbegin.o
 .ARM.attributes
                0x00000050       0x32 c:/Users/thady/OneDrive/Desktop/4th_Year_1st_Sem/187.1/Led_Sequence/GPIO1/build/main.o
 .ARM.attributes
                0x00000082       0x32 c:/Users/thady/OneDrive/Desktop/4th_Year_1st_Sem/187.1/Led_Sequence/GPIO1/build/board.o
 .ARM.attributes
                0x000000b4       0x32 c:/Users/thady/OneDrive/Desktop/4th_Year_1st_Sem/187.1/Led_Sequence/GPIO1/build/stdio.o
 .ARM.attributes
                0x000000e6       0x32 c:/Users/thady/OneDrive/Desktop/4th_Year_1st_Sem/187.1/Led_Sequence/GPIO1/build/led.o
 .ARM.attributes
                0x00000118       0x32 c:/Users/thady/OneDrive/Desktop/4th_Year_1st_Sem/187.1/Led_Sequence/GPIO1/build/pb.o
 .ARM.attributes
                0x0000014a       0x32 c:/Users/thady/OneDrive/Desktop/4th_Year_1st_Sem/187.1/Led_Sequence/GPIO1/build/tft_ssd2119.o
 .ARM.attributes
                0x0000017c       0x32 c:/Users/thady/OneDrive/Desktop/4th_Year_1st_Sem/187.1/Led_Sequence/GPIO1/build/tsc2046.o
 .ARM.attributes
                0x000001ae       0x1b c:/Users/thady/OneDrive/Desktop/4th_Year_1st_Sem/187.1/Led_Sequence/GPIO1/build/startup_max78000.o
 .ARM.attributes
                0x000001c9       0x32 c:/Users/thady/OneDrive/Desktop/4th_Year_1st_Sem/187.1/Led_Sequence/GPIO1/build/heap.o
 .ARM.attributes
                0x000001fb       0x32 c:/Users/thady/OneDrive/Desktop/4th_Year_1st_Sem/187.1/Led_Sequence/GPIO1/build/system_max78000.o
 .ARM.attributes
                0x0000022d       0x32 C:/MaximSDK/Libraries/PeriphDrivers/bin/MAX78000/spi-v1_softfp/libPeriphDriver_spi-v1_softfp.a(mxc_delay.o)
 .ARM.attributes
                0x0000025f       0x32 C:/MaximSDK/Libraries/PeriphDrivers/bin/MAX78000/spi-v1_softfp/libPeriphDriver_spi-v1_softfp.a(pins_ai85.o)
 .ARM.attributes
                0x00000291       0x32 C:/MaximSDK/Libraries/PeriphDrivers/bin/MAX78000/spi-v1_softfp/libPeriphDriver_spi-v1_softfp.a(sys_ai85.o)
 .ARM.attributes
                0x000002c3       0x32 C:/MaximSDK/Libraries/PeriphDrivers/bin/MAX78000/spi-v1_softfp/libPeriphDriver_spi-v1_softfp.a(gpio_ai85.o)
 .ARM.attributes
                0x000002f5       0x32 C:/MaximSDK/Libraries/PeriphDrivers/bin/MAX78000/spi-v1_softfp/libPeriphDriver_spi-v1_softfp.a(gpio_reva.o)
 .ARM.attributes
                0x00000327       0x32 C:/MaximSDK/Libraries/PeriphDrivers/bin/MAX78000/spi-v1_softfp/libPeriphDriver_spi-v1_softfp.a(icc_me17.o)
 .ARM.attributes
                0x00000359       0x32 C:/MaximSDK/Libraries/PeriphDrivers/bin/MAX78000/spi-v1_softfp/libPeriphDriver_spi-v1_softfp.a(icc_reva.o)
 .ARM.attributes
                0x0000038b       0x32 C:/MaximSDK/Libraries/PeriphDrivers/bin/MAX78000/spi-v1_softfp/libPeriphDriver_spi-v1_softfp.a(uart_ai85.o)
 .ARM.attributes
                0x000003bd       0x32 C:/MaximSDK/Libraries/PeriphDrivers/bin/MAX78000/spi-v1_softfp/libPeriphDriver_spi-v1_softfp.a(uart_common.o)
 .ARM.attributes
                0x000003ef       0x32 C:/MaximSDK/Libraries/PeriphDrivers/bin/MAX78000/spi-v1_softfp/libPeriphDriver_spi-v1_softfp.a(uart_revb.o)
 .ARM.attributes
                0x00000421       0x32 C:/MaximSDK/Libraries/PeriphDrivers/bin/MAX78000/spi-v1_softfp/libPeriphDriver_spi-v1_softfp.a(gpio_common.o)
 .ARM.attributes
                0x00000453       0x32 c:/maximsdk/tools/gnutools/10.3/bin/../lib/gcc/arm-none-eabi/10.3.1/../../../../arm-none-eabi/lib/thumb/v7e-m+fp/softfp\libc.a(lib_a-errno.o)
 .ARM.attributes
                0x00000485       0x32 c:/maximsdk/tools/gnutools/10.3/bin/../lib/gcc/arm-none-eabi/10.3.1/../../../../arm-none-eabi/lib/thumb/v7e-m+fp/softfp\libc.a(lib_a-impure.o)
 .ARM.attributes
                0x000004b7       0x32 c:/maximsdk/tools/gnutools/10.3/bin/../lib/gcc/arm-none-eabi/10.3.1/../../../../arm-none-eabi/lib/thumb/v7e-m+fp/softfp\libc.a(lib_a-init.o)
 .ARM.attributes
                0x000004e9       0x32 c:/maximsdk/tools/gnutools/10.3/bin/../lib/gcc/arm-none-eabi/10.3.1/../../../../arm-none-eabi/lib/thumb/v7e-m+fp/softfp\libc.a(lib_a-malloc.o)
 .ARM.attributes
                0x0000051b       0x32 c:/maximsdk/tools/gnutools/10.3/bin/../lib/gcc/arm-none-eabi/10.3.1/../../../../arm-none-eabi/lib/thumb/v7e-m+fp/softfp\libc.a(lib_a-mallocr.o)
 .ARM.attributes
                0x0000054d       0x1c c:/maximsdk/tools/gnutools/10.3/bin/../lib/gcc/arm-none-eabi/10.3.1/../../../../arm-none-eabi/lib/thumb/v7e-m+fp/softfp\libc.a(lib_a-memcpy.o)
 .ARM.attributes
                0x00000569       0x32 c:/maximsdk/tools/gnutools/10.3/bin/../lib/gcc/arm-none-eabi/10.3.1/../../../../arm-none-eabi/lib/thumb/v7e-m+fp/softfp\libc.a(lib_a-memset.o)
 .ARM.attributes
                0x0000059b       0x32 c:/maximsdk/tools/gnutools/10.3/bin/../lib/gcc/arm-none-eabi/10.3.1/../../../../arm-none-eabi/lib/thumb/v7e-m+fp/softfp\libc.a(lib_a-mlock.o)
 .ARM.attributes
                0x000005cd       0x32 c:/maximsdk/tools/gnutools/10.3/bin/../lib/gcc/arm-none-eabi/10.3.1/../../../../arm-none-eabi/lib/thumb/v7e-m+fp/softfp\libc.a(lib_a-printf.o)
 .ARM.attributes
                0x000005ff       0x32 c:/maximsdk/tools/gnutools/10.3/bin/../lib/gcc/arm-none-eabi/10.3.1/../../../../arm-none-eabi/lib/thumb/v7e-m+fp/softfp\libc.a(lib_a-rand.o)
 .ARM.attributes
                0x00000631       0x32 c:/maximsdk/tools/gnutools/10.3/bin/../lib/gcc/arm-none-eabi/10.3.1/../../../../arm-none-eabi/lib/thumb/v7e-m+fp/softfp\libc.a(lib_a-sbrkr.o)
 .ARM.attributes
                0x00000663       0x1c c:/maximsdk/tools/gnutools/10.3/bin/../lib/gcc/arm-none-eabi/10.3.1/../../../../arm-none-eabi/lib/thumb/v7e-m+fp/softfp\libc.a(lib_a-strlen.o)
 .ARM.attributes
                0x0000067f       0x32 c:/maximsdk/tools/gnutools/10.3/bin/../lib/gcc/arm-none-eabi/10.3.1/../../../../arm-none-eabi/lib/thumb/v7e-m+fp/softfp\libc.a(lib_a-vfprintf.o)
 .ARM.attributes
                0x000006b1       0x32 c:/maximsdk/tools/gnutools/10.3/bin/../lib/gcc/arm-none-eabi/10.3.1/../../../../arm-none-eabi/lib/thumb/v7e-m+fp/softfp\libc.a(lib_a-wsetup.o)
 .ARM.attributes
                0x000006e3       0x32 c:/maximsdk/tools/gnutools/10.3/bin/../lib/gcc/arm-none-eabi/10.3.1/../../../../arm-none-eabi/lib/thumb/v7e-m+fp/softfp\libc.a(lib_a-__call_atexit.o)
 .ARM.attributes
                0x00000715       0x32 c:/maximsdk/tools/gnutools/10.3/bin/../lib/gcc/arm-none-eabi/10.3.1/../../../../arm-none-eabi/lib/thumb/v7e-m+fp/softfp\libc.a(lib_a-atexit.o)
 .ARM.attributes
                0x00000747       0x32 c:/maximsdk/tools/gnutools/10.3/bin/../lib/gcc/arm-none-eabi/10.3.1/../../../../arm-none-eabi/lib/thumb/v7e-m+fp/softfp\libc.a(lib_a-dtoa.o)
 .ARM.attributes
                0x00000779       0x32 c:/maximsdk/tools/gnutools/10.3/bin/../lib/gcc/arm-none-eabi/10.3.1/../../../../arm-none-eabi/lib/thumb/v7e-m+fp/softfp\libc.a(lib_a-fflush.o)
 .ARM.attributes
                0x000007ab       0x32 c:/maximsdk/tools/gnutools/10.3/bin/../lib/gcc/arm-none-eabi/10.3.1/../../../../arm-none-eabi/lib/thumb/v7e-m+fp/softfp\libc.a(lib_a-findfp.o)
 .ARM.attributes
                0x000007dd       0x32 c:/maximsdk/tools/gnutools/10.3/bin/../lib/gcc/arm-none-eabi/10.3.1/../../../../arm-none-eabi/lib/thumb/v7e-m+fp/softfp\libc.a(lib_a-fini.o)
 .ARM.attributes
                0x0000080f       0x32 c:/maximsdk/tools/gnutools/10.3/bin/../lib/gcc/arm-none-eabi/10.3.1/../../../../arm-none-eabi/lib/thumb/v7e-m+fp/softfp\libc.a(lib_a-freer.o)
 .ARM.attributes
                0x00000841       0x32 c:/maximsdk/tools/gnutools/10.3/bin/../lib/gcc/arm-none-eabi/10.3.1/../../../../arm-none-eabi/lib/thumb/v7e-m+fp/softfp\libc.a(lib_a-fvwrite.o)
 .ARM.attributes
                0x00000873       0x32 c:/maximsdk/tools/gnutools/10.3/bin/../lib/gcc/arm-none-eabi/10.3.1/../../../../arm-none-eabi/lib/thumb/v7e-m+fp/softfp\libc.a(lib_a-fwalk.o)
 .ARM.attributes
                0x000008a5       0x32 c:/maximsdk/tools/gnutools/10.3/bin/../lib/gcc/arm-none-eabi/10.3.1/../../../../arm-none-eabi/lib/thumb/v7e-m+fp/softfp\libc.a(lib_a-localeconv.o)
 .ARM.attributes
                0x000008d7       0x32 c:/maximsdk/tools/gnutools/10.3/bin/../lib/gcc/arm-none-eabi/10.3.1/../../../../arm-none-eabi/lib/thumb/v7e-m+fp/softfp\libc.a(lib_a-lock.o)
 .ARM.attributes
                0x00000909       0x32 c:/maximsdk/tools/gnutools/10.3/bin/../lib/gcc/arm-none-eabi/10.3.1/../../../../arm-none-eabi/lib/thumb/v7e-m+fp/softfp\libc.a(lib_a-makebuf.o)
 .ARM.attributes
                0x0000093b       0x1c c:/maximsdk/tools/gnutools/10.3/bin/../lib/gcc/arm-none-eabi/10.3.1/../../../../arm-none-eabi/lib/thumb/v7e-m+fp/softfp\libc.a(lib_a-memchr.o)
 .ARM.attributes
                0x00000957       0x32 c:/maximsdk/tools/gnutools/10.3/bin/../lib/gcc/arm-none-eabi/10.3.1/../../../../arm-none-eabi/lib/thumb/v7e-m+fp/softfp\libc.a(lib_a-memmove.o)
 .ARM.attributes
                0x00000989       0x32 c:/maximsdk/tools/gnutools/10.3/bin/../lib/gcc/arm-none-eabi/10.3.1/../../../../arm-none-eabi/lib/thumb/v7e-m+fp/softfp\libc.a(lib_a-mprec.o)
 .ARM.attributes
                0x000009bb       0x32 c:/maximsdk/tools/gnutools/10.3/bin/../lib/gcc/arm-none-eabi/10.3.1/../../../../arm-none-eabi/lib/thumb/v7e-m+fp/softfp\libc.a(lib_a-reallocr.o)
 .ARM.attributes
                0x000009ed       0x32 c:/maximsdk/tools/gnutools/10.3/bin/../lib/gcc/arm-none-eabi/10.3.1/../../../../arm-none-eabi/lib/thumb/v7e-m+fp/softfp\libc.a(lib_a-reent.o)
 .ARM.attributes
                0x00000a1f       0x32 c:/maximsdk/tools/gnutools/10.3/bin/../lib/gcc/arm-none-eabi/10.3.1/../../../../arm-none-eabi/lib/thumb/v7e-m+fp/softfp\libc.a(lib_a-s_frexp.o)
 .ARM.attributes
                0x00000a51       0x32 c:/maximsdk/tools/gnutools/10.3/bin/../lib/gcc/arm-none-eabi/10.3.1/../../../../arm-none-eabi/lib/thumb/v7e-m+fp/softfp\libc.a(lib_a-stdio.o)
 .ARM.attributes
                0x00000a83       0x32 c:/maximsdk/tools/gnutools/10.3/bin/../lib/gcc/arm-none-eabi/10.3.1/../../../../arm-none-eabi/lib/thumb/v7e-m+fp/softfp\libc.a(lib_a-strncpy.o)
 .ARM.attributes
                0x00000ab5       0x32 c:/maximsdk/tools/gnutools/10.3/bin/../lib/gcc/arm-none-eabi/10.3.1/../../../../arm-none-eabi/lib/thumb/v7e-m+fp/softfp\libc.a(lib_a-vfiprintf.o)
 .ARM.attributes
                0x00000ae7       0x32 c:/maximsdk/tools/gnutools/10.3/bin/../lib/gcc/arm-none-eabi/10.3.1/../../../../arm-none-eabi/lib/thumb/v7e-m+fp/softfp\libc.a(lib_a-writer.o)
 .ARM.attributes
                0x00000b19       0x32 c:/maximsdk/tools/gnutools/10.3/bin/../lib/gcc/arm-none-eabi/10.3.1/../../../../arm-none-eabi/lib/thumb/v7e-m+fp/softfp\libc.a(lib_a-__atexit.o)
 .ARM.attributes
                0x00000b4b       0x32 c:/maximsdk/tools/gnutools/10.3/bin/../lib/gcc/arm-none-eabi/10.3.1/../../../../arm-none-eabi/lib/thumb/v7e-m+fp/softfp\libc.a(lib_a-assert.o)
 .ARM.attributes
                0x00000b7d       0x32 c:/maximsdk/tools/gnutools/10.3/bin/../lib/gcc/arm-none-eabi/10.3.1/../../../../arm-none-eabi/lib/thumb/v7e-m+fp/softfp\libc.a(lib_a-callocr.o)
 .ARM.attributes
                0x00000baf       0x32 c:/maximsdk/tools/gnutools/10.3/bin/../lib/gcc/arm-none-eabi/10.3.1/../../../../arm-none-eabi/lib/thumb/v7e-m+fp/softfp\libc.a(lib_a-closer.o)
 .ARM.attributes
                0x00000be1       0x32 c:/maximsdk/tools/gnutools/10.3/bin/../lib/gcc/arm-none-eabi/10.3.1/../../../../arm-none-eabi/lib/thumb/v7e-m+fp/softfp\libc.a(lib_a-fclose.o)
 .ARM.attributes
                0x00000c13       0x32 c:/maximsdk/tools/gnutools/10.3/bin/../lib/gcc/arm-none-eabi/10.3.1/../../../../arm-none-eabi/lib/thumb/v7e-m+fp/softfp\libc.a(lib_a-fiprintf.o)
 .ARM.attributes
                0x00000c45       0x32 c:/maximsdk/tools/gnutools/10.3/bin/../lib/gcc/arm-none-eabi/10.3.1/../../../../arm-none-eabi/lib/thumb/v7e-m+fp/softfp\libc.a(lib_a-fputwc.o)
 .ARM.attributes
                0x00000c77       0x32 c:/maximsdk/tools/gnutools/10.3/bin/../lib/gcc/arm-none-eabi/10.3.1/../../../../arm-none-eabi/lib/thumb/v7e-m+fp/softfp\libc.a(lib_a-fstatr.o)
 .ARM.attributes
                0x00000ca9       0x32 c:/maximsdk/tools/gnutools/10.3/bin/../lib/gcc/arm-none-eabi/10.3.1/../../../../arm-none-eabi/lib/thumb/v7e-m+fp/softfp\libc.a(lib_a-isattyr.o)
 .ARM.attributes
                0x00000cdb       0x32 c:/maximsdk/tools/gnutools/10.3/bin/../lib/gcc/arm-none-eabi/10.3.1/../../../../arm-none-eabi/lib/thumb/v7e-m+fp/softfp\libc.a(lib_a-locale.o)
 .ARM.attributes
                0x00000d0d       0x32 c:/maximsdk/tools/gnutools/10.3/bin/../lib/gcc/arm-none-eabi/10.3.1/../../../../arm-none-eabi/lib/thumb/v7e-m+fp/softfp\libc.a(lib_a-lseekr.o)
 .ARM.attributes
                0x00000d3f       0x32 c:/maximsdk/tools/gnutools/10.3/bin/../lib/gcc/arm-none-eabi/10.3.1/../../../../arm-none-eabi/lib/thumb/v7e-m+fp/softfp\libc.a(lib_a-mbtowc_r.o)
 .ARM.attributes
                0x00000d71       0x32 c:/maximsdk/tools/gnutools/10.3/bin/../lib/gcc/arm-none-eabi/10.3.1/../../../../arm-none-eabi/lib/thumb/v7e-m+fp/softfp\libc.a(lib_a-readr.o)
 .ARM.attributes
                0x00000da3       0x32 c:/maximsdk/tools/gnutools/10.3/bin/../lib/gcc/arm-none-eabi/10.3.1/../../../../arm-none-eabi/lib/thumb/v7e-m+fp/softfp\libc.a(lib_a-wbuf.o)
 .ARM.attributes
                0x00000dd5       0x32 c:/maximsdk/tools/gnutools/10.3/bin/../lib/gcc/arm-none-eabi/10.3.1/../../../../arm-none-eabi/lib/thumb/v7e-m+fp/softfp\libc.a(lib_a-wcrtomb.o)
 .ARM.attributes
                0x00000e07       0x32 c:/maximsdk/tools/gnutools/10.3/bin/../lib/gcc/arm-none-eabi/10.3.1/../../../../arm-none-eabi/lib/thumb/v7e-m+fp/softfp\libc.a(lib_a-wctomb_r.o)
 .ARM.attributes
                0x00000e39       0x32 c:/maximsdk/tools/gnutools/10.3/bin/../lib/gcc/arm-none-eabi/10.3.1/../../../../arm-none-eabi/lib/thumb/v7e-m+fp/softfp\libc.a(lib_a-abort.o)
 .ARM.attributes
                0x00000e6b       0x32 c:/maximsdk/tools/gnutools/10.3/bin/../lib/gcc/arm-none-eabi/10.3.1/../../../../arm-none-eabi/lib/thumb/v7e-m+fp/softfp\libc.a(lib_a-ctype_.o)
 .ARM.attributes
                0x00000e9d       0x32 c:/maximsdk/tools/gnutools/10.3/bin/../lib/gcc/arm-none-eabi/10.3.1/../../../../arm-none-eabi/lib/thumb/v7e-m+fp/softfp\libc.a(lib_a-signal.o)
 .ARM.attributes
                0x00000ecf       0x32 c:/maximsdk/tools/gnutools/10.3/bin/../lib/gcc/arm-none-eabi/10.3.1/../../../../arm-none-eabi/lib/thumb/v7e-m+fp/softfp\libc.a(lib_a-signalr.o)
 .ARM.attributes
                0x00000f01       0x32 c:/maximsdk/tools/gnutools/10.3/bin/../lib/gcc/arm-none-eabi/10.3.1/../../../../arm-none-eabi/lib/thumb/v7e-m+fp/softfp\libnosys.a(_exit.o)
 .ARM.attributes
                0x00000f33       0x1e c:/maximsdk/tools/gnutools/10.3/bin/../lib/gcc/arm-none-eabi/10.3.1/thumb/v7e-m+fp/softfp\libgcc.a(_arm_addsubdf3.o)
 .ARM.attributes
                0x00000f51       0x1e c:/maximsdk/tools/gnutools/10.3/bin/../lib/gcc/arm-none-eabi/10.3.1/thumb/v7e-m+fp/softfp\libgcc.a(_arm_muldivdf3.o)
 .ARM.attributes
                0x00000f6f       0x1e c:/maximsdk/tools/gnutools/10.3/bin/../lib/gcc/arm-none-eabi/10.3.1/thumb/v7e-m+fp/softfp\libgcc.a(_arm_cmpdf2.o)
 .ARM.attributes
                0x00000f8d       0x1e c:/maximsdk/tools/gnutools/10.3/bin/../lib/gcc/arm-none-eabi/10.3.1/thumb/v7e-m+fp/softfp\libgcc.a(_arm_unorddf2.o)
 .ARM.attributes
                0x00000fab       0x1e c:/maximsdk/tools/gnutools/10.3/bin/../lib/gcc/arm-none-eabi/10.3.1/thumb/v7e-m+fp/softfp\libgcc.a(_arm_fixdfsi.o)
 .ARM.attributes
                0x00000fc9       0x1e c:/maximsdk/tools/gnutools/10.3/bin/../lib/gcc/arm-none-eabi/10.3.1/thumb/v7e-m+fp/softfp\libgcc.a(_aeabi_uldivmod.o)
 .ARM.attributes
                0x00000fe7       0x32 c:/maximsdk/tools/gnutools/10.3/bin/../lib/gcc/arm-none-eabi/10.3.1/thumb/v7e-m+fp/softfp\libgcc.a(_udivmoddi4.o)
 .ARM.attributes
                0x00001019       0x1e c:/maximsdk/tools/gnutools/10.3/bin/../lib/gcc/arm-none-eabi/10.3.1/thumb/v7e-m+fp/softfp\libgcc.a(_dvmd_tls.o)
 .ARM.attributes
                0x00001037       0x32 c:/maximsdk/tools/gnutools/10.3/bin/../lib/gcc/arm-none-eabi/10.3.1/thumb/v7e-m+fp/softfp/crtend.o
 .ARM.attributes
                0x00001069       0x1e c:/maximsdk/tools/gnutools/10.3/bin/../lib/gcc/arm-none-eabi/10.3.1/thumb/v7e-m+fp/softfp/crtn.o

.comment        0x00000000       0x49
 .comment       0x00000000       0x49 c:/Users/thady/OneDrive/Desktop/4th_Year_1st_Sem/187.1/Led_Sequence/GPIO1/build/main.o
                                 0x4a (size before relaxing)
 .comment       0x00000049       0x4a c:/Users/thady/OneDrive/Desktop/4th_Year_1st_Sem/187.1/Led_Sequence/GPIO1/build/board.o
 .comment       0x00000049       0x4a c:/Users/thady/OneDrive/Desktop/4th_Year_1st_Sem/187.1/Led_Sequence/GPIO1/build/stdio.o
 .comment       0x00000049       0x4a c:/Users/thady/OneDrive/Desktop/4th_Year_1st_Sem/187.1/Led_Sequence/GPIO1/build/led.o
 .comment       0x00000049       0x4a c:/Users/thady/OneDrive/Desktop/4th_Year_1st_Sem/187.1/Led_Sequence/GPIO1/build/pb.o
 .comment       0x00000049       0x4a c:/Users/thady/OneDrive/Desktop/4th_Year_1st_Sem/187.1/Led_Sequence/GPIO1/build/tft_ssd2119.o
 .comment       0x00000049       0x4a c:/Users/thady/OneDrive/Desktop/4th_Year_1st_Sem/187.1/Led_Sequence/GPIO1/build/tsc2046.o
 .comment       0x00000049       0x4a c:/Users/thady/OneDrive/Desktop/4th_Year_1st_Sem/187.1/Led_Sequence/GPIO1/build/heap.o
 .comment       0x00000049       0x4a c:/Users/thady/OneDrive/Desktop/4th_Year_1st_Sem/187.1/Led_Sequence/GPIO1/build/system_max78000.o
 .comment       0x00000049       0x4a C:/MaximSDK/Libraries/PeriphDrivers/bin/MAX78000/spi-v1_softfp/libPeriphDriver_spi-v1_softfp.a(mxc_delay.o)
 .comment       0x00000049       0x4a C:/MaximSDK/Libraries/PeriphDrivers/bin/MAX78000/spi-v1_softfp/libPeriphDriver_spi-v1_softfp.a(pins_ai85.o)
 .comment       0x00000049       0x4a C:/MaximSDK/Libraries/PeriphDrivers/bin/MAX78000/spi-v1_softfp/libPeriphDriver_spi-v1_softfp.a(sys_ai85.o)
 .comment       0x00000049       0x4a C:/MaximSDK/Libraries/PeriphDrivers/bin/MAX78000/spi-v1_softfp/libPeriphDriver_spi-v1_softfp.a(gpio_ai85.o)
 .comment       0x00000049       0x4a C:/MaximSDK/Libraries/PeriphDrivers/bin/MAX78000/spi-v1_softfp/libPeriphDriver_spi-v1_softfp.a(gpio_reva.o)
 .comment       0x00000049       0x4a C:/MaximSDK/Libraries/PeriphDrivers/bin/MAX78000/spi-v1_softfp/libPeriphDriver_spi-v1_softfp.a(icc_me17.o)